Archive member included because of file (symbol)

c:/program files/winavr-20090313/bin/../lib/gcc/avr/4.3.2/avr5\libgcc.a(_mulsi3.o)
                              ./Core/HardwareSerial.o (__mulsi3)
c:/program files/winavr-20090313/bin/../lib/gcc/avr/4.3.2/avr5\libgcc.a(_divmodhi4.o)
                              ./Core/HardwareSerial.o (__divmodhi4)
c:/program files/winavr-20090313/bin/../lib/gcc/avr/4.3.2/avr5\libgcc.a(_udivmodsi4.o)
                              ./Core/HardwareSerial.o (__udivmodsi4)
c:/program files/winavr-20090313/bin/../lib/gcc/avr/4.3.2/avr5\libgcc.a(_divmodsi4.o)
                              ./Core/WMath.o (__divmodsi4)
c:/program files/winavr-20090313/bin/../lib/gcc/avr/4.3.2/avr5\libgcc.a(_exit.o)
                              c:/program files/winavr-20090313/bin/../lib/gcc/avr/4.3.2/../../../../avr/lib/avr5/crtm328p.o (exit)
c:/program files/winavr-20090313/bin/../lib/gcc/avr/4.3.2/avr5\libgcc.a(_copy_data.o)
                              ./main.o (__do_copy_data)
c:/program files/winavr-20090313/bin/../lib/gcc/avr/4.3.2/avr5\libgcc.a(_clear_bss.o)
                              ./Spi/Spi.o (__do_clear_bss)
c:/program files/winavr-20090313/bin/../lib/gcc/avr/4.3.2/avr5\libgcc.a(_ctors.o)
                              ./Spi/Spi.o (__do_global_ctors)
c:/program files/winavr-20090313/bin/../lib/gcc/avr/4.3.2/avr5\libgcc.a(_fixunssfsi.o)
                              ./Core/Print.o (__fixunssfsi)
c:/program files/winavr-20090313/bin/../lib/gcc/avr/4.3.2/avr5\libgcc.a(_addsub_sf.o)
                              ./Core/Print.o (__subsf3)
c:/program files/winavr-20090313/bin/../lib/gcc/avr/4.3.2/avr5\libgcc.a(_mul_sf.o)
                              ./Core/Print.o (__mulsf3)
c:/program files/winavr-20090313/bin/../lib/gcc/avr/4.3.2/avr5\libgcc.a(_div_sf.o)
                              ./Core/Print.o (__divsf3)
c:/program files/winavr-20090313/bin/../lib/gcc/avr/4.3.2/avr5\libgcc.a(_ge_sf.o)
                              c:/program files/winavr-20090313/bin/../lib/gcc/avr/4.3.2/avr5\libgcc.a(_fixunssfsi.o) (__gesf2)
c:/program files/winavr-20090313/bin/../lib/gcc/avr/4.3.2/avr5\libgcc.a(_lt_sf.o)
                              ./Core/Print.o (__ltsf2)
c:/program files/winavr-20090313/bin/../lib/gcc/avr/4.3.2/avr5\libgcc.a(_si_to_sf.o)
                              ./Core/Print.o (__floatsisf)
c:/program files/winavr-20090313/bin/../lib/gcc/avr/4.3.2/avr5\libgcc.a(_sf_to_si.o)
                              ./Core/Print.o (__fixsfsi)
c:/program files/winavr-20090313/bin/../lib/gcc/avr/4.3.2/avr5\libgcc.a(_thenan_sf.o)
                              c:/program files/winavr-20090313/bin/../lib/gcc/avr/4.3.2/avr5\libgcc.a(_addsub_sf.o) (__thenan_sf)
c:/program files/winavr-20090313/bin/../lib/gcc/avr/4.3.2/avr5\libgcc.a(_usi_to_sf.o)
                              ./Core/Print.o (__floatunsisf)
c:/program files/winavr-20090313/bin/../lib/gcc/avr/4.3.2/avr5\libgcc.a(_udivmodhi4.o)
                              c:/program files/winavr-20090313/bin/../lib/gcc/avr/4.3.2/avr5\libgcc.a(_divmodhi4.o) (__udivmodhi4)
c:/program files/winavr-20090313/bin/../lib/gcc/avr/4.3.2/avr5\libgcc.a(_prologue.o)
                              c:/program files/winavr-20090313/bin/../lib/gcc/avr/4.3.2/avr5\libgcc.a(_addsub_sf.o) (__prologue_saves__)
c:/program files/winavr-20090313/bin/../lib/gcc/avr/4.3.2/avr5\libgcc.a(_epilogue.o)
                              c:/program files/winavr-20090313/bin/../lib/gcc/avr/4.3.2/avr5\libgcc.a(_addsub_sf.o) (__epilogue_restores__)
c:/program files/winavr-20090313/bin/../lib/gcc/avr/4.3.2/avr5\libgcc.a(_tablejump.o)
                              c:/program files/winavr-20090313/bin/../lib/gcc/avr/4.3.2/avr5\libgcc.a(_ctors.o) (__tablejump__)
c:/program files/winavr-20090313/bin/../lib/gcc/avr/4.3.2/avr5\libgcc.a(_clzsi2.o)
                              c:/program files/winavr-20090313/bin/../lib/gcc/avr/4.3.2/avr5\libgcc.a(_si_to_sf.o) (__clzsi2)
c:/program files/winavr-20090313/bin/../lib/gcc/avr/4.3.2/avr5\libgcc.a(_pack_sf.o)
                              c:/program files/winavr-20090313/bin/../lib/gcc/avr/4.3.2/avr5\libgcc.a(_addsub_sf.o) (__pack_f)
c:/program files/winavr-20090313/bin/../lib/gcc/avr/4.3.2/avr5\libgcc.a(_unpack_sf.o)
                              c:/program files/winavr-20090313/bin/../lib/gcc/avr/4.3.2/avr5\libgcc.a(_addsub_sf.o) (__unpack_f)
c:/program files/winavr-20090313/bin/../lib/gcc/avr/4.3.2/avr5\libgcc.a(_fpcmp_parts_sf.o)
                              c:/program files/winavr-20090313/bin/../lib/gcc/avr/4.3.2/avr5\libgcc.a(_ge_sf.o) (__fpcmp_parts_f)
c:/program files/winavr-20090313/bin/../lib/gcc/avr/4.3.2/avr5\libgcc.a(_clz.o)
                              c:/program files/winavr-20090313/bin/../lib/gcc/avr/4.3.2/avr5\libgcc.a(_clzsi2.o) (__clz_tab)
c:/program files/winavr-20090313/bin/../lib/gcc/avr/4.3.2/../../../../avr/lib/avr5\libc.a(malloc.o)
                              ./Core/WString.o (malloc)
c:/program files/winavr-20090313/bin/../lib/gcc/avr/4.3.2/../../../../avr/lib/avr5\libc.a(random.o)
                              ./Core/WMath.o (random)
c:/program files/winavr-20090313/bin/../lib/gcc/avr/4.3.2/../../../../avr/lib/avr5\libc.a(isspace.o)
                              ./Core/WString.o (isspace)
c:/program files/winavr-20090313/bin/../lib/gcc/avr/4.3.2/../../../../avr/lib/avr5\libc.a(tolower.o)
                              ./Core/WString.o (tolower)
c:/program files/winavr-20090313/bin/../lib/gcc/avr/4.3.2/../../../../avr/lib/avr5\libc.a(toupper.o)
                              ./Core/WString.o (toupper)
c:/program files/winavr-20090313/bin/../lib/gcc/avr/4.3.2/../../../../avr/lib/avr5\libc.a(strcat.o)
                              ./Core/WString.o (strcat)
c:/program files/winavr-20090313/bin/../lib/gcc/avr/4.3.2/../../../../avr/lib/avr5\libc.a(strchr.o)
                              ./Core/WString.o (strchr)
c:/program files/winavr-20090313/bin/../lib/gcc/avr/4.3.2/../../../../avr/lib/avr5\libc.a(strcmp.o)
                              ./Core/WString.o (strcmp)
c:/program files/winavr-20090313/bin/../lib/gcc/avr/4.3.2/../../../../avr/lib/avr5\libc.a(strcpy.o)
                              ./Core/WString.o (strcpy)
c:/program files/winavr-20090313/bin/../lib/gcc/avr/4.3.2/../../../../avr/lib/avr5\libc.a(strncmp.o)
                              ./Core/WString.o (strncmp)
c:/program files/winavr-20090313/bin/../lib/gcc/avr/4.3.2/../../../../avr/lib/avr5\libc.a(strncpy.o)
                              ./Core/WString.o (strncpy)
c:/program files/winavr-20090313/bin/../lib/gcc/avr/4.3.2/../../../../avr/lib/avr5\libc.a(strrchr.o)
                              ./Core/WString.o (strrchr)
c:/program files/winavr-20090313/bin/../lib/gcc/avr/4.3.2/../../../../avr/lib/avr5\libc.a(strstr.o)
                              ./Core/WString.o (strstr)
c:/program files/winavr-20090313/bin/../lib/gcc/avr/4.3.2/../../../../avr/lib/avr5\libc.a(itoa.o)
                              ./Core/WString.o (itoa)
c:/program files/winavr-20090313/bin/../lib/gcc/avr/4.3.2/../../../../avr/lib/avr5\libc.a(ltoa.o)
                              ./Core/WString.o (ltoa)
c:/program files/winavr-20090313/bin/../lib/gcc/avr/4.3.2/../../../../avr/lib/avr5\libc.a(ultoa.o)
                              ./Core/WString.o (ultoa)
c:/program files/winavr-20090313/bin/../lib/gcc/avr/4.3.2/../../../../avr/lib/avr5\libc.a(cty_isfalse.o)
                              c:/program files/winavr-20090313/bin/../lib/gcc/avr/4.3.2/../../../../avr/lib/avr5\libc.a(isspace.o) (__ctype_isfalse)
c:/program files/winavr-20090313/bin/../lib/gcc/avr/4.3.2/../../../../avr/lib/avr5\libc.a(strrev.o)
                              c:/program files/winavr-20090313/bin/../lib/gcc/avr/4.3.2/../../../../avr/lib/avr5\libc.a(itoa.o) (strrev)

Allocating common symbols
Common symbol       size              file

__brkval            0x2               c:/program files/winavr-20090313/bin/../lib/gcc/avr/4.3.2/../../../../avr/lib/avr5\libc.a(malloc.o)
__flp               0x2               c:/program files/winavr-20090313/bin/../lib/gcc/avr/4.3.2/../../../../avr/lib/avr5\libc.a(malloc.o)

Memory Configuration

Name             Origin             Length             Attributes
text             0x00000000         0x00020000         xr
data             0x00800060         0x0000ffa0         rw !x
eeprom           0x00810000         0x00010000         rw !x
fuse             0x00820000         0x00000400         rw !x
lock             0x00830000         0x00000400         rw !x
signature        0x00840000         0x00000400         rw !x
*default*        0x00000000         0xffffffff

Linker script and memory map

Address of section .data set to 0x800100
LOAD c:/program files/winavr-20090313/bin/../lib/gcc/avr/4.3.2/../../../../avr/lib/avr5/crtm328p.o
LOAD ./main.o
LOAD ./Spi/Spi.o
LOAD ./Mirf/Mirf.o
LOAD ./Core/HardwareSerial.o
LOAD ./Core/Print.o
LOAD ./Core/Tone.o
LOAD ./Core/WInterrupts.o
LOAD ./Core/WMath.o
LOAD ./Core/WString.o
LOAD ./Core/pins_arduino.o
LOAD ./Core/wiring.o
LOAD ./Core/wiring_analog.o
LOAD ./Core/wiring_digital.o
LOAD ./Core/wiring_pulse.o
LOAD ./Core/wiring_shift.o
LOAD c:/program files/winavr-20090313/bin/../lib/gcc/avr/4.3.2/avr5\libgcc.a
LOAD c:/program files/winavr-20090313/bin/../lib/gcc/avr/4.3.2/../../../../avr/lib/avr5\libm.a
LOAD c:/program files/winavr-20090313/bin/../lib/gcc/avr/4.3.2/avr5\libgcc.a
LOAD c:/program files/winavr-20090313/bin/../lib/gcc/avr/4.3.2/../../../../avr/lib/avr5\libc.a
LOAD c:/program files/winavr-20090313/bin/../lib/gcc/avr/4.3.2/avr5\libgcc.a

.hash
 *(.hash)

.dynsym
 *(.dynsym)

.dynstr
 *(.dynstr)

.gnu.version
 *(.gnu.version)

.gnu.version_d
 *(.gnu.version_d)

.gnu.version_r
 *(.gnu.version_r)

.rel.init
 *(.rel.init)

.rela.init
 *(.rela.init)

.rel.text
 *(.rel.text)
 *(.rel.text.*)
 *(.rel.gnu.linkonce.t*)

.rela.text
 *(.rela.text)
 *(.rela.text.*)
 *(.rela.gnu.linkonce.t*)

.rel.fini
 *(.rel.fini)

.rela.fini
 *(.rela.fini)

.rel.rodata
 *(.rel.rodata)
 *(.rel.rodata.*)
 *(.rel.gnu.linkonce.r*)

.rela.rodata
 *(.rela.rodata)
 *(.rela.rodata.*)
 *(.rela.gnu.linkonce.r*)

.rel.data
 *(.rel.data)
 *(.rel.data.*)
 *(.rel.gnu.linkonce.d*)

.rela.data
 *(.rela.data)
 *(.rela.data.*)
 *(.rela.gnu.linkonce.d*)

.rel.ctors
 *(.rel.ctors)

.rela.ctors
 *(.rela.ctors)

.rel.dtors
 *(.rel.dtors)

.rela.dtors
 *(.rela.dtors)

.rel.got
 *(.rel.got)

.rela.got
 *(.rela.got)

.rel.bss
 *(.rel.bss)

.rela.bss
 *(.rela.bss)

.rel.plt
 *(.rel.plt)

.rela.plt
 *(.rela.plt)

.text           0x00000000     0x4528
 *(.vectors)
 .vectors       0x00000000       0x68 c:/program files/winavr-20090313/bin/../lib/gcc/avr/4.3.2/../../../../avr/lib/avr5/crtm328p.o
                0x00000000                __vectors
                0x00000000                __vector_default
 *(.vectors)
 *(.progmem.gcc*)
 *(.progmem*)
 .progmem.data  0x00000068        0x1 ./Core/Tone.o
 .progmem.data  0x00000069       0x5a ./Core/pins_arduino.o
                0x00000069                port_to_mode_PGM
                0x00000087                digital_pin_to_port_PGM
                0x0000009b                digital_pin_to_bit_mask_PGM
                0x00000073                port_to_output_PGM
                0x0000007d                port_to_input_PGM
                0x000000af                digital_pin_to_timer_PGM
                0x000000c4                . = ALIGN (0x2)
 *fill*         0x000000c3        0x1 00
                0x000000c4                __trampolines_start = .
 *(.trampolines)
 .trampolines   0x000000c4        0x0 linker stubs
 *(.trampolines*)
                0x000000c4                __trampolines_end = .
 *(.jumptables)
 *(.jumptables*)
 *(.lowtext)
 *(.lowtext*)
                0x000000c4                __ctors_start = .
 *(.ctors)
 .ctors         0x000000c4        0x2 ./Spi/Spi.o
 .ctors         0x000000c6        0x2 ./Mirf/Mirf.o
 .ctors         0x000000c8        0x2 ./Core/HardwareSerial.o
                0x000000ca                __ctors_end = .
                0x000000ca                __dtors_start = .
 *(.dtors)
                0x000000ca                __dtors_end = .
 SORT(*)(.ctors)
 SORT(*)(.dtors)
 *(.init0)
 .init0         0x000000ca        0x0 c:/program files/winavr-20090313/bin/../lib/gcc/avr/4.3.2/../../../../avr/lib/avr5/crtm328p.o
                0x000000ca                __init
 *(.init0)
 *(.init1)
 *(.init1)
 *(.init2)
 .init2         0x000000ca        0xc c:/program files/winavr-20090313/bin/../lib/gcc/avr/4.3.2/../../../../avr/lib/avr5/crtm328p.o
 *(.init2)
 *(.init3)
 *(.init3)
 *(.init4)
 .init4         0x000000d6       0x16 c:/program files/winavr-20090313/bin/../lib/gcc/avr/4.3.2/avr5\libgcc.a(_copy_data.o)
                0x000000d6                __do_copy_data
 .init4         0x000000ec       0x10 c:/program files/winavr-20090313/bin/../lib/gcc/avr/4.3.2/avr5\libgcc.a(_clear_bss.o)
                0x000000ec                __do_clear_bss
 *(.init4)
 *(.init5)
 *(.init5)
 *(.init6)
 .init6         0x000000fc       0x16 c:/program files/winavr-20090313/bin/../lib/gcc/avr/4.3.2/avr5\libgcc.a(_ctors.o)
                0x000000fc                __do_global_ctors
 *(.init6)
 *(.init7)
 *(.init7)
 *(.init8)
 *(.init8)
 *(.init9)
 .init9         0x00000112        0x8 c:/program files/winavr-20090313/bin/../lib/gcc/avr/4.3.2/../../../../avr/lib/avr5/crtm328p.o
 *(.init9)
 *(.text)
 .text          0x0000011a        0x4 c:/program files/winavr-20090313/bin/../lib/gcc/avr/4.3.2/../../../../avr/lib/avr5/crtm328p.o
                0x0000011a                __vector_22
                0x0000011a                __vector_24
                0x0000011a                __vector_12
                0x0000011a                __bad_interrupt
                0x0000011a                __vector_6
                0x0000011a                __vector_3
                0x0000011a                __vector_23
                0x0000011a                __vector_25
                0x0000011a                __vector_11
                0x0000011a                __vector_13
                0x0000011a                __vector_17
                0x0000011a                __vector_19
                0x0000011a                __vector_5
                0x0000011a                __vector_4
                0x0000011a                __vector_9
                0x0000011a                __vector_21
                0x0000011a                __vector_15
                0x0000011a                __vector_8
                0x0000011a                __vector_14
                0x0000011a                __vector_10
                0x0000011a                __vector_20
 .text          0x0000011e      0x130 ./main.o
                0x00000122                loop
                0x0000011e                __cxa_pure_virtual
                0x00000240                main
                0x000001e2                setup
 .text          0x0000024e       0x94 ./Spi/Spi.o
                0x00000280                SPI::SPI()
                0x0000024e                SPI::mode(unsigned char)
                0x000002b6                SPI::SPI()
                0x0000025c                SPI::transfer(unsigned char)
                0x00000268                SPI::transfer(unsigned char, unsigned char)
 .text          0x000002e2      0x4e8 ./Mirf/Mirf.o
                0x00000392                Nrf24l::configRegister(unsigned char, unsigned char)
                0x000005ba                Nrf24l::transferSync(unsigned char*, unsigned char*, unsigned char)
                0x000004e6                Nrf24l::transmitSync(unsigned char*, unsigned char)
                0x0000060c                Nrf24l::readRegister(unsigned char, unsigned char*, unsigned char)
                0x00000654                Nrf24l::getStatus()
                0x00000364                Nrf24l::ceHi()
                0x00000358                Nrf24l::ceLow()
                0x0000058e                Nrf24l::setRADDR(unsigned char*)
                0x0000074e                Nrf24l::getData(unsigned char*)
                0x00000562                Nrf24l::setTADDR(unsigned char*)
                0x000003ee                Nrf24l::powerUpTx()
                0x000003d4                Nrf24l::powerDown()
                0x000006d6                Nrf24l::send(unsigned char*)
                0x00000472                Nrf24l::powerUpRx()
                0x000002e2                Nrf24l::Nrf24l()
                0x0000051c                Nrf24l::writeRegister(unsigned char, unsigned char*, unsigned char)
                0x00000792                Nrf24l::init()
                0x0000069e                Nrf24l::dataReady()
                0x000006b2                Nrf24l::rxFifoEmpty()
                0x00000676                Nrf24l::isSending()
                0x00000340                Nrf24l::csnLow()
                0x00000400                Nrf24l::transmitSyncByte(unsigned char, unsigned char)
                0x000002fe                Nrf24l::Nrf24l()
                0x0000034c                Nrf24l::csnHi()
                0x00000430                Nrf24l::writeRegisterByte(unsigned char, unsigned char, unsigned char)
                0x00000370                Nrf24l::flushRx()
                0x000004ac                Nrf24l::config()
 .text          0x000007ca      0x4ce ./Core/HardwareSerial.o
                0x00000b62                HardwareSerial::peek()
                0x00000b3a                HardwareSerial::available()
                0x00000bfe                HardwareSerial::write(unsigned char)
                0x00000904                HardwareSerial::begin(long)
                0x00000be6                HardwareSerial::flush()
                0x00000ae6                HardwareSerial::end()
                0x000008a4                HardwareSerial::HardwareSerial(ring_buffer*, unsigned char volatile*, unsigned char volatile*, unsigned char volatile*, unsigned char volatile*, unsigned char volatile*, unsigned char, unsigned char, unsigned char, unsigned char, unsigned char)
                0x00000844                HardwareSerial::HardwareSerial(ring_buffer*, unsigned char volatile*, unsigned char volatile*, unsigned char volatile*, unsigned char volatile*, unsigned char volatile*, unsigned char, unsigned char, unsigned char, unsigned char, unsigned char)
                0x00000b96                HardwareSerial::read()
                0x000007ca                __vector_18
 .text          0x00000c98      0x5a6 ./Core/Print.o
                0x00001074                Print::println(String const&)
                0x00000ff8                Print::println(unsigned int, int)
                0x00000fb4                Print::println()
                0x000010a0                Print::println(int, int)
                0x00000d6a                Print::printNumber(unsigned long, unsigned char)
                0x00000cc8                Print::write(unsigned char const*, unsigned int)
                0x00001222                Print::print(double, int)
                0x00000f90                Print::print(char, int)
                0x00000c98                Print::write(char const*)
                0x0000110a                Print::printFloat(double, unsigned char)
                0x00000f6a                Print::print(int, int)
                0x00000eda                Print::print(unsigned char, int)
                0x0000105e                Print::println(char const*)
                0x0000102a                Print::println(unsigned char, int)
                0x000010d6                Print::println(char, int)
                0x00000eb8                Print::print(unsigned int, int)
                0x00000d06                Print::print(char const*)
                0x00000e9a                Print::print(unsigned long, int)
                0x0000108a                Print::println(long, int)
                0x00001228                Print::println(double, int)
                0x00000efe                Print::print(long, int)
                0x00000fe2                Print::println(unsigned long, int)
                0x00000d16                Print::print(String const&)
 .text          0x0000123e      0x564 ./Core/Tone.o
                0x0000134a                noTone(unsigned char)
                0x00001378                tone(unsigned char, unsigned int, unsigned long)
                0x0000123e                disableTimer(unsigned char)
                0x00001280                __vector_7
 .text          0x000017a2        0x0 ./Core/WInterrupts.o
 .text          0x000017a2      0x132 ./Core/WMath.o
                0x00001836                makeWord(unsigned char, unsigned char)
                0x00001888                random(long, long)
                0x000018c4                randomSeed(unsigned int)
                0x000017a2                map(long, long, long, long, long)
                0x00001834                makeWord(unsigned int)
                0x00001844                random(long)
 .text          0x000018d4     0x100a ./Core/WString.o
                0x000018e4                String::setCharAt(unsigned int, char)
                0x00001ce6                String::operator+=(String const&)
                0x00002404                String::lastIndexOf(String const&) const
                0x000019e8                String::startsWith(String const&, unsigned int) const
                0x00001bb8                String::operator>=(String const&) const
                0x00002322                String::substring(unsigned int) const
                0x00001ef4                String::String(unsigned long, int)
                0x000022b4                String::substring(unsigned int, unsigned int) const
                0x00001940                String::toCharArray(char*, unsigned int)
                0x00001906                String::operator[](unsigned int)
                0x000021aa                String::toLowerCase() const
                0x00001e88                String::String(String const&)
                0x00001ac4                String::indexOf(String const&, unsigned int) const
                0x00001930                String::operator[](unsigned int) const
                0x00002138                String::toUpperCase() const
                0x00001e54                String::String(char)
                0x00001c48                String::operator!=(String const&) const
                0x00001d52                String::concat(String const&)
                0x000018d4                String::charAt(unsigned int) const
                0x00001a24                String::startsWith(String const&) const
                0x00001c78                String::operator==(String const&) const
                0x0000262c                String::replace(char, char)
                0x000019c8                String::~String()
                0x00001ebe                String::String(String const&)
                0x00001b42                String::indexOf(char) const
                0x00001d58                String::operator=(String const&)
                0x000026fa                String::String(long, int)
                0x0000206c                String::String(unsigned int, int)
                0x00001db8                String::String(unsigned char)
                0x00001cbe                String::getBuffer(unsigned int)
                0x00001b7e                String::endsWith(String const&) const
                0x00002420                String::trim() const
                0x000027ee                String::String(int, int)
                0x0000233a                String::lastIndexOf(String const&, unsigned int) const
                0x000020e8                String::String(char const*)
                0x00001cac                String::compareTo(String const&) const
                0x00001a4a                String::lastIndexOf(char, unsigned int) const
                0x00001b00                String::indexOf(String const&) const
                0x00001b4c                String::equals(String const&) const
                0x00001c24                String::operator<(String const&) const
                0x00001be0                String::operator<=(String const&) const
                0x00001dec                String::String(unsigned char)
                0x000026aa                String::String(char const*)
                0x00001ff0                String::String(unsigned int, int)
                0x00002866                String::String(int, int)
                0x0000221c                String::equalsIgnoreCase(String const&) const
                0x00001ab4                String::lastIndexOf(char) const
                0x00002774                String::String(long, int)
                0x00001f72                String::String(unsigned long, int)
                0x00001e20                String::String(char)
                0x00001b0a                String::indexOf(char, unsigned int) const
                0x00001984                String::getBytes(unsigned char*, unsigned int)
                0x000024f6                String::replace(String const&, String const&)
                0x00001c02                String::operator>(String const&) const
 .text          0x000028de        0x0 ./Core/pins_arduino.o
 .text          0x000028de        0x0 ./Core/wiring.o
 .text          0x000028de        0x0 ./Core/wiring_analog.o
 .text          0x000028de        0x0 ./Core/wiring_digital.o
 .text          0x000028de        0x0 ./Core/wiring_pulse.o
 .text          0x000028de        0x0 ./Core/wiring_shift.o
 .text          0x000028de        0x0 c:/program files/winavr-20090313/bin/../lib/gcc/avr/4.3.2/avr5\libgcc.a(_mulsi3.o)
 .text          0x000028de        0x0 c:/program files/winavr-20090313/bin/../lib/gcc/avr/4.3.2/avr5\libgcc.a(_divmodhi4.o)
 .text          0x000028de        0x0 c:/program files/winavr-20090313/bin/../lib/gcc/avr/4.3.2/avr5\libgcc.a(_udivmodsi4.o)
 .text          0x000028de        0x0 c:/program files/winavr-20090313/bin/../lib/gcc/avr/4.3.2/avr5\libgcc.a(_divmodsi4.o)
 .text          0x000028de        0x0 c:/program files/winavr-20090313/bin/../lib/gcc/avr/4.3.2/avr5\libgcc.a(_exit.o)
 .text          0x000028de        0x0 c:/program files/winavr-20090313/bin/../lib/gcc/avr/4.3.2/avr5\libgcc.a(_copy_data.o)
 .text          0x000028de        0x0 c:/program files/winavr-20090313/bin/../lib/gcc/avr/4.3.2/avr5\libgcc.a(_clear_bss.o)
 .text          0x000028de        0x0 c:/program files/winavr-20090313/bin/../lib/gcc/avr/4.3.2/avr5\libgcc.a(_ctors.o)
 .text          0x000028de       0x58 c:/program files/winavr-20090313/bin/../lib/gcc/avr/4.3.2/avr5\libgcc.a(_fixunssfsi.o)
                0x000028de                __fixunssfsi
 .text          0x00002936      0x354 c:/program files/winavr-20090313/bin/../lib/gcc/avr/4.3.2/avr5\libgcc.a(_addsub_sf.o)
                0x00002bce                __subsf3
                0x00002c30                __addsf3
 .text          0x00002c8a      0x1f4 c:/program files/winavr-20090313/bin/../lib/gcc/avr/4.3.2/avr5\libgcc.a(_mul_sf.o)
                0x00002c8a                __mulsf3
 .text          0x00002e7e      0x158 c:/program files/winavr-20090313/bin/../lib/gcc/avr/4.3.2/avr5\libgcc.a(_div_sf.o)
                0x00002e7e                __divsf3
 .text          0x00002fd6       0x60 c:/program files/winavr-20090313/bin/../lib/gcc/avr/4.3.2/avr5\libgcc.a(_ge_sf.o)
                0x00002fd6                __gesf2
 .text          0x00003036       0x60 c:/program files/winavr-20090313/bin/../lib/gcc/avr/4.3.2/avr5\libgcc.a(_lt_sf.o)
                0x00003036                __ltsf2
 .text          0x00003096       0xbc c:/program files/winavr-20090313/bin/../lib/gcc/avr/4.3.2/avr5\libgcc.a(_si_to_sf.o)
                0x00003096                __floatsisf
 .text          0x00003152       0xa8 c:/program files/winavr-20090313/bin/../lib/gcc/avr/4.3.2/avr5\libgcc.a(_sf_to_si.o)
                0x00003152                __fixsfsi
 .text          0x000031fa        0x0 c:/program files/winavr-20090313/bin/../lib/gcc/avr/4.3.2/avr5\libgcc.a(_thenan_sf.o)
 .text          0x000031fa       0xf2 c:/program files/winavr-20090313/bin/../lib/gcc/avr/4.3.2/avr5\libgcc.a(_usi_to_sf.o)
                0x000031fa                __floatunsisf
 .text          0x000032ec        0x0 c:/program files/winavr-20090313/bin/../lib/gcc/avr/4.3.2/avr5\libgcc.a(_udivmodhi4.o)
 .text          0x000032ec        0x0 c:/program files/winavr-20090313/bin/../lib/gcc/avr/4.3.2/avr5\libgcc.a(_prologue.o)
 .text          0x000032ec        0x0 c:/program files/winavr-20090313/bin/../lib/gcc/avr/4.3.2/avr5\libgcc.a(_epilogue.o)
 .text          0x000032ec        0x0 c:/program files/winavr-20090313/bin/../lib/gcc/avr/4.3.2/avr5\libgcc.a(_tablejump.o)
 .text          0x000032ec       0x9e c:/program files/winavr-20090313/bin/../lib/gcc/avr/4.3.2/avr5\libgcc.a(_clzsi2.o)
                0x000032ec                __clzsi2
 .text          0x0000338a      0x1aa c:/program files/winavr-20090313/bin/../lib/gcc/avr/4.3.2/avr5\libgcc.a(_pack_sf.o)
                0x0000338a                __pack_f
 .text          0x00003534       0xf0 c:/program files/winavr-20090313/bin/../lib/gcc/avr/4.3.2/avr5\libgcc.a(_unpack_sf.o)
                0x00003534                __unpack_f
 .text          0x00003624       0xb2 c:/program files/winavr-20090313/bin/../lib/gcc/avr/4.3.2/avr5\libgcc.a(_fpcmp_parts_sf.o)
                0x00003624                __fpcmp_parts_f
 .text          0x000036d6        0x0 c:/program files/winavr-20090313/bin/../lib/gcc/avr/4.3.2/avr5\libgcc.a(_clz.o)
 .text          0x000036d6      0x20a c:/program files/winavr-20090313/bin/../lib/gcc/avr/4.3.2/../../../../avr/lib/avr5\libc.a(malloc.o)
                0x000036d6                malloc
                0x00003830                free
 .text          0x000038e0       0xc2 c:/program files/winavr-20090313/bin/../lib/gcc/avr/4.3.2/../../../../avr/lib/avr5\libc.a(random.o)
                0x00003986                random
                0x00003980                random_r
                0x00003990                srandom
 .text          0x000039a2        0x0 c:/program files/winavr-20090313/bin/../lib/gcc/avr/4.3.2/../../../../avr/lib/avr5\libc.a(isspace.o)
 .text          0x000039a2        0x0 c:/program files/winavr-20090313/bin/../lib/gcc/avr/4.3.2/../../../../avr/lib/avr5\libc.a(tolower.o)
 .text          0x000039a2        0x0 c:/program files/winavr-20090313/bin/../lib/gcc/avr/4.3.2/../../../../avr/lib/avr5\libc.a(toupper.o)
 .text          0x000039a2       0x16 c:/program files/winavr-20090313/bin/../lib/gcc/avr/4.3.2/../../../../avr/lib/avr5\libc.a(strcat.o)
                0x000039a2                strcat
 .text          0x000039b8       0x16 c:/program files/winavr-20090313/bin/../lib/gcc/avr/4.3.2/../../../../avr/lib/avr5\libc.a(strchr.o)
                0x000039b8                strchr
 .text          0x000039ce       0x12 c:/program files/winavr-20090313/bin/../lib/gcc/avr/4.3.2/../../../../avr/lib/avr5\libc.a(strcmp.o)
                0x000039ce                strcmp
 .text          0x000039e0        0xe c:/program files/winavr-20090313/bin/../lib/gcc/avr/4.3.2/../../../../avr/lib/avr5\libc.a(strcpy.o)
                0x000039e0                strcpy
 .text          0x000039ee       0x1c c:/program files/winavr-20090313/bin/../lib/gcc/avr/4.3.2/../../../../avr/lib/avr5\libc.a(strncmp.o)
                0x000039ee                strncmp
 .text          0x00003a0a       0x1e c:/program files/winavr-20090313/bin/../lib/gcc/avr/4.3.2/../../../../avr/lib/avr5\libc.a(strncpy.o)
                0x00003a0a                strncpy
 .text          0x00003a28       0x16 c:/program files/winavr-20090313/bin/../lib/gcc/avr/4.3.2/../../../../avr/lib/avr5\libc.a(strrchr.o)
                0x00003a28                strrchr
 .text          0x00003a3e       0x34 c:/program files/winavr-20090313/bin/../lib/gcc/avr/4.3.2/../../../../avr/lib/avr5\libc.a(strstr.o)
                0x00003a3e                strstr
 .text          0x00003a72       0x42 c:/program files/winavr-20090313/bin/../lib/gcc/avr/4.3.2/../../../../avr/lib/avr5\libc.a(itoa.o)
                0x00003a72                itoa
 .text          0x00003ab4       0x68 c:/program files/winavr-20090313/bin/../lib/gcc/avr/4.3.2/../../../../avr/lib/avr5\libc.a(ltoa.o)
                0x00003ab4                ltoa
 .text          0x00003b1c       0x4a c:/program files/winavr-20090313/bin/../lib/gcc/avr/4.3.2/../../../../avr/lib/avr5\libc.a(ultoa.o)
                0x00003b1c                ultoa
 .text          0x00003b66        0x0 c:/program files/winavr-20090313/bin/../lib/gcc/avr/4.3.2/../../../../avr/lib/avr5\libc.a(cty_isfalse.o)
 .text          0x00003b66       0x20 c:/program files/winavr-20090313/bin/../lib/gcc/avr/4.3.2/../../../../avr/lib/avr5\libc.a(strrev.o)
                0x00003b66                strrev
                0x00003b86                . = ALIGN (0x2)
 *(.text.*)
 .text.attachInterrupt
                0x00003b86       0x46 ./Core/WInterrupts.o
                0x00003b86                attachInterrupt
 .text.detachInterrupt
                0x00003bcc       0x26 ./Core/WInterrupts.o
                0x00003bcc                detachInterrupt
 .text.__vector_1
                0x00003bf2       0x5a ./Core/WInterrupts.o
                0x00003bf2                __vector_1
 .text.__vector_2
                0x00003c4c       0x5a ./Core/WInterrupts.o
                0x00003c4c                __vector_2
 .text.__vector_16
                0x00003ca6       0x90 ./Core/wiring.o
                0x00003ca6                __vector_16
 .text.millis   0x00003d36       0x1c ./Core/wiring.o
                0x00003d36                millis
 .text.micros   0x00003d52       0x4c ./Core/wiring.o
                0x00003d52                micros
 .text.delay    0x00003d9e       0xb2 ./Core/wiring.o
                0x00003d9e                delay
 .text.delayMicroseconds
                0x00003e50       0x14 ./Core/wiring.o
                0x00003e50                delayMicroseconds
 .text.init     0x00003e64       0x76 ./Core/wiring.o
                0x00003e64                init
 .text.analogReference
                0x00003eda        0x6 ./Core/wiring_analog.o
                0x00003eda                analogReference
 .text.analogRead
                0x00003ee0       0x44 ./Core/wiring_analog.o
                0x00003ee0                analogRead
 .text.analogWrite
                0x00003f24       0xb2 ./Core/wiring_analog.o
                0x00003f24                analogWrite
 .text.pinMode  0x00003fd6       0x4c ./Core/wiring_digital.o
                0x00003fd6                pinMode
 .text.digitalWrite
                0x00004022       0xa8 ./Core/wiring_digital.o
                0x00004022                digitalWrite
 .text.digitalRead
                0x000040ca       0x9e ./Core/wiring_digital.o
                0x000040ca                digitalRead
 .text.pulseIn  0x00004168      0x102 ./Core/wiring_pulse.o
                0x00004168                pulseIn
 .text.shiftOut
                0x0000426a       0x84 ./Core/wiring_shift.o
                0x0000426a                shiftOut
 .text.shiftIn  0x000042ee       0x80 ./Core/wiring_shift.o
                0x000042ee                shiftIn
 .text.libgcc   0x0000436e       0x3e c:/program files/winavr-20090313/bin/../lib/gcc/avr/4.3.2/avr5\libgcc.a(_mulsi3.o)
                0x0000436e                __mulsi3
 .text.libgcc   0x000043ac       0x26 c:/program files/winavr-20090313/bin/../lib/gcc/avr/4.3.2/avr5\libgcc.a(_divmodhi4.o)
                0x000043ac                __divmodhi4
                0x000043ac                _div
 .text.libgcc   0x000043d2       0x44 c:/program files/winavr-20090313/bin/../lib/gcc/avr/4.3.2/avr5\libgcc.a(_udivmodsi4.o)
                0x000043d2                __udivmodsi4
 .text.libgcc   0x00004416       0x36 c:/program files/winavr-20090313/bin/../lib/gcc/avr/4.3.2/avr5\libgcc.a(_divmodsi4.o)
                0x00004416                __divmodsi4
 .text.libgcc   0x0000444c        0x0 c:/program files/winavr-20090313/bin/../lib/gcc/avr/4.3.2/avr5\libgcc.a(_exit.o)
 .text.libgcc   0x0000444c        0x0 c:/program files/winavr-20090313/bin/../lib/gcc/avr/4.3.2/avr5\libgcc.a(_copy_data.o)
 .text.libgcc   0x0000444c        0x0 c:/program files/winavr-20090313/bin/../lib/gcc/avr/4.3.2/avr5\libgcc.a(_clear_bss.o)
 .text.libgcc   0x0000444c        0x0 c:/program files/winavr-20090313/bin/../lib/gcc/avr/4.3.2/avr5\libgcc.a(_ctors.o)
 .text.libgcc   0x0000444c       0x28 c:/program files/winavr-20090313/bin/../lib/gcc/avr/4.3.2/avr5\libgcc.a(_udivmodhi4.o)
                0x0000444c                __udivmodhi4
 .text.libgcc   0x00004474       0x38 c:/program files/winavr-20090313/bin/../lib/gcc/avr/4.3.2/avr5\libgcc.a(_prologue.o)
                0x00004474                __prologue_saves__
 .text.libgcc   0x000044ac       0x36 c:/program files/winavr-20090313/bin/../lib/gcc/avr/4.3.2/avr5\libgcc.a(_epilogue.o)
                0x000044ac                __epilogue_restores__
 .text.libgcc   0x000044e2        0xc c:/program files/winavr-20090313/bin/../lib/gcc/avr/4.3.2/avr5\libgcc.a(_tablejump.o)
                0x000044e6                __tablejump__
                0x000044e2                __tablejump2__
 .text.ctype    0x000044ee       0x10 c:/program files/winavr-20090313/bin/../lib/gcc/avr/4.3.2/../../../../avr/lib/avr5\libc.a(isspace.o)
                0x000044ee                isspace
 .text.ctype    0x000044fe       0x10 c:/program files/winavr-20090313/bin/../lib/gcc/avr/4.3.2/../../../../avr/lib/avr5\libc.a(tolower.o)
                0x000044fe                tolower
 .text.ctype    0x0000450e       0x10 c:/program files/winavr-20090313/bin/../lib/gcc/avr/4.3.2/../../../../avr/lib/avr5\libc.a(toupper.o)
                0x0000450e                toupper
 .text.ctype    0x0000451e        0x6 c:/program files/winavr-20090313/bin/../lib/gcc/avr/4.3.2/../../../../avr/lib/avr5\libc.a(cty_isfalse.o)
                0x00004522                __ctype_istrue
                0x0000451e                __ctype_isfalse
                0x00004524                . = ALIGN (0x2)
 *(.fini9)
 .fini9         0x00004524        0x0 c:/program files/winavr-20090313/bin/../lib/gcc/avr/4.3.2/avr5\libgcc.a(_exit.o)
                0x00004524                exit
                0x00004524                _exit
 *(.fini9)
 *(.fini8)
 *(.fini8)
 *(.fini7)
 *(.fini7)
 *(.fini6)
 *(.fini6)
 *(.fini5)
 *(.fini5)
 *(.fini4)
 *(.fini4)
 *(.fini3)
 *(.fini3)
 *(.fini2)
 *(.fini2)
 *(.fini1)
 *(.fini1)
 *(.fini0)
 .fini0         0x00004524        0x4 c:/program files/winavr-20090313/bin/../lib/gcc/avr/4.3.2/avr5\libgcc.a(_exit.o)
 *(.fini0)
                0x00004528                _etext = .

.data           0x00800100      0x176 load address 0x00004528
                0x00800100                PROVIDE (__data_start, .)
 *(.data)
 .data          0x00800100        0x0 c:/program files/winavr-20090313/bin/../lib/gcc/avr/4.3.2/../../../../avr/lib/avr5/crtm328p.o
 .data          0x00800100       0x33 ./main.o
 .data          0x00800133        0x0 ./Spi/Spi.o
 .data          0x00800133        0x0 ./Mirf/Mirf.o
 .data          0x00800133       0x22 ./Core/HardwareSerial.o
                0x00800133                vtable for HardwareSerial
                0x00800145                vtable for Stream
 .data          0x00800155        0xc ./Core/Print.o
                0x00800157                vtable for Print
 .data          0x00800161        0x1 ./Core/Tone.o
 .data          0x00800162        0x0 ./Core/WInterrupts.o
 .data          0x00800162        0x0 ./Core/WMath.o
 .data          0x00800162        0x1 ./Core/WString.o
 .data          0x00800163        0x0 ./Core/pins_arduino.o
 .data          0x00800163        0x0 ./Core/wiring.o
 .data          0x00800163        0x0 ./Core/wiring_analog.o
 .data          0x00800163        0x0 ./Core/wiring_digital.o
 .data          0x00800163        0x0 ./Core/wiring_pulse.o
 .data          0x00800163        0x0 ./Core/wiring_shift.o
 .data          0x00800163        0x0 c:/program files/winavr-20090313/bin/../lib/gcc/avr/4.3.2/avr5\libgcc.a(_mulsi3.o)
 .data          0x00800163        0x0 c:/program files/winavr-20090313/bin/../lib/gcc/avr/4.3.2/avr5\libgcc.a(_divmodhi4.o)
 .data          0x00800163        0x0 c:/program files/winavr-20090313/bin/../lib/gcc/avr/4.3.2/avr5\libgcc.a(_udivmodsi4.o)
 .data          0x00800163        0x0 c:/program files/winavr-20090313/bin/../lib/gcc/avr/4.3.2/avr5\libgcc.a(_divmodsi4.o)
 .data          0x00800163        0x0 c:/program files/winavr-20090313/bin/../lib/gcc/avr/4.3.2/avr5\libgcc.a(_exit.o)
 .data          0x00800163        0x0 c:/program files/winavr-20090313/bin/../lib/gcc/avr/4.3.2/avr5\libgcc.a(_copy_data.o)
 .data          0x00800163        0x0 c:/program files/winavr-20090313/bin/../lib/gcc/avr/4.3.2/avr5\libgcc.a(_clear_bss.o)
 .data          0x00800163        0x0 c:/program files/winavr-20090313/bin/../lib/gcc/avr/4.3.2/avr5\libgcc.a(_ctors.o)
 .data          0x00800163        0x0 c:/program files/winavr-20090313/bin/../lib/gcc/avr/4.3.2/avr5\libgcc.a(_fixunssfsi.o)
 .data          0x00800163        0x0 c:/program files/winavr-20090313/bin/../lib/gcc/avr/4.3.2/avr5\libgcc.a(_addsub_sf.o)
 .data          0x00800163        0x0 c:/program files/winavr-20090313/bin/../lib/gcc/avr/4.3.2/avr5\libgcc.a(_mul_sf.o)
 .data          0x00800163        0x0 c:/program files/winavr-20090313/bin/../lib/gcc/avr/4.3.2/avr5\libgcc.a(_div_sf.o)
 .data          0x00800163        0x0 c:/program files/winavr-20090313/bin/../lib/gcc/avr/4.3.2/avr5\libgcc.a(_ge_sf.o)
 .data          0x00800163        0x0 c:/program files/winavr-20090313/bin/../lib/gcc/avr/4.3.2/avr5\libgcc.a(_lt_sf.o)
 .data          0x00800163        0x0 c:/program files/winavr-20090313/bin/../lib/gcc/avr/4.3.2/avr5\libgcc.a(_si_to_sf.o)
 .data          0x00800163        0x0 c:/program files/winavr-20090313/bin/../lib/gcc/avr/4.3.2/avr5\libgcc.a(_sf_to_si.o)
 .data          0x00800163        0x8 c:/program files/winavr-20090313/bin/../lib/gcc/avr/4.3.2/avr5\libgcc.a(_thenan_sf.o)
                0x00800163                __thenan_sf
 .data          0x0080016b        0x0 c:/program files/winavr-20090313/bin/../lib/gcc/avr/4.3.2/avr5\libgcc.a(_usi_to_sf.o)
 .data          0x0080016b        0x0 c:/program files/winavr-20090313/bin/../lib/gcc/avr/4.3.2/avr5\libgcc.a(_udivmodhi4.o)
 .data          0x0080016b        0x0 c:/program files/winavr-20090313/bin/../lib/gcc/avr/4.3.2/avr5\libgcc.a(_prologue.o)
 .data          0x0080016b        0x0 c:/program files/winavr-20090313/bin/../lib/gcc/avr/4.3.2/avr5\libgcc.a(_epilogue.o)
 .data          0x0080016b        0x0 c:/program files/winavr-20090313/bin/../lib/gcc/avr/4.3.2/avr5\libgcc.a(_tablejump.o)
 .data          0x0080016b        0x0 c:/program files/winavr-20090313/bin/../lib/gcc/avr/4.3.2/avr5\libgcc.a(_clzsi2.o)
 .data          0x0080016b        0x0 c:/program files/winavr-20090313/bin/../lib/gcc/avr/4.3.2/avr5\libgcc.a(_pack_sf.o)
 .data          0x0080016b        0x0 c:/program files/winavr-20090313/bin/../lib/gcc/avr/4.3.2/avr5\libgcc.a(_unpack_sf.o)
 .data          0x0080016b        0x0 c:/program files/winavr-20090313/bin/../lib/gcc/avr/4.3.2/avr5\libgcc.a(_fpcmp_parts_sf.o)
 .data          0x0080016b      0x100 c:/program files/winavr-20090313/bin/../lib/gcc/avr/4.3.2/avr5\libgcc.a(_clz.o)
                0x0080016b                __clz_tab
 .data          0x0080026b        0x6 c:/program files/winavr-20090313/bin/../lib/gcc/avr/4.3.2/../../../../avr/lib/avr5\libc.a(malloc.o)
                0x0080026d                __malloc_heap_start
                0x0080026f                __malloc_heap_end
                0x0080026b                __malloc_margin
 .data          0x00800271        0x4 c:/program files/winavr-20090313/bin/../lib/gcc/avr/4.3.2/../../../../avr/lib/avr5\libc.a(random.o)
 .data          0x00800275        0x0 c:/program files/winavr-20090313/bin/../lib/gcc/avr/4.3.2/../../../../avr/lib/avr5\libc.a(isspace.o)
 .data          0x00800275        0x0 c:/program files/winavr-20090313/bin/../lib/gcc/avr/4.3.2/../../../../avr/lib/avr5\libc.a(tolower.o)
 .data          0x00800275        0x0 c:/program files/winavr-20090313/bin/../lib/gcc/avr/4.3.2/../../../../avr/lib/avr5\libc.a(toupper.o)
 .data          0x00800275        0x0 c:/program files/winavr-20090313/bin/../lib/gcc/avr/4.3.2/../../../../avr/lib/avr5\libc.a(strcat.o)
 .data          0x00800275        0x0 c:/program files/winavr-20090313/bin/../lib/gcc/avr/4.3.2/../../../../avr/lib/avr5\libc.a(strchr.o)
 .data          0x00800275        0x0 c:/program files/winavr-20090313/bin/../lib/gcc/avr/4.3.2/../../../../avr/lib/avr5\libc.a(strcmp.o)
 .data          0x00800275        0x0 c:/program files/winavr-20090313/bin/../lib/gcc/avr/4.3.2/../../../../avr/lib/avr5\libc.a(strcpy.o)
 .data          0x00800275        0x0 c:/program files/winavr-20090313/bin/../lib/gcc/avr/4.3.2/../../../../avr/lib/avr5\libc.a(strncmp.o)
 .data          0x00800275        0x0 c:/program files/winavr-20090313/bin/../lib/gcc/avr/4.3.2/../../../../avr/lib/avr5\libc.a(strncpy.o)
 .data          0x00800275        0x0 c:/program files/winavr-20090313/bin/../lib/gcc/avr/4.3.2/../../../../avr/lib/avr5\libc.a(strrchr.o)
 .data          0x00800275        0x0 c:/program files/winavr-20090313/bin/../lib/gcc/avr/4.3.2/../../../../avr/lib/avr5\libc.a(strstr.o)
 .data          0x00800275        0x0 c:/program files/winavr-20090313/bin/../lib/gcc/avr/4.3.2/../../../../avr/lib/avr5\libc.a(itoa.o)
 .data          0x00800275        0x0 c:/program files/winavr-20090313/bin/../lib/gcc/avr/4.3.2/../../../../avr/lib/avr5\libc.a(ltoa.o)
 .data          0x00800275        0x0 c:/program files/winavr-20090313/bin/../lib/gcc/avr/4.3.2/../../../../avr/lib/avr5\libc.a(ultoa.o)
 .data          0x00800275        0x0 c:/program files/winavr-20090313/bin/../lib/gcc/avr/4.3.2/../../../../avr/lib/avr5\libc.a(cty_isfalse.o)
 .data          0x00800275        0x0 c:/program files/winavr-20090313/bin/../lib/gcc/avr/4.3.2/../../../../avr/lib/avr5\libc.a(strrev.o)
 *(.data*)
 .data.analog_reference
                0x00800275        0x1 ./Core/wiring_analog.o
                0x00800275                analog_reference
 *(.rodata)
 *(.rodata*)
 *(.gnu.linkonce.d*)
                0x00800276                . = ALIGN (0x2)
                0x00800276                _edata = .
                0x00800276                PROVIDE (__data_end, .)

.bss            0x00800276       0xc6
                0x00800276                PROVIDE (__bss_start, .)
 *(.bss)
 .bss           0x00800276        0x0 c:/program files/winavr-20090313/bin/../lib/gcc/avr/4.3.2/../../../../avr/lib/avr5/crtm328p.o
 .bss           0x00800276        0x0 ./main.o
 .bss           0x00800276        0x1 ./Spi/Spi.o
                0x00800276                Spi
 .bss           0x00800277        0x7 ./Mirf/Mirf.o
                0x00800277                Mirf
 .bss           0x0080027e       0x97 ./Core/HardwareSerial.o
                0x0080027e                rx_buffer
                0x00800302                Serial
 .bss           0x00800315        0x0 ./Core/Print.o
 .bss           0x00800315       0x15 ./Core/Tone.o
                0x0080031b                timer0_pin_mask
                0x00800327                timer2_pin_port
                0x00800329                timer2_pin_mask
                0x00800319                timer0_pin_port
                0x0080031c                timer1_toggle_count
                0x00800322                timer1_pin_mask
                0x00800320                timer1_pin_port
                0x00800315                timer0_toggle_count
                0x00800323                timer2_toggle_count
 .bss           0x0080032a        0x0 ./Core/WInterrupts.o
 .bss           0x0080032a        0x0 ./Core/WMath.o
 .bss           0x0080032a        0x1 ./Core/WString.o
 .bss           0x0080032b        0x0 ./Core/pins_arduino.o
 .bss           0x0080032b        0x0 ./Core/wiring.o
 .bss           0x0080032b        0x0 ./Core/wiring_analog.o
 .bss           0x0080032b        0x0 ./Core/wiring_digital.o
 .bss           0x0080032b        0x0 ./Core/wiring_pulse.o
 .bss           0x0080032b        0x0 ./Core/wiring_shift.o
 .bss           0x0080032b        0x0 c:/program files/winavr-20090313/bin/../lib/gcc/avr/4.3.2/avr5\libgcc.a(_mulsi3.o)
 .bss           0x0080032b        0x0 c:/program files/winavr-20090313/bin/../lib/gcc/avr/4.3.2/avr5\libgcc.a(_divmodhi4.o)
 .bss           0x0080032b        0x0 c:/program files/winavr-20090313/bin/../lib/gcc/avr/4.3.2/avr5\libgcc.a(_udivmodsi4.o)
 .bss           0x0080032b        0x0 c:/program files/winavr-20090313/bin/../lib/gcc/avr/4.3.2/avr5\libgcc.a(_divmodsi4.o)
 .bss           0x0080032b        0x0 c:/program files/winavr-20090313/bin/../lib/gcc/avr/4.3.2/avr5\libgcc.a(_exit.o)
 .bss           0x0080032b        0x0 c:/program files/winavr-20090313/bin/../lib/gcc/avr/4.3.2/avr5\libgcc.a(_copy_data.o)
 .bss           0x0080032b        0x0 c:/program files/winavr-20090313/bin/../lib/gcc/avr/4.3.2/avr5\libgcc.a(_clear_bss.o)
 .bss           0x0080032b        0x0 c:/program files/winavr-20090313/bin/../lib/gcc/avr/4.3.2/avr5\libgcc.a(_ctors.o)
 .bss           0x0080032b        0x0 c:/program files/winavr-20090313/bin/../lib/gcc/avr/4.3.2/avr5\libgcc.a(_fixunssfsi.o)
 .bss           0x0080032b        0x0 c:/program files/winavr-20090313/bin/../lib/gcc/avr/4.3.2/avr5\libgcc.a(_addsub_sf.o)
 .bss           0x0080032b        0x0 c:/program files/winavr-20090313/bin/../lib/gcc/avr/4.3.2/avr5\libgcc.a(_mul_sf.o)
 .bss           0x0080032b        0x0 c:/program files/winavr-20090313/bin/../lib/gcc/avr/4.3.2/avr5\libgcc.a(_div_sf.o)
 .bss           0x0080032b        0x0 c:/program files/winavr-20090313/bin/../lib/gcc/avr/4.3.2/avr5\libgcc.a(_ge_sf.o)
 .bss           0x0080032b        0x0 c:/program files/winavr-20090313/bin/../lib/gcc/avr/4.3.2/avr5\libgcc.a(_lt_sf.o)
 .bss           0x0080032b        0x0 c:/program files/winavr-20090313/bin/../lib/gcc/avr/4.3.2/avr5\libgcc.a(_si_to_sf.o)
 .bss           0x0080032b        0x0 c:/program files/winavr-20090313/bin/../lib/gcc/avr/4.3.2/avr5\libgcc.a(_sf_to_si.o)
 .bss           0x0080032b        0x0 c:/program files/winavr-20090313/bin/../lib/gcc/avr/4.3.2/avr5\libgcc.a(_thenan_sf.o)
 .bss           0x0080032b        0x0 c:/program files/winavr-20090313/bin/../lib/gcc/avr/4.3.2/avr5\libgcc.a(_usi_to_sf.o)
 .bss           0x0080032b        0x0 c:/program files/winavr-20090313/bin/../lib/gcc/avr/4.3.2/avr5\libgcc.a(_udivmodhi4.o)
 .bss           0x0080032b        0x0 c:/program files/winavr-20090313/bin/../lib/gcc/avr/4.3.2/avr5\libgcc.a(_prologue.o)
 .bss           0x0080032b        0x0 c:/program files/winavr-20090313/bin/../lib/gcc/avr/4.3.2/avr5\libgcc.a(_epilogue.o)
 .bss           0x0080032b        0x0 c:/program files/winavr-20090313/bin/../lib/gcc/avr/4.3.2/avr5\libgcc.a(_tablejump.o)
 .bss           0x0080032b        0x0 c:/program files/winavr-20090313/bin/../lib/gcc/avr/4.3.2/avr5\libgcc.a(_clzsi2.o)
 .bss           0x0080032b        0x0 c:/program files/winavr-20090313/bin/../lib/gcc/avr/4.3.2/avr5\libgcc.a(_pack_sf.o)
 .bss           0x0080032b        0x0 c:/program files/winavr-20090313/bin/../lib/gcc/avr/4.3.2/avr5\libgcc.a(_unpack_sf.o)
 .bss           0x0080032b        0x0 c:/program files/winavr-20090313/bin/../lib/gcc/avr/4.3.2/avr5\libgcc.a(_fpcmp_parts_sf.o)
 .bss           0x0080032b        0x0 c:/program files/winavr-20090313/bin/../lib/gcc/avr/4.3.2/avr5\libgcc.a(_clz.o)
 .bss           0x0080032b        0x0 c:/program files/winavr-20090313/bin/../lib/gcc/avr/4.3.2/../../../../avr/lib/avr5\libc.a(malloc.o)
 .bss           0x0080032b        0x0 c:/program files/winavr-20090313/bin/../lib/gcc/avr/4.3.2/../../../../avr/lib/avr5\libc.a(random.o)
 .bss           0x0080032b        0x0 c:/program files/winavr-20090313/bin/../lib/gcc/avr/4.3.2/../../../../avr/lib/avr5\libc.a(isspace.o)
 .bss           0x0080032b        0x0 c:/program files/winavr-20090313/bin/../lib/gcc/avr/4.3.2/../../../../avr/lib/avr5\libc.a(tolower.o)
 .bss           0x0080032b        0x0 c:/program files/winavr-20090313/bin/../lib/gcc/avr/4.3.2/../../../../avr/lib/avr5\libc.a(toupper.o)
 .bss           0x0080032b        0x0 c:/program files/winavr-20090313/bin/../lib/gcc/avr/4.3.2/../../../../avr/lib/avr5\libc.a(strcat.o)
 .bss           0x0080032b        0x0 c:/program files/winavr-20090313/bin/../lib/gcc/avr/4.3.2/../../../../avr/lib/avr5\libc.a(strchr.o)
 .bss           0x0080032b        0x0 c:/program files/winavr-20090313/bin/../lib/gcc/avr/4.3.2/../../../../avr/lib/avr5\libc.a(strcmp.o)
 .bss           0x0080032b        0x0 c:/program files/winavr-20090313/bin/../lib/gcc/avr/4.3.2/../../../../avr/lib/avr5\libc.a(strcpy.o)
 .bss           0x0080032b        0x0 c:/program files/winavr-20090313/bin/../lib/gcc/avr/4.3.2/../../../../avr/lib/avr5\libc.a(strncmp.o)
 .bss           0x0080032b        0x0 c:/program files/winavr-20090313/bin/../lib/gcc/avr/4.3.2/../../../../avr/lib/avr5\libc.a(strncpy.o)
 .bss           0x0080032b        0x0 c:/program files/winavr-20090313/bin/../lib/gcc/avr/4.3.2/../../../../avr/lib/avr5\libc.a(strrchr.o)
 .bss           0x0080032b        0x0 c:/program files/winavr-20090313/bin/../lib/gcc/avr/4.3.2/../../../../avr/lib/avr5\libc.a(strstr.o)
 .bss           0x0080032b        0x0 c:/program files/winavr-20090313/bin/../lib/gcc/avr/4.3.2/../../../../avr/lib/avr5\libc.a(itoa.o)
 .bss           0x0080032b        0x0 c:/program files/winavr-20090313/bin/../lib/gcc/avr/4.3.2/../../../../avr/lib/avr5\libc.a(ltoa.o)
 .bss           0x0080032b        0x0 c:/program files/winavr-20090313/bin/../lib/gcc/avr/4.3.2/../../../../avr/lib/avr5\libc.a(ultoa.o)
 .bss           0x0080032b        0x0 c:/program files/winavr-20090313/bin/../lib/gcc/avr/4.3.2/../../../../avr/lib/avr5\libc.a(cty_isfalse.o)
 .bss           0x0080032b        0x0 c:/program files/winavr-20090313/bin/../lib/gcc/avr/4.3.2/../../../../avr/lib/avr5\libc.a(strrev.o)
 *(.bss*)
 .bss.intFunc   0x0080032b        0x4 ./Core/WInterrupts.o
 .bss.timer0_overflow_count
                0x0080032f        0x4 ./Core/wiring.o
                0x0080032f                timer0_overflow_count
 .bss.timer0_millis
                0x00800333        0x4 ./Core/wiring.o
                0x00800333                timer0_millis
 .bss.timer0_fract
                0x00800337        0x1 ./Core/wiring.o
 *(COMMON)
 COMMON         0x00800338        0x4 c:/program files/winavr-20090313/bin/../lib/gcc/avr/4.3.2/../../../../avr/lib/avr5\libc.a(malloc.o)
                0x00800338                __brkval
                0x0080033a                __flp
                0x0080033c                PROVIDE (__bss_end, .)
                0x00004528                __data_load_start = LOADADDR (.data)
                0x0000469e                __data_load_end = (__data_load_start + SIZEOF (.data))

.noinit         0x0080033c        0x0
                0x0080033c                PROVIDE (__noinit_start, .)
 *(.noinit*)
                0x0080033c                PROVIDE (__noinit_end, .)
                0x0080033c                _end = .
                0x0080033c                PROVIDE (__heap_start, .)

.eeprom         0x00810000        0x0
 *(.eeprom*)
                0x00810000                __eeprom_end = .

.fuse
 *(.fuse)
 *(.lfuse)
 *(.hfuse)
 *(.efuse)

.lock
 *(.lock*)

.signature
 *(.signature*)

.stab
 *(.stab)

.stabstr
 *(.stabstr)

.stab.excl
 *(.stab.excl)

.stab.exclstr
 *(.stab.exclstr)

.stab.index
 *(.stab.index)

.stab.indexstr
 *(.stab.indexstr)

.comment
 *(.comment)

.debug
 *(.debug)

.line
 *(.line)

.debug_srcinfo
 *(.debug_srcinfo)

.debug_sfnames
 *(.debug_sfnames)

.debug_aranges
 *(.debug_aranges)

.debug_pubnames
 *(.debug_pubnames)

.debug_info
 *(.debug_info)
 *(.gnu.linkonce.wi.*)

.debug_abbrev
 *(.debug_abbrev)

.debug_line
 *(.debug_line)

.debug_frame
 *(.debug_frame)

.debug_str
 *(.debug_str)

.debug_loc
 *(.debug_loc)

.debug_macinfo
 *(.debug_macinfo)
OUTPUT(Control_Wifi.elf elf32-avr)
LOAD linker stubs

Cross Reference Table

Symbol                                            File
HardwareSerial::HardwareSerial(ring_buffer*, unsigned char volatile*, unsigned char volatile*, unsigned char volatile*, unsigned char volatile*, unsigned char volatile*, unsigned char, unsigned char, unsigned char, unsigned char, unsigned char) ./Core/HardwareSerial.o
HardwareSerial::HardwareSerial(ring_buffer*, unsigned char volatile*, unsigned char volatile*, unsigned char volatile*, unsigned char volatile*, unsigned char volatile*, unsigned char, unsigned char, unsigned char, unsigned char, unsigned char) ./Core/HardwareSerial.o
HardwareSerial::available()                       ./Core/HardwareSerial.o
HardwareSerial::begin(long)                       ./Core/HardwareSerial.o
                                                  ./main.o
HardwareSerial::end()                             ./Core/HardwareSerial.o
HardwareSerial::flush()                           ./Core/HardwareSerial.o
HardwareSerial::peek()                            ./Core/HardwareSerial.o
HardwareSerial::read()                            ./Core/HardwareSerial.o
HardwareSerial::write(unsigned char)              ./Core/HardwareSerial.o
Mirf                                              ./Mirf/Mirf.o
                                                  ./main.o
Nrf24l::Nrf24l()                                  ./Mirf/Mirf.o
Nrf24l::Nrf24l()                                  ./Mirf/Mirf.o
Nrf24l::ceHi()                                    ./Mirf/Mirf.o
Nrf24l::ceLow()                                   ./Mirf/Mirf.o
Nrf24l::config()                                  ./Mirf/Mirf.o
                                                  ./main.o
Nrf24l::configRegister(unsigned char, unsigned char) ./Mirf/Mirf.o
Nrf24l::csnHi()                                   ./Mirf/Mirf.o
Nrf24l::csnLow()                                  ./Mirf/Mirf.o
Nrf24l::dataReady()                               ./Mirf/Mirf.o
                                                  ./main.o
Nrf24l::flushRx()                                 ./Mirf/Mirf.o
Nrf24l::getData(unsigned char*)                   ./Mirf/Mirf.o
                                                  ./main.o
Nrf24l::getStatus()                               ./Mirf/Mirf.o
Nrf24l::init()                                    ./Mirf/Mirf.o
                                                  ./main.o
Nrf24l::isSending()                               ./Mirf/Mirf.o
                                                  ./main.o
Nrf24l::powerDown()                               ./Mirf/Mirf.o
Nrf24l::powerUpRx()                               ./Mirf/Mirf.o
Nrf24l::powerUpTx()                               ./Mirf/Mirf.o
Nrf24l::readRegister(unsigned char, unsigned char*, unsigned char) ./Mirf/Mirf.o
Nrf24l::rxFifoEmpty()                             ./Mirf/Mirf.o
Nrf24l::send(unsigned char*)                      ./Mirf/Mirf.o
                                                  ./main.o
Nrf24l::setRADDR(unsigned char*)                  ./Mirf/Mirf.o
                                                  ./main.o
Nrf24l::setTADDR(unsigned char*)                  ./Mirf/Mirf.o
                                                  ./main.o
Nrf24l::transferSync(unsigned char*, unsigned char*, unsigned char) ./Mirf/Mirf.o
Nrf24l::transmitSync(unsigned char*, unsigned char) ./Mirf/Mirf.o
Nrf24l::transmitSyncByte(unsigned char, unsigned char) ./Mirf/Mirf.o
Nrf24l::writeRegister(unsigned char, unsigned char*, unsigned char) ./Mirf/Mirf.o
Nrf24l::writeRegisterByte(unsigned char, unsigned char, unsigned char) ./Mirf/Mirf.o
Print::print(String const&)                       ./Core/Print.o
Print::print(char const*)                         ./Core/Print.o
                                                  ./main.o
Print::print(char, int)                           ./Core/Print.o
Print::print(double, int)                         ./Core/Print.o
Print::print(int, int)                            ./Core/Print.o
Print::print(long, int)                           ./Core/Print.o
Print::print(unsigned char, int)                  ./Core/Print.o
Print::print(unsigned int, int)                   ./Core/Print.o
Print::print(unsigned long, int)                  ./Core/Print.o
Print::printFloat(double, unsigned char)          ./Core/Print.o
Print::printNumber(unsigned long, unsigned char)  ./Core/Print.o
Print::println()                                  ./Core/Print.o
Print::println(String const&)                     ./Core/Print.o
Print::println(char const*)                       ./Core/Print.o
                                                  ./main.o
Print::println(char, int)                         ./Core/Print.o
Print::println(double, int)                       ./Core/Print.o
Print::println(int, int)                          ./Core/Print.o
Print::println(long, int)                         ./Core/Print.o
Print::println(unsigned char, int)                ./Core/Print.o
Print::println(unsigned int, int)                 ./Core/Print.o
Print::println(unsigned long, int)                ./Core/Print.o
                                                  ./main.o
Print::write(char const*)                         ./Core/Print.o
                                                  ./Core/HardwareSerial.o
Print::write(unsigned char const*, unsigned int)  ./Core/Print.o
                                                  ./Core/HardwareSerial.o
SPI::SPI()                                        ./Spi/Spi.o
SPI::SPI()                                        ./Spi/Spi.o
SPI::mode(unsigned char)                          ./Spi/Spi.o
                                                  ./Mirf/Mirf.o
SPI::transfer(unsigned char)                      ./Spi/Spi.o
                                                  ./Mirf/Mirf.o
SPI::transfer(unsigned char, unsigned char)       ./Spi/Spi.o
Serial                                            ./Core/HardwareSerial.o
                                                  ./main.o
Spi                                               ./Spi/Spi.o
                                                  ./Mirf/Mirf.o
String::String(String const&)                     ./Core/WString.o
String::String(String const&)                     ./Core/WString.o
String::String(char const*)                       ./Core/WString.o
String::String(char const*)                       ./Core/WString.o
String::String(char)                              ./Core/WString.o
String::String(char)                              ./Core/WString.o
String::String(int, int)                          ./Core/WString.o
String::String(int, int)                          ./Core/WString.o
String::String(long, int)                         ./Core/WString.o
String::String(long, int)                         ./Core/WString.o
String::String(unsigned char)                     ./Core/WString.o
String::String(unsigned char)                     ./Core/WString.o
String::String(unsigned int, int)                 ./Core/WString.o
String::String(unsigned int, int)                 ./Core/WString.o
String::String(unsigned long, int)                ./Core/WString.o
String::String(unsigned long, int)                ./Core/WString.o
String::charAt(unsigned int) const                ./Core/WString.o
String::compareTo(String const&) const            ./Core/WString.o
String::concat(String const&)                     ./Core/WString.o
String::endsWith(String const&) const             ./Core/WString.o
String::equals(String const&) const               ./Core/WString.o
String::equalsIgnoreCase(String const&) const     ./Core/WString.o
String::getBuffer(unsigned int)                   ./Core/WString.o
String::getBytes(unsigned char*, unsigned int)    ./Core/WString.o
String::indexOf(String const&) const              ./Core/WString.o
String::indexOf(String const&, unsigned int) const ./Core/WString.o
String::indexOf(char) const                       ./Core/WString.o
String::indexOf(char, unsigned int) const         ./Core/WString.o
String::lastIndexOf(String const&) const          ./Core/WString.o
String::lastIndexOf(String const&, unsigned int) const ./Core/WString.o
String::lastIndexOf(char) const                   ./Core/WString.o
String::lastIndexOf(char, unsigned int) const     ./Core/WString.o
String::operator!=(String const&) const           ./Core/WString.o
String::operator+=(String const&)                 ./Core/WString.o
String::operator<(String const&) const            ./Core/WString.o
String::operator<=(String const&) const           ./Core/WString.o
String::operator=(String const&)                  ./Core/WString.o
String::operator==(String const&) const           ./Core/WString.o
String::operator>(String const&) const            ./Core/WString.o
String::operator>=(String const&) const           ./Core/WString.o
String::operator[](unsigned int)                  ./Core/WString.o
String::operator[](unsigned int) const            ./Core/WString.o
                                                  ./Core/Print.o
String::replace(String const&, String const&)     ./Core/WString.o
String::replace(char, char)                       ./Core/WString.o
String::setCharAt(unsigned int, char)             ./Core/WString.o
String::startsWith(String const&) const           ./Core/WString.o
String::startsWith(String const&, unsigned int) const ./Core/WString.o
String::substring(unsigned int) const             ./Core/WString.o
String::substring(unsigned int, unsigned int) const ./Core/WString.o
String::toCharArray(char*, unsigned int)          ./Core/WString.o
String::toLowerCase() const                       ./Core/WString.o
String::toUpperCase() const                       ./Core/WString.o
String::trim() const                              ./Core/WString.o
String::~String()                                 ./Core/WString.o
__addsf3                                          c:/program files/winavr-20090313/bin/../lib/gcc/avr/4.3.2/avr5\libgcc.a(_addsub_sf.o)
                                                  ./Core/Print.o
__bad_interrupt                                   c:/program files/winavr-20090313/bin/../lib/gcc/avr/4.3.2/../../../../avr/lib/avr5/crtm328p.o
__brkval                                          c:/program files/winavr-20090313/bin/../lib/gcc/avr/4.3.2/../../../../avr/lib/avr5\libc.a(malloc.o)
__bss_end                                         c:/program files/winavr-20090313/bin/../lib/gcc/avr/4.3.2/avr5\libgcc.a(_clear_bss.o)
__bss_start                                       c:/program files/winavr-20090313/bin/../lib/gcc/avr/4.3.2/avr5\libgcc.a(_clear_bss.o)
__clz_tab                                         c:/program files/winavr-20090313/bin/../lib/gcc/avr/4.3.2/avr5\libgcc.a(_clz.o)
                                                  c:/program files/winavr-20090313/bin/../lib/gcc/avr/4.3.2/avr5\libgcc.a(_clzsi2.o)
__clzsi2                                          c:/program files/winavr-20090313/bin/../lib/gcc/avr/4.3.2/avr5\libgcc.a(_clzsi2.o)
                                                  c:/program files/winavr-20090313/bin/../lib/gcc/avr/4.3.2/avr5\libgcc.a(_usi_to_sf.o)
                                                  c:/program files/winavr-20090313/bin/../lib/gcc/avr/4.3.2/avr5\libgcc.a(_si_to_sf.o)
__ctors_end                                       c:/program files/winavr-20090313/bin/../lib/gcc/avr/4.3.2/avr5\libgcc.a(_ctors.o)
__ctors_start                                     c:/program files/winavr-20090313/bin/../lib/gcc/avr/4.3.2/avr5\libgcc.a(_ctors.o)
__ctype_isfalse                                   c:/program files/winavr-20090313/bin/../lib/gcc/avr/4.3.2/../../../../avr/lib/avr5\libc.a(cty_isfalse.o)
                                                  c:/program files/winavr-20090313/bin/../lib/gcc/avr/4.3.2/../../../../avr/lib/avr5\libc.a(isspace.o)
__ctype_istrue                                    c:/program files/winavr-20090313/bin/../lib/gcc/avr/4.3.2/../../../../avr/lib/avr5\libc.a(cty_isfalse.o)
__cxa_pure_virtual                                ./main.o
                                                  ./Core/Print.o
                                                  ./Core/HardwareSerial.o
__data_end                                        c:/program files/winavr-20090313/bin/../lib/gcc/avr/4.3.2/avr5\libgcc.a(_copy_data.o)
__data_load_start                                 c:/program files/winavr-20090313/bin/../lib/gcc/avr/4.3.2/avr5\libgcc.a(_copy_data.o)
__data_start                                      c:/program files/winavr-20090313/bin/../lib/gcc/avr/4.3.2/avr5\libgcc.a(_copy_data.o)
__divmodhi4                                       c:/program files/winavr-20090313/bin/../lib/gcc/avr/4.3.2/avr5\libgcc.a(_divmodhi4.o)
                                                  ./Core/HardwareSerial.o
__divmodsi4                                       c:/program files/winavr-20090313/bin/../lib/gcc/avr/4.3.2/avr5\libgcc.a(_divmodsi4.o)
                                                  c:/program files/winavr-20090313/bin/../lib/gcc/avr/4.3.2/../../../../avr/lib/avr5\libc.a(random.o)
                                                  ./Core/WMath.o
__divsf3                                          c:/program files/winavr-20090313/bin/../lib/gcc/avr/4.3.2/avr5\libgcc.a(_div_sf.o)
                                                  ./Core/Print.o
__do_clear_bss                                    c:/program files/winavr-20090313/bin/../lib/gcc/avr/4.3.2/avr5\libgcc.a(_clear_bss.o)
                                                  c:/program files/winavr-20090313/bin/../lib/gcc/avr/4.3.2/../../../../avr/lib/avr5\libc.a(malloc.o)
                                                  ./Core/wiring.o
                                                  ./Core/WString.o
                                                  ./Core/WInterrupts.o
                                                  ./Core/Tone.o
                                                  ./Core/HardwareSerial.o
                                                  ./Mirf/Mirf.o
                                                  ./Spi/Spi.o
__do_copy_data                                    c:/program files/winavr-20090313/bin/../lib/gcc/avr/4.3.2/avr5\libgcc.a(_copy_data.o)
                                                  c:/program files/winavr-20090313/bin/../lib/gcc/avr/4.3.2/../../../../avr/lib/avr5\libc.a(random.o)
                                                  c:/program files/winavr-20090313/bin/../lib/gcc/avr/4.3.2/../../../../avr/lib/avr5\libc.a(malloc.o)
                                                  c:/program files/winavr-20090313/bin/../lib/gcc/avr/4.3.2/avr5\libgcc.a(_clz.o)
                                                  c:/program files/winavr-20090313/bin/../lib/gcc/avr/4.3.2/avr5\libgcc.a(_thenan_sf.o)
                                                  ./Core/wiring_analog.o
                                                  ./Core/WString.o
                                                  ./Core/Tone.o
                                                  ./Core/Print.o
                                                  ./Core/HardwareSerial.o
                                                  ./main.o
__do_global_ctors                                 c:/program files/winavr-20090313/bin/../lib/gcc/avr/4.3.2/avr5\libgcc.a(_ctors.o)
                                                  ./Core/HardwareSerial.o
                                                  ./Mirf/Mirf.o
                                                  ./Spi/Spi.o
__epilogue_restores__                             c:/program files/winavr-20090313/bin/../lib/gcc/avr/4.3.2/avr5\libgcc.a(_epilogue.o)
                                                  c:/program files/winavr-20090313/bin/../lib/gcc/avr/4.3.2/../../../../avr/lib/avr5\libc.a(random.o)
                                                  c:/program files/winavr-20090313/bin/../lib/gcc/avr/4.3.2/avr5\libgcc.a(_usi_to_sf.o)
                                                  c:/program files/winavr-20090313/bin/../lib/gcc/avr/4.3.2/avr5\libgcc.a(_sf_to_si.o)
                                                  c:/program files/winavr-20090313/bin/../lib/gcc/avr/4.3.2/avr5\libgcc.a(_si_to_sf.o)
                                                  c:/program files/winavr-20090313/bin/../lib/gcc/avr/4.3.2/avr5\libgcc.a(_lt_sf.o)
                                                  c:/program files/winavr-20090313/bin/../lib/gcc/avr/4.3.2/avr5\libgcc.a(_ge_sf.o)
                                                  c:/program files/winavr-20090313/bin/../lib/gcc/avr/4.3.2/avr5\libgcc.a(_div_sf.o)
                                                  c:/program files/winavr-20090313/bin/../lib/gcc/avr/4.3.2/avr5\libgcc.a(_mul_sf.o)
                                                  c:/program files/winavr-20090313/bin/../lib/gcc/avr/4.3.2/avr5\libgcc.a(_addsub_sf.o)
__fixsfsi                                         c:/program files/winavr-20090313/bin/../lib/gcc/avr/4.3.2/avr5\libgcc.a(_sf_to_si.o)
                                                  c:/program files/winavr-20090313/bin/../lib/gcc/avr/4.3.2/avr5\libgcc.a(_fixunssfsi.o)
                                                  ./Core/Print.o
__fixunssfsi                                      c:/program files/winavr-20090313/bin/../lib/gcc/avr/4.3.2/avr5\libgcc.a(_fixunssfsi.o)
                                                  ./Core/Print.o
__floatsisf                                       c:/program files/winavr-20090313/bin/../lib/gcc/avr/4.3.2/avr5\libgcc.a(_si_to_sf.o)
                                                  ./Core/Print.o
__floatunsisf                                     c:/program files/winavr-20090313/bin/../lib/gcc/avr/4.3.2/avr5\libgcc.a(_usi_to_sf.o)
                                                  ./Core/Print.o
__flp                                             c:/program files/winavr-20090313/bin/../lib/gcc/avr/4.3.2/../../../../avr/lib/avr5\libc.a(malloc.o)
__fpcmp_parts_f                                   c:/program files/winavr-20090313/bin/../lib/gcc/avr/4.3.2/avr5\libgcc.a(_fpcmp_parts_sf.o)
                                                  c:/program files/winavr-20090313/bin/../lib/gcc/avr/4.3.2/avr5\libgcc.a(_lt_sf.o)
                                                  c:/program files/winavr-20090313/bin/../lib/gcc/avr/4.3.2/avr5\libgcc.a(_ge_sf.o)
__gesf2                                           c:/program files/winavr-20090313/bin/../lib/gcc/avr/4.3.2/avr5\libgcc.a(_ge_sf.o)
                                                  c:/program files/winavr-20090313/bin/../lib/gcc/avr/4.3.2/avr5\libgcc.a(_fixunssfsi.o)
__heap_end                                        c:/program files/winavr-20090313/bin/../lib/gcc/avr/4.3.2/../../../../avr/lib/avr5/crtm328p.o
                                                  c:/program files/winavr-20090313/bin/../lib/gcc/avr/4.3.2/../../../../avr/lib/avr5\libc.a(malloc.o)
__heap_start                                      c:/program files/winavr-20090313/bin/../lib/gcc/avr/4.3.2/../../../../avr/lib/avr5\libc.a(malloc.o)
__init                                            c:/program files/winavr-20090313/bin/../lib/gcc/avr/4.3.2/../../../../avr/lib/avr5/crtm328p.o
__ltsf2                                           c:/program files/winavr-20090313/bin/../lib/gcc/avr/4.3.2/avr5\libgcc.a(_lt_sf.o)
                                                  ./Core/Print.o
__malloc_heap_end                                 c:/program files/winavr-20090313/bin/../lib/gcc/avr/4.3.2/../../../../avr/lib/avr5\libc.a(malloc.o)
__malloc_heap_start                               c:/program files/winavr-20090313/bin/../lib/gcc/avr/4.3.2/../../../../avr/lib/avr5\libc.a(malloc.o)
__malloc_margin                                   c:/program files/winavr-20090313/bin/../lib/gcc/avr/4.3.2/../../../../avr/lib/avr5\libc.a(malloc.o)
__mulsf3                                          c:/program files/winavr-20090313/bin/../lib/gcc/avr/4.3.2/avr5\libgcc.a(_mul_sf.o)
                                                  ./Core/Print.o
__mulsi3                                          c:/program files/winavr-20090313/bin/../lib/gcc/avr/4.3.2/avr5\libgcc.a(_mulsi3.o)
                                                  c:/program files/winavr-20090313/bin/../lib/gcc/avr/4.3.2/../../../../avr/lib/avr5\libc.a(random.o)
                                                  ./Core/wiring_pulse.o
                                                  ./Core/WMath.o
                                                  ./Core/Tone.o
                                                  ./Core/HardwareSerial.o
__pack_f                                          c:/program files/winavr-20090313/bin/../lib/gcc/avr/4.3.2/avr5\libgcc.a(_pack_sf.o)
                                                  c:/program files/winavr-20090313/bin/../lib/gcc/avr/4.3.2/avr5\libgcc.a(_usi_to_sf.o)
                                                  c:/program files/winavr-20090313/bin/../lib/gcc/avr/4.3.2/avr5\libgcc.a(_si_to_sf.o)
                                                  c:/program files/winavr-20090313/bin/../lib/gcc/avr/4.3.2/avr5\libgcc.a(_div_sf.o)
                                                  c:/program files/winavr-20090313/bin/../lib/gcc/avr/4.3.2/avr5\libgcc.a(_mul_sf.o)
                                                  c:/program files/winavr-20090313/bin/../lib/gcc/avr/4.3.2/avr5\libgcc.a(_addsub_sf.o)
__prologue_saves__                                c:/program files/winavr-20090313/bin/../lib/gcc/avr/4.3.2/avr5\libgcc.a(_prologue.o)
                                                  c:/program files/winavr-20090313/bin/../lib/gcc/avr/4.3.2/../../../../avr/lib/avr5\libc.a(random.o)
                                                  c:/program files/winavr-20090313/bin/../lib/gcc/avr/4.3.2/avr5\libgcc.a(_usi_to_sf.o)
                                                  c:/program files/winavr-20090313/bin/../lib/gcc/avr/4.3.2/avr5\libgcc.a(_sf_to_si.o)
                                                  c:/program files/winavr-20090313/bin/../lib/gcc/avr/4.3.2/avr5\libgcc.a(_si_to_sf.o)
                                                  c:/program files/winavr-20090313/bin/../lib/gcc/avr/4.3.2/avr5\libgcc.a(_lt_sf.o)
                                                  c:/program files/winavr-20090313/bin/../lib/gcc/avr/4.3.2/avr5\libgcc.a(_ge_sf.o)
                                                  c:/program files/winavr-20090313/bin/../lib/gcc/avr/4.3.2/avr5\libgcc.a(_div_sf.o)
                                                  c:/program files/winavr-20090313/bin/../lib/gcc/avr/4.3.2/avr5\libgcc.a(_mul_sf.o)
                                                  c:/program files/winavr-20090313/bin/../lib/gcc/avr/4.3.2/avr5\libgcc.a(_addsub_sf.o)
__stack                                           c:/program files/winavr-20090313/bin/../lib/gcc/avr/4.3.2/../../../../avr/lib/avr5/crtm328p.o
__subsf3                                          c:/program files/winavr-20090313/bin/../lib/gcc/avr/4.3.2/avr5\libgcc.a(_addsub_sf.o)
                                                  c:/program files/winavr-20090313/bin/../lib/gcc/avr/4.3.2/avr5\libgcc.a(_fixunssfsi.o)
                                                  ./Core/Print.o
__tablejump2__                                    c:/program files/winavr-20090313/bin/../lib/gcc/avr/4.3.2/avr5\libgcc.a(_tablejump.o)
__tablejump__                                     c:/program files/winavr-20090313/bin/../lib/gcc/avr/4.3.2/avr5\libgcc.a(_tablejump.o)
                                                  c:/program files/winavr-20090313/bin/../lib/gcc/avr/4.3.2/avr5\libgcc.a(_ctors.o)
__thenan_sf                                       c:/program files/winavr-20090313/bin/../lib/gcc/avr/4.3.2/avr5\libgcc.a(_thenan_sf.o)
                                                  c:/program files/winavr-20090313/bin/../lib/gcc/avr/4.3.2/avr5\libgcc.a(_div_sf.o)
                                                  c:/program files/winavr-20090313/bin/../lib/gcc/avr/4.3.2/avr5\libgcc.a(_mul_sf.o)
                                                  c:/program files/winavr-20090313/bin/../lib/gcc/avr/4.3.2/avr5\libgcc.a(_addsub_sf.o)
__udivmodhi4                                      c:/program files/winavr-20090313/bin/../lib/gcc/avr/4.3.2/avr5\libgcc.a(_udivmodhi4.o)
                                                  c:/program files/winavr-20090313/bin/../lib/gcc/avr/4.3.2/../../../../avr/lib/avr5\libc.a(itoa.o)
                                                  c:/program files/winavr-20090313/bin/../lib/gcc/avr/4.3.2/avr5\libgcc.a(_divmodhi4.o)
__udivmodsi4                                      c:/program files/winavr-20090313/bin/../lib/gcc/avr/4.3.2/avr5\libgcc.a(_udivmodsi4.o)
                                                  c:/program files/winavr-20090313/bin/../lib/gcc/avr/4.3.2/../../../../avr/lib/avr5\libc.a(ultoa.o)
                                                  c:/program files/winavr-20090313/bin/../lib/gcc/avr/4.3.2/../../../../avr/lib/avr5\libc.a(ltoa.o)
                                                  c:/program files/winavr-20090313/bin/../lib/gcc/avr/4.3.2/avr5\libgcc.a(_divmodsi4.o)
                                                  ./Core/Tone.o
                                                  ./Core/Print.o
                                                  ./Core/HardwareSerial.o
__unpack_f                                        c:/program files/winavr-20090313/bin/../lib/gcc/avr/4.3.2/avr5\libgcc.a(_unpack_sf.o)
                                                  c:/program files/winavr-20090313/bin/../lib/gcc/avr/4.3.2/avr5\libgcc.a(_sf_to_si.o)
                                                  c:/program files/winavr-20090313/bin/../lib/gcc/avr/4.3.2/avr5\libgcc.a(_lt_sf.o)
                                                  c:/program files/winavr-20090313/bin/../lib/gcc/avr/4.3.2/avr5\libgcc.a(_ge_sf.o)
                                                  c:/program files/winavr-20090313/bin/../lib/gcc/avr/4.3.2/avr5\libgcc.a(_div_sf.o)
                                                  c:/program files/winavr-20090313/bin/../lib/gcc/avr/4.3.2/avr5\libgcc.a(_mul_sf.o)
                                                  c:/program files/winavr-20090313/bin/../lib/gcc/avr/4.3.2/avr5\libgcc.a(_addsub_sf.o)
__vector_1                                        ./Core/WInterrupts.o
                                                  c:/program files/winavr-20090313/bin/../lib/gcc/avr/4.3.2/../../../../avr/lib/avr5/crtm328p.o
__vector_10                                       c:/program files/winavr-20090313/bin/../lib/gcc/avr/4.3.2/../../../../avr/lib/avr5/crtm328p.o
__vector_11                                       c:/program files/winavr-20090313/bin/../lib/gcc/avr/4.3.2/../../../../avr/lib/avr5/crtm328p.o
__vector_12                                       c:/program files/winavr-20090313/bin/../lib/gcc/avr/4.3.2/../../../../avr/lib/avr5/crtm328p.o
__vector_13                                       c:/program files/winavr-20090313/bin/../lib/gcc/avr/4.3.2/../../../../avr/lib/avr5/crtm328p.o
__vector_14                                       c:/program files/winavr-20090313/bin/../lib/gcc/avr/4.3.2/../../../../avr/lib/avr5/crtm328p.o
__vector_15                                       c:/program files/winavr-20090313/bin/../lib/gcc/avr/4.3.2/../../../../avr/lib/avr5/crtm328p.o
__vector_16                                       ./Core/wiring.o
                                                  c:/program files/winavr-20090313/bin/../lib/gcc/avr/4.3.2/../../../../avr/lib/avr5/crtm328p.o
__vector_17                                       c:/program files/winavr-20090313/bin/../lib/gcc/avr/4.3.2/../../../../avr/lib/avr5/crtm328p.o
__vector_18                                       ./Core/HardwareSerial.o
                                                  c:/program files/winavr-20090313/bin/../lib/gcc/avr/4.3.2/../../../../avr/lib/avr5/crtm328p.o
__vector_19                                       c:/program files/winavr-20090313/bin/../lib/gcc/avr/4.3.2/../../../../avr/lib/avr5/crtm328p.o
__vector_2                                        ./Core/WInterrupts.o
                                                  c:/program files/winavr-20090313/bin/../lib/gcc/avr/4.3.2/../../../../avr/lib/avr5/crtm328p.o
__vector_20                                       c:/program files/winavr-20090313/bin/../lib/gcc/avr/4.3.2/../../../../avr/lib/avr5/crtm328p.o
__vector_21                                       c:/program files/winavr-20090313/bin/../lib/gcc/avr/4.3.2/../../../../avr/lib/avr5/crtm328p.o
__vector_22                                       c:/program files/winavr-20090313/bin/../lib/gcc/avr/4.3.2/../../../../avr/lib/avr5/crtm328p.o
__vector_23                                       c:/program files/winavr-20090313/bin/../lib/gcc/avr/4.3.2/../../../../avr/lib/avr5/crtm328p.o
__vector_24                                       c:/program files/winavr-20090313/bin/../lib/gcc/avr/4.3.2/../../../../avr/lib/avr5/crtm328p.o
__vector_25                                       c:/program files/winavr-20090313/bin/../lib/gcc/avr/4.3.2/../../../../avr/lib/avr5/crtm328p.o
__vector_3                                        c:/program files/winavr-20090313/bin/../lib/gcc/avr/4.3.2/../../../../avr/lib/avr5/crtm328p.o
__vector_4                                        c:/program files/winavr-20090313/bin/../lib/gcc/avr/4.3.2/../../../../avr/lib/avr5/crtm328p.o
__vector_5                                        c:/program files/winavr-20090313/bin/../lib/gcc/avr/4.3.2/../../../../avr/lib/avr5/crtm328p.o
__vector_6                                        c:/program files/winavr-20090313/bin/../lib/gcc/avr/4.3.2/../../../../avr/lib/avr5/crtm328p.o
__vector_7                                        ./Core/Tone.o
                                                  c:/program files/winavr-20090313/bin/../lib/gcc/avr/4.3.2/../../../../avr/lib/avr5/crtm328p.o
__vector_8                                        c:/program files/winavr-20090313/bin/../lib/gcc/avr/4.3.2/../../../../avr/lib/avr5/crtm328p.o
__vector_9                                        c:/program files/winavr-20090313/bin/../lib/gcc/avr/4.3.2/../../../../avr/lib/avr5/crtm328p.o
__vector_default                                  c:/program files/winavr-20090313/bin/../lib/gcc/avr/4.3.2/../../../../avr/lib/avr5/crtm328p.o
__vectors                                         c:/program files/winavr-20090313/bin/../lib/gcc/avr/4.3.2/../../../../avr/lib/avr5/crtm328p.o
_div                                              c:/program files/winavr-20090313/bin/../lib/gcc/avr/4.3.2/avr5\libgcc.a(_divmodhi4.o)
_exit                                             c:/program files/winavr-20090313/bin/../lib/gcc/avr/4.3.2/avr5\libgcc.a(_exit.o)
analogRead                                        ./Core/wiring_analog.o
analogReference                                   ./Core/wiring_analog.o
analogWrite                                       ./Core/wiring_analog.o
analog_reference                                  ./Core/wiring_analog.o
attachInterrupt                                   ./Core/WInterrupts.o
delay                                             ./Core/wiring.o
                                                  ./main.o
delayMicroseconds                                 ./Core/wiring.o
                                                  ./Spi/Spi.o
detachInterrupt                                   ./Core/WInterrupts.o
digitalRead                                       ./Core/wiring_digital.o
                                                  ./Core/wiring_shift.o
digitalWrite                                      ./Core/wiring_digital.o
                                                  ./Core/wiring_shift.o
                                                  ./Core/wiring_analog.o
                                                  ./Core/Tone.o
                                                  ./Mirf/Mirf.o
digital_pin_to_bit_mask_PGM                       ./Core/pins_arduino.o
                                                  ./Core/wiring_pulse.o
                                                  ./Core/wiring_digital.o
                                                  ./Core/Tone.o
digital_pin_to_port_PGM                           ./Core/pins_arduino.o
                                                  ./Core/wiring_pulse.o
                                                  ./Core/wiring_digital.o
                                                  ./Core/Tone.o
digital_pin_to_timer_PGM                          ./Core/pins_arduino.o
                                                  ./Core/wiring_digital.o
                                                  ./Core/wiring_analog.o
disableTimer(unsigned char)                       ./Core/Tone.o
exit                                              c:/program files/winavr-20090313/bin/../lib/gcc/avr/4.3.2/avr5\libgcc.a(_exit.o)
                                                  c:/program files/winavr-20090313/bin/../lib/gcc/avr/4.3.2/../../../../avr/lib/avr5/crtm328p.o
free                                              c:/program files/winavr-20090313/bin/../lib/gcc/avr/4.3.2/../../../../avr/lib/avr5\libc.a(malloc.o)
                                                  ./Core/WString.o
init                                              ./Core/wiring.o
                                                  ./main.o
isspace                                           c:/program files/winavr-20090313/bin/../lib/gcc/avr/4.3.2/../../../../avr/lib/avr5\libc.a(isspace.o)
                                                  ./Core/WString.o
itoa                                              c:/program files/winavr-20090313/bin/../lib/gcc/avr/4.3.2/../../../../avr/lib/avr5\libc.a(itoa.o)
                                                  ./Core/WString.o
loop                                              ./main.o
ltoa                                              c:/program files/winavr-20090313/bin/../lib/gcc/avr/4.3.2/../../../../avr/lib/avr5\libc.a(ltoa.o)
                                                  ./Core/WString.o
main                                              ./main.o
                                                  c:/program files/winavr-20090313/bin/../lib/gcc/avr/4.3.2/../../../../avr/lib/avr5/crtm328p.o
makeWord(unsigned char, unsigned char)            ./Core/WMath.o
makeWord(unsigned int)                            ./Core/WMath.o
malloc                                            c:/program files/winavr-20090313/bin/../lib/gcc/avr/4.3.2/../../../../avr/lib/avr5\libc.a(malloc.o)
                                                  ./Core/WString.o
map(long, long, long, long, long)                 ./Core/WMath.o
micros                                            ./Core/wiring.o
millis                                            ./Core/wiring.o
                                                  ./main.o
noTone(unsigned char)                             ./Core/Tone.o
pinMode                                           ./Core/wiring_digital.o
                                                  ./Core/wiring_analog.o
                                                  ./Core/Tone.o
                                                  ./Mirf/Mirf.o
                                                  ./Spi/Spi.o
port_to_input_PGM                                 ./Core/pins_arduino.o
                                                  ./Core/wiring_pulse.o
                                                  ./Core/wiring_digital.o
port_to_mode_PGM                                  ./Core/pins_arduino.o
                                                  ./Core/wiring_digital.o
port_to_output_PGM                                ./Core/pins_arduino.o
                                                  ./Core/wiring_digital.o
                                                  ./Core/Tone.o
pulseIn                                           ./Core/wiring_pulse.o
random                                            c:/program files/winavr-20090313/bin/../lib/gcc/avr/4.3.2/../../../../avr/lib/avr5\libc.a(random.o)
                                                  ./Core/WMath.o
random(long)                                      ./Core/WMath.o
random(long, long)                                ./Core/WMath.o
randomSeed(unsigned int)                          ./Core/WMath.o
random_r                                          c:/program files/winavr-20090313/bin/../lib/gcc/avr/4.3.2/../../../../avr/lib/avr5\libc.a(random.o)
rx_buffer                                         ./Core/HardwareSerial.o
setup                                             ./main.o
shiftIn                                           ./Core/wiring_shift.o
shiftOut                                          ./Core/wiring_shift.o
srandom                                           c:/program files/winavr-20090313/bin/../lib/gcc/avr/4.3.2/../../../../avr/lib/avr5\libc.a(random.o)
                                                  ./Core/WMath.o
strcat                                            c:/program files/winavr-20090313/bin/../lib/gcc/avr/4.3.2/../../../../avr/lib/avr5\libc.a(strcat.o)
                                                  ./Core/WString.o
strchr                                            c:/program files/winavr-20090313/bin/../lib/gcc/avr/4.3.2/../../../../avr/lib/avr5\libc.a(strchr.o)
                                                  ./Core/WString.o
strcmp                                            c:/program files/winavr-20090313/bin/../lib/gcc/avr/4.3.2/../../../../avr/lib/avr5\libc.a(strcmp.o)
                                                  ./Core/WString.o
strcpy                                            c:/program files/winavr-20090313/bin/../lib/gcc/avr/4.3.2/../../../../avr/lib/avr5\libc.a(strcpy.o)
                                                  ./Core/WString.o
strncmp                                           c:/program files/winavr-20090313/bin/../lib/gcc/avr/4.3.2/../../../../avr/lib/avr5\libc.a(strncmp.o)
                                                  ./Core/WString.o
strncpy                                           c:/program files/winavr-20090313/bin/../lib/gcc/avr/4.3.2/../../../../avr/lib/avr5\libc.a(strncpy.o)
                                                  ./Core/WString.o
strrchr                                           c:/program files/winavr-20090313/bin/../lib/gcc/avr/4.3.2/../../../../avr/lib/avr5\libc.a(strrchr.o)
                                                  ./Core/WString.o
strrev                                            c:/program files/winavr-20090313/bin/../lib/gcc/avr/4.3.2/../../../../avr/lib/avr5\libc.a(strrev.o)
                                                  c:/program files/winavr-20090313/bin/../lib/gcc/avr/4.3.2/../../../../avr/lib/avr5\libc.a(ultoa.o)
                                                  c:/program files/winavr-20090313/bin/../lib/gcc/avr/4.3.2/../../../../avr/lib/avr5\libc.a(ltoa.o)
                                                  c:/program files/winavr-20090313/bin/../lib/gcc/avr/4.3.2/../../../../avr/lib/avr5\libc.a(itoa.o)
strstr                                            c:/program files/winavr-20090313/bin/../lib/gcc/avr/4.3.2/../../../../avr/lib/avr5\libc.a(strstr.o)
                                                  ./Core/WString.o
timer0_millis                                     ./Core/wiring.o
timer0_overflow_count                             ./Core/wiring.o
timer0_pin_mask                                   ./Core/Tone.o
timer0_pin_port                                   ./Core/Tone.o
timer0_toggle_count                               ./Core/Tone.o
timer1_pin_mask                                   ./Core/Tone.o
timer1_pin_port                                   ./Core/Tone.o
timer1_toggle_count                               ./Core/Tone.o
timer2_pin_mask                                   ./Core/Tone.o
timer2_pin_port                                   ./Core/Tone.o
timer2_toggle_count                               ./Core/Tone.o
tolower                                           c:/program files/winavr-20090313/bin/../lib/gcc/avr/4.3.2/../../../../avr/lib/avr5\libc.a(tolower.o)
                                                  ./Core/WString.o
tone(unsigned char, unsigned int, unsigned long)  ./Core/Tone.o
toupper                                           c:/program files/winavr-20090313/bin/../lib/gcc/avr/4.3.2/../../../../avr/lib/avr5\libc.a(toupper.o)
                                                  ./Core/WString.o
ultoa                                             c:/program files/winavr-20090313/bin/../lib/gcc/avr/4.3.2/../../../../avr/lib/avr5\libc.a(ultoa.o)
                                                  ./Core/WString.o
vtable for HardwareSerial                         ./Core/HardwareSerial.o
vtable for Print                                  ./Core/Print.o
vtable for Stream                                 ./Core/HardwareSerial.o
