Archive member included because of file (symbol)

c:/program files/winavr-20090313/bin/../lib/gcc/avr/4.3.2/avr5\libgcc.a(_mulsi3.o)
                              ./Core/HardwareSerial.o (__mulsi3)
c:/program files/winavr-20090313/bin/../lib/gcc/avr/4.3.2/avr5\libgcc.a(_divmodhi4.o)
                              ./Core/HardwareSerial.o (__divmodhi4)
c:/program files/winavr-20090313/bin/../lib/gcc/avr/4.3.2/avr5\libgcc.a(_udivmodsi4.o)
                              ./Core/HardwareSerial.o (__udivmodsi4)
c:/program files/winavr-20090313/bin/../lib/gcc/avr/4.3.2/avr5\libgcc.a(_divmodsi4.o)
                              ./Core/WMath.o (__divmodsi4)
c:/program files/winavr-20090313/bin/../lib/gcc/avr/4.3.2/avr5\libgcc.a(_exit.o)
                              c:/program files/winavr-20090313/bin/../lib/gcc/avr/4.3.2/../../../../avr/lib/avr5/crtm328p.o (exit)
c:/program files/winavr-20090313/bin/../lib/gcc/avr/4.3.2/avr5\libgcc.a(_copy_data.o)
                              ./Core/HardwareSerial.o (__do_copy_data)
c:/program files/winavr-20090313/bin/../lib/gcc/avr/4.3.2/avr5\libgcc.a(_clear_bss.o)
                              ./Core/HardwareSerial.o (__do_clear_bss)
c:/program files/winavr-20090313/bin/../lib/gcc/avr/4.3.2/avr5\libgcc.a(_ctors.o)
                              ./Core/HardwareSerial.o (__do_global_ctors)
c:/program files/winavr-20090313/bin/../lib/gcc/avr/4.3.2/avr5\libgcc.a(_fixunssfsi.o)
                              ./Core/Print.o (__fixunssfsi)
c:/program files/winavr-20090313/bin/../lib/gcc/avr/4.3.2/avr5\libgcc.a(_addsub_sf.o)
                              ./Core/Print.o (__subsf3)
c:/program files/winavr-20090313/bin/../lib/gcc/avr/4.3.2/avr5\libgcc.a(_mul_sf.o)
                              ./Core/Print.o (__mulsf3)
c:/program files/winavr-20090313/bin/../lib/gcc/avr/4.3.2/avr5\libgcc.a(_div_sf.o)
                              ./Core/Print.o (__divsf3)
c:/program files/winavr-20090313/bin/../lib/gcc/avr/4.3.2/avr5\libgcc.a(_ge_sf.o)
                              c:/program files/winavr-20090313/bin/../lib/gcc/avr/4.3.2/avr5\libgcc.a(_fixunssfsi.o) (__gesf2)
c:/program files/winavr-20090313/bin/../lib/gcc/avr/4.3.2/avr5\libgcc.a(_lt_sf.o)
                              ./Core/Print.o (__ltsf2)
c:/program files/winavr-20090313/bin/../lib/gcc/avr/4.3.2/avr5\libgcc.a(_si_to_sf.o)
                              ./Core/Print.o (__floatsisf)
c:/program files/winavr-20090313/bin/../lib/gcc/avr/4.3.2/avr5\libgcc.a(_sf_to_si.o)
                              ./Core/Print.o (__fixsfsi)
c:/program files/winavr-20090313/bin/../lib/gcc/avr/4.3.2/avr5\libgcc.a(_thenan_sf.o)
                              c:/program files/winavr-20090313/bin/../lib/gcc/avr/4.3.2/avr5\libgcc.a(_addsub_sf.o) (__thenan_sf)
c:/program files/winavr-20090313/bin/../lib/gcc/avr/4.3.2/avr5\libgcc.a(_usi_to_sf.o)
                              ./Core/Print.o (__floatunsisf)
c:/program files/winavr-20090313/bin/../lib/gcc/avr/4.3.2/avr5\libgcc.a(_udivmodhi4.o)
                              c:/program files/winavr-20090313/bin/../lib/gcc/avr/4.3.2/avr5\libgcc.a(_divmodhi4.o) (__udivmodhi4)
c:/program files/winavr-20090313/bin/../lib/gcc/avr/4.3.2/avr5\libgcc.a(_prologue.o)
                              c:/program files/winavr-20090313/bin/../lib/gcc/avr/4.3.2/avr5\libgcc.a(_addsub_sf.o) (__prologue_saves__)
c:/program files/winavr-20090313/bin/../lib/gcc/avr/4.3.2/avr5\libgcc.a(_epilogue.o)
                              c:/program files/winavr-20090313/bin/../lib/gcc/avr/4.3.2/avr5\libgcc.a(_addsub_sf.o) (__epilogue_restores__)
c:/program files/winavr-20090313/bin/../lib/gcc/avr/4.3.2/avr5\libgcc.a(_tablejump.o)
                              c:/program files/winavr-20090313/bin/../lib/gcc/avr/4.3.2/avr5\libgcc.a(_ctors.o) (__tablejump__)
c:/program files/winavr-20090313/bin/../lib/gcc/avr/4.3.2/avr5\libgcc.a(_clzsi2.o)
                              c:/program files/winavr-20090313/bin/../lib/gcc/avr/4.3.2/avr5\libgcc.a(_si_to_sf.o) (__clzsi2)
c:/program files/winavr-20090313/bin/../lib/gcc/avr/4.3.2/avr5\libgcc.a(_pack_sf.o)
                              c:/program files/winavr-20090313/bin/../lib/gcc/avr/4.3.2/avr5\libgcc.a(_addsub_sf.o) (__pack_f)
c:/program files/winavr-20090313/bin/../lib/gcc/avr/4.3.2/avr5\libgcc.a(_unpack_sf.o)
                              c:/program files/winavr-20090313/bin/../lib/gcc/avr/4.3.2/avr5\libgcc.a(_addsub_sf.o) (__unpack_f)
c:/program files/winavr-20090313/bin/../lib/gcc/avr/4.3.2/avr5\libgcc.a(_fpcmp_parts_sf.o)
                              c:/program files/winavr-20090313/bin/../lib/gcc/avr/4.3.2/avr5\libgcc.a(_ge_sf.o) (__fpcmp_parts_f)
c:/program files/winavr-20090313/bin/../lib/gcc/avr/4.3.2/avr5\libgcc.a(_clz.o)
                              c:/program files/winavr-20090313/bin/../lib/gcc/avr/4.3.2/avr5\libgcc.a(_clzsi2.o) (__clz_tab)
c:/program files/winavr-20090313/bin/../lib/gcc/avr/4.3.2/../../../../avr/lib/avr5\libc.a(malloc.o)
                              ./Core/WString.o (malloc)
c:/program files/winavr-20090313/bin/../lib/gcc/avr/4.3.2/../../../../avr/lib/avr5\libc.a(random.o)
                              ./Core/WMath.o (random)
c:/program files/winavr-20090313/bin/../lib/gcc/avr/4.3.2/../../../../avr/lib/avr5\libc.a(isspace.o)
                              ./Core/WString.o (isspace)
c:/program files/winavr-20090313/bin/../lib/gcc/avr/4.3.2/../../../../avr/lib/avr5\libc.a(tolower.o)
                              ./Core/WString.o (tolower)
c:/program files/winavr-20090313/bin/../lib/gcc/avr/4.3.2/../../../../avr/lib/avr5\libc.a(toupper.o)
                              ./Core/WString.o (toupper)
c:/program files/winavr-20090313/bin/../lib/gcc/avr/4.3.2/../../../../avr/lib/avr5\libc.a(strcat.o)
                              ./Core/WString.o (strcat)
c:/program files/winavr-20090313/bin/../lib/gcc/avr/4.3.2/../../../../avr/lib/avr5\libc.a(strchr.o)
                              ./Core/WString.o (strchr)
c:/program files/winavr-20090313/bin/../lib/gcc/avr/4.3.2/../../../../avr/lib/avr5\libc.a(strcmp.o)
                              ./Core/WString.o (strcmp)
c:/program files/winavr-20090313/bin/../lib/gcc/avr/4.3.2/../../../../avr/lib/avr5\libc.a(strcpy.o)
                              ./Core/WString.o (strcpy)
c:/program files/winavr-20090313/bin/../lib/gcc/avr/4.3.2/../../../../avr/lib/avr5\libc.a(strncmp.o)
                              ./Core/WString.o (strncmp)
c:/program files/winavr-20090313/bin/../lib/gcc/avr/4.3.2/../../../../avr/lib/avr5\libc.a(strncpy.o)
                              ./Core/WString.o (strncpy)
c:/program files/winavr-20090313/bin/../lib/gcc/avr/4.3.2/../../../../avr/lib/avr5\libc.a(strrchr.o)
                              ./Core/WString.o (strrchr)
c:/program files/winavr-20090313/bin/../lib/gcc/avr/4.3.2/../../../../avr/lib/avr5\libc.a(strstr.o)
                              ./Core/WString.o (strstr)
c:/program files/winavr-20090313/bin/../lib/gcc/avr/4.3.2/../../../../avr/lib/avr5\libc.a(itoa.o)
                              ./Core/WString.o (itoa)
c:/program files/winavr-20090313/bin/../lib/gcc/avr/4.3.2/../../../../avr/lib/avr5\libc.a(ltoa.o)
                              ./Core/WString.o (ltoa)
c:/program files/winavr-20090313/bin/../lib/gcc/avr/4.3.2/../../../../avr/lib/avr5\libc.a(ultoa.o)
                              ./Core/WString.o (ultoa)
c:/program files/winavr-20090313/bin/../lib/gcc/avr/4.3.2/../../../../avr/lib/avr5\libc.a(cty_isfalse.o)
                              c:/program files/winavr-20090313/bin/../lib/gcc/avr/4.3.2/../../../../avr/lib/avr5\libc.a(isspace.o) (__ctype_isfalse)
c:/program files/winavr-20090313/bin/../lib/gcc/avr/4.3.2/../../../../avr/lib/avr5\libc.a(strrev.o)
                              c:/program files/winavr-20090313/bin/../lib/gcc/avr/4.3.2/../../../../avr/lib/avr5\libc.a(itoa.o) (strrev)

Allocating common symbols
Common symbol       size              file

__brkval            0x2               c:/program files/winavr-20090313/bin/../lib/gcc/avr/4.3.2/../../../../avr/lib/avr5\libc.a(malloc.o)
__flp               0x2               c:/program files/winavr-20090313/bin/../lib/gcc/avr/4.3.2/../../../../avr/lib/avr5\libc.a(malloc.o)

Memory Configuration

Name             Origin             Length             Attributes
text             0x00000000         0x00020000         xr
data             0x00800060         0x0000ffa0         rw !x
eeprom           0x00810000         0x00010000         rw !x
fuse             0x00820000         0x00000400         rw !x
lock             0x00830000         0x00000400         rw !x
signature        0x00840000         0x00000400         rw !x
*default*        0x00000000         0xffffffff

Linker script and memory map

Address of section .data set to 0x800100
LOAD c:/program files/winavr-20090313/bin/../lib/gcc/avr/4.3.2/../../../../avr/lib/avr5/crtm328p.o
LOAD ./main.o
LOAD ./Core/HardwareSerial.o
LOAD ./Core/Print.o
LOAD ./Core/Tone.o
LOAD ./Core/WInterrupts.o
LOAD ./Core/WMath.o
LOAD ./Core/WString.o
LOAD ./Core/pins_arduino.o
LOAD ./Core/wiring.o
LOAD ./Core/wiring_analog.o
LOAD ./Core/wiring_digital.o
LOAD ./Core/wiring_pulse.o
LOAD ./Core/wiring_shift.o
LOAD c:/program files/winavr-20090313/bin/../lib/gcc/avr/4.3.2/avr5\libgcc.a
LOAD c:/program files/winavr-20090313/bin/../lib/gcc/avr/4.3.2/../../../../avr/lib/avr5\libm.a
LOAD c:/program files/winavr-20090313/bin/../lib/gcc/avr/4.3.2/avr5\libgcc.a
LOAD c:/program files/winavr-20090313/bin/../lib/gcc/avr/4.3.2/../../../../avr/lib/avr5\libc.a
LOAD c:/program files/winavr-20090313/bin/../lib/gcc/avr/4.3.2/avr5\libgcc.a

.hash
 *(.hash)

.dynsym
 *(.dynsym)

.dynstr
 *(.dynstr)

.gnu.version
 *(.gnu.version)

.gnu.version_d
 *(.gnu.version_d)

.gnu.version_r
 *(.gnu.version_r)

.rel.init
 *(.rel.init)

.rela.init
 *(.rela.init)

.rel.text
 *(.rel.text)
 *(.rel.text.*)
 *(.rel.gnu.linkonce.t*)

.rela.text
 *(.rela.text)
 *(.rela.text.*)
 *(.rela.gnu.linkonce.t*)

.rel.fini
 *(.rel.fini)

.rela.fini
 *(.rela.fini)

.rel.rodata
 *(.rel.rodata)
 *(.rel.rodata.*)
 *(.rel.gnu.linkonce.r*)

.rela.rodata
 *(.rela.rodata)
 *(.rela.rodata.*)
 *(.rela.gnu.linkonce.r*)

.rel.data
 *(.rel.data)
 *(.rel.data.*)
 *(.rel.gnu.linkonce.d*)

.rela.data
 *(.rela.data)
 *(.rela.data.*)
 *(.rela.gnu.linkonce.d*)

.rel.ctors
 *(.rel.ctors)

.rela.ctors
 *(.rela.ctors)

.rel.dtors
 *(.rel.dtors)

.rela.dtors
 *(.rela.dtors)

.rel.got
 *(.rel.got)

.rela.got
 *(.rela.got)

.rel.bss
 *(.rel.bss)

.rela.bss
 *(.rela.bss)

.rel.plt
 *(.rel.plt)

.rela.plt
 *(.rela.plt)

.text           0x00000000     0x3eb2
 *(.vectors)
 .vectors       0x00000000       0x68 c:/program files/winavr-20090313/bin/../lib/gcc/avr/4.3.2/../../../../avr/lib/avr5/crtm328p.o
                0x00000000                __vectors
                0x00000000                __vector_default
 *(.vectors)
 *(.progmem.gcc*)
 *(.progmem*)
 .progmem.data  0x00000068        0x1 ./Core/Tone.o
 .progmem.data  0x00000069       0x5a ./Core/pins_arduino.o
                0x00000069                port_to_mode_PGM
                0x00000087                digital_pin_to_port_PGM
                0x0000009b                digital_pin_to_bit_mask_PGM
                0x00000073                port_to_output_PGM
                0x0000007d                port_to_input_PGM
                0x000000af                digital_pin_to_timer_PGM
                0x000000c4                . = ALIGN (0x2)
 *fill*         0x000000c3        0x1 00
                0x000000c4                __trampolines_start = .
 *(.trampolines)
 .trampolines   0x000000c4        0x0 linker stubs
 *(.trampolines*)
                0x000000c4                __trampolines_end = .
 *(.jumptables)
 *(.jumptables*)
 *(.lowtext)
 *(.lowtext*)
                0x000000c4                __ctors_start = .
 *(.ctors)
 .ctors         0x000000c4        0x2 ./Core/HardwareSerial.o
                0x000000c6                __ctors_end = .
                0x000000c6                __dtors_start = .
 *(.dtors)
                0x000000c6                __dtors_end = .
 SORT(*)(.ctors)
 SORT(*)(.dtors)
 *(.init0)
 .init0         0x000000c6        0x0 c:/program files/winavr-20090313/bin/../lib/gcc/avr/4.3.2/../../../../avr/lib/avr5/crtm328p.o
                0x000000c6                __init
 *(.init0)
 *(.init1)
 *(.init1)
 *(.init2)
 .init2         0x000000c6        0xc c:/program files/winavr-20090313/bin/../lib/gcc/avr/4.3.2/../../../../avr/lib/avr5/crtm328p.o
 *(.init2)
 *(.init3)
 *(.init3)
 *(.init4)
 .init4         0x000000d2       0x16 c:/program files/winavr-20090313/bin/../lib/gcc/avr/4.3.2/avr5\libgcc.a(_copy_data.o)
                0x000000d2                __do_copy_data
 .init4         0x000000e8       0x10 c:/program files/winavr-20090313/bin/../lib/gcc/avr/4.3.2/avr5\libgcc.a(_clear_bss.o)
                0x000000e8                __do_clear_bss
 *(.init4)
 *(.init5)
 *(.init5)
 *(.init6)
 .init6         0x000000f8       0x16 c:/program files/winavr-20090313/bin/../lib/gcc/avr/4.3.2/avr5\libgcc.a(_ctors.o)
                0x000000f8                __do_global_ctors
 *(.init6)
 *(.init7)
 *(.init7)
 *(.init8)
 *(.init8)
 *(.init9)
 .init9         0x0000010e        0x8 c:/program files/winavr-20090313/bin/../lib/gcc/avr/4.3.2/../../../../avr/lib/avr5/crtm328p.o
 *(.init9)
 *(.text)
 .text          0x00000116        0x4 c:/program files/winavr-20090313/bin/../lib/gcc/avr/4.3.2/../../../../avr/lib/avr5/crtm328p.o
                0x00000116                __vector_22
                0x00000116                __vector_24
                0x00000116                __vector_12
                0x00000116                __bad_interrupt
                0x00000116                __vector_6
                0x00000116                __vector_3
                0x00000116                __vector_23
                0x00000116                __vector_25
                0x00000116                __vector_11
                0x00000116                __vector_13
                0x00000116                __vector_17
                0x00000116                __vector_19
                0x00000116                __vector_5
                0x00000116                __vector_4
                0x00000116                __vector_9
                0x00000116                __vector_21
                0x00000116                __vector_15
                0x00000116                __vector_8
                0x00000116                __vector_14
                0x00000116                __vector_10
                0x00000116                __vector_20
 .text          0x0000011a       0x3a ./main.o
                0x0000011a                __cxa_pure_virtual
                0x0000011e                main
 .text          0x00000154      0x4ce ./Core/HardwareSerial.o
                0x000004ec                HardwareSerial::peek()
                0x000004c4                HardwareSerial::available()
                0x00000588                HardwareSerial::write(unsigned char)
                0x0000028e                HardwareSerial::begin(long)
                0x00000570                HardwareSerial::flush()
                0x00000470                HardwareSerial::end()
                0x0000022e                HardwareSerial::HardwareSerial(ring_buffer*, unsigned char volatile*, unsigned char volatile*, unsigned char volatile*, unsigned char volatile*, unsigned char volatile*, unsigned char, unsigned char, unsigned char, unsigned char, unsigned char)
                0x000001ce                HardwareSerial::HardwareSerial(ring_buffer*, unsigned char volatile*, unsigned char volatile*, unsigned char volatile*, unsigned char volatile*, unsigned char volatile*, unsigned char, unsigned char, unsigned char, unsigned char, unsigned char)
                0x00000520                HardwareSerial::read()
                0x00000154                __vector_18
 .text          0x00000622      0x5a6 ./Core/Print.o
                0x000009fe                Print::println(String const&)
                0x00000982                Print::println(unsigned int, int)
                0x0000093e                Print::println()
                0x00000a2a                Print::println(int, int)
                0x000006f4                Print::printNumber(unsigned long, unsigned char)
                0x00000652                Print::write(unsigned char const*, unsigned int)
                0x00000bac                Print::print(double, int)
                0x0000091a                Print::print(char, int)
                0x00000622                Print::write(char const*)
                0x00000a94                Print::printFloat(double, unsigned char)
                0x000008f4                Print::print(int, int)
                0x00000864                Print::print(unsigned char, int)
                0x000009e8                Print::println(char const*)
                0x000009b4                Print::println(unsigned char, int)
                0x00000a60                Print::println(char, int)
                0x00000842                Print::print(unsigned int, int)
                0x00000690                Print::print(char const*)
                0x00000824                Print::print(unsigned long, int)
                0x00000a14                Print::println(long, int)
                0x00000bb2                Print::println(double, int)
                0x00000888                Print::print(long, int)
                0x0000096c                Print::println(unsigned long, int)
                0x000006a0                Print::print(String const&)
 .text          0x00000bc8      0x564 ./Core/Tone.o
                0x00000cd4                noTone(unsigned char)
                0x00000d02                tone(unsigned char, unsigned int, unsigned long)
                0x00000bc8                disableTimer(unsigned char)
                0x00000c0a                __vector_7
 .text          0x0000112c        0x0 ./Core/WInterrupts.o
 .text          0x0000112c      0x132 ./Core/WMath.o
                0x000011c0                makeWord(unsigned char, unsigned char)
                0x00001212                random(long, long)
                0x0000124e                randomSeed(unsigned int)
                0x0000112c                map(long, long, long, long, long)
                0x000011be                makeWord(unsigned int)
                0x000011ce                random(long)
 .text          0x0000125e     0x100a ./Core/WString.o
                0x0000126e                String::setCharAt(unsigned int, char)
                0x00001670                String::operator+=(String const&)
                0x00001d8e                String::lastIndexOf(String const&) const
                0x00001372                String::startsWith(String const&, unsigned int) const
                0x00001542                String::operator>=(String const&) const
                0x00001cac                String::substring(unsigned int) const
                0x0000187e                String::String(unsigned long, int)
                0x00001c3e                String::substring(unsigned int, unsigned int) const
                0x000012ca                String::toCharArray(char*, unsigned int)
                0x00001290                String::operator[](unsigned int)
                0x00001b34                String::toLowerCase() const
                0x00001812                String::String(String const&)
                0x0000144e                String::indexOf(String const&, unsigned int) const
                0x000012ba                String::operator[](unsigned int) const
                0x00001ac2                String::toUpperCase() const
                0x000017de                String::String(char)
                0x000015d2                String::operator!=(String const&) const
                0x000016dc                String::concat(String const&)
                0x0000125e                String::charAt(unsigned int) const
                0x000013ae                String::startsWith(String const&) const
                0x00001602                String::operator==(String const&) const
                0x00001fb6                String::replace(char, char)
                0x00001352                String::~String()
                0x00001848                String::String(String const&)
                0x000014cc                String::indexOf(char) const
                0x000016e2                String::operator=(String const&)
                0x00002084                String::String(long, int)
                0x000019f6                String::String(unsigned int, int)
                0x00001742                String::String(unsigned char)
                0x00001648                String::getBuffer(unsigned int)
                0x00001508                String::endsWith(String const&) const
                0x00001daa                String::trim() const
                0x00002178                String::String(int, int)
                0x00001cc4                String::lastIndexOf(String const&, unsigned int) const
                0x00001a72                String::String(char const*)
                0x00001636                String::compareTo(String const&) const
                0x000013d4                String::lastIndexOf(char, unsigned int) const
                0x0000148a                String::indexOf(String const&) const
                0x000014d6                String::equals(String const&) const
                0x000015ae                String::operator<(String const&) const
                0x0000156a                String::operator<=(String const&) const
                0x00001776                String::String(unsigned char)
                0x00002034                String::String(char const*)
                0x0000197a                String::String(unsigned int, int)
                0x000021f0                String::String(int, int)
                0x00001ba6                String::equalsIgnoreCase(String const&) const
                0x0000143e                String::lastIndexOf(char) const
                0x000020fe                String::String(long, int)
                0x000018fc                String::String(unsigned long, int)
                0x000017aa                String::String(char)
                0x00001494                String::indexOf(char, unsigned int) const
                0x0000130e                String::getBytes(unsigned char*, unsigned int)
                0x00001e80                String::replace(String const&, String const&)
                0x0000158c                String::operator>(String const&) const
 .text          0x00002268        0x0 ./Core/pins_arduino.o
 .text          0x00002268        0x0 ./Core/wiring.o
 .text          0x00002268        0x0 ./Core/wiring_analog.o
 .text          0x00002268        0x0 ./Core/wiring_digital.o
 .text          0x00002268        0x0 ./Core/wiring_pulse.o
 .text          0x00002268        0x0 ./Core/wiring_shift.o
 .text          0x00002268        0x0 c:/program files/winavr-20090313/bin/../lib/gcc/avr/4.3.2/avr5\libgcc.a(_mulsi3.o)
 .text          0x00002268        0x0 c:/program files/winavr-20090313/bin/../lib/gcc/avr/4.3.2/avr5\libgcc.a(_divmodhi4.o)
 .text          0x00002268        0x0 c:/program files/winavr-20090313/bin/../lib/gcc/avr/4.3.2/avr5\libgcc.a(_udivmodsi4.o)
 .text          0x00002268        0x0 c:/program files/winavr-20090313/bin/../lib/gcc/avr/4.3.2/avr5\libgcc.a(_divmodsi4.o)
 .text          0x00002268        0x0 c:/program files/winavr-20090313/bin/../lib/gcc/avr/4.3.2/avr5\libgcc.a(_exit.o)
 .text          0x00002268        0x0 c:/program files/winavr-20090313/bin/../lib/gcc/avr/4.3.2/avr5\libgcc.a(_copy_data.o)
 .text          0x00002268        0x0 c:/program files/winavr-20090313/bin/../lib/gcc/avr/4.3.2/avr5\libgcc.a(_clear_bss.o)
 .text          0x00002268        0x0 c:/program files/winavr-20090313/bin/../lib/gcc/avr/4.3.2/avr5\libgcc.a(_ctors.o)
 .text          0x00002268       0x58 c:/program files/winavr-20090313/bin/../lib/gcc/avr/4.3.2/avr5\libgcc.a(_fixunssfsi.o)
                0x00002268                __fixunssfsi
 .text          0x000022c0      0x354 c:/program files/winavr-20090313/bin/../lib/gcc/avr/4.3.2/avr5\libgcc.a(_addsub_sf.o)
                0x00002558                __subsf3
                0x000025ba                __addsf3
 .text          0x00002614      0x1f4 c:/program files/winavr-20090313/bin/../lib/gcc/avr/4.3.2/avr5\libgcc.a(_mul_sf.o)
                0x00002614                __mulsf3
 .text          0x00002808      0x158 c:/program files/winavr-20090313/bin/../lib/gcc/avr/4.3.2/avr5\libgcc.a(_div_sf.o)
                0x00002808                __divsf3
 .text          0x00002960       0x60 c:/program files/winavr-20090313/bin/../lib/gcc/avr/4.3.2/avr5\libgcc.a(_ge_sf.o)
                0x00002960                __gesf2
 .text          0x000029c0       0x60 c:/program files/winavr-20090313/bin/../lib/gcc/avr/4.3.2/avr5\libgcc.a(_lt_sf.o)
                0x000029c0                __ltsf2
 .text          0x00002a20       0xbc c:/program files/winavr-20090313/bin/../lib/gcc/avr/4.3.2/avr5\libgcc.a(_si_to_sf.o)
                0x00002a20                __floatsisf
 .text          0x00002adc       0xa8 c:/program files/winavr-20090313/bin/../lib/gcc/avr/4.3.2/avr5\libgcc.a(_sf_to_si.o)
                0x00002adc                __fixsfsi
 .text          0x00002b84        0x0 c:/program files/winavr-20090313/bin/../lib/gcc/avr/4.3.2/avr5\libgcc.a(_thenan_sf.o)
 .text          0x00002b84       0xf2 c:/program files/winavr-20090313/bin/../lib/gcc/avr/4.3.2/avr5\libgcc.a(_usi_to_sf.o)
                0x00002b84                __floatunsisf
 .text          0x00002c76        0x0 c:/program files/winavr-20090313/bin/../lib/gcc/avr/4.3.2/avr5\libgcc.a(_udivmodhi4.o)
 .text          0x00002c76        0x0 c:/program files/winavr-20090313/bin/../lib/gcc/avr/4.3.2/avr5\libgcc.a(_prologue.o)
 .text          0x00002c76        0x0 c:/program files/winavr-20090313/bin/../lib/gcc/avr/4.3.2/avr5\libgcc.a(_epilogue.o)
 .text          0x00002c76        0x0 c:/program files/winavr-20090313/bin/../lib/gcc/avr/4.3.2/avr5\libgcc.a(_tablejump.o)
 .text          0x00002c76       0x9e c:/program files/winavr-20090313/bin/../lib/gcc/avr/4.3.2/avr5\libgcc.a(_clzsi2.o)
                0x00002c76                __clzsi2
 .text          0x00002d14      0x1aa c:/program files/winavr-20090313/bin/../lib/gcc/avr/4.3.2/avr5\libgcc.a(_pack_sf.o)
                0x00002d14                __pack_f
 .text          0x00002ebe       0xf0 c:/program files/winavr-20090313/bin/../lib/gcc/avr/4.3.2/avr5\libgcc.a(_unpack_sf.o)
                0x00002ebe                __unpack_f
 .text          0x00002fae       0xb2 c:/program files/winavr-20090313/bin/../lib/gcc/avr/4.3.2/avr5\libgcc.a(_fpcmp_parts_sf.o)
                0x00002fae                __fpcmp_parts_f
 .text          0x00003060        0x0 c:/program files/winavr-20090313/bin/../lib/gcc/avr/4.3.2/avr5\libgcc.a(_clz.o)
 .text          0x00003060      0x20a c:/program files/winavr-20090313/bin/../lib/gcc/avr/4.3.2/../../../../avr/lib/avr5\libc.a(malloc.o)
                0x00003060                malloc
                0x000031ba                free
 .text          0x0000326a       0xc2 c:/program files/winavr-20090313/bin/../lib/gcc/avr/4.3.2/../../../../avr/lib/avr5\libc.a(random.o)
                0x00003310                random
                0x0000330a                random_r
                0x0000331a                srandom
 .text          0x0000332c        0x0 c:/program files/winavr-20090313/bin/../lib/gcc/avr/4.3.2/../../../../avr/lib/avr5\libc.a(isspace.o)
 .text          0x0000332c        0x0 c:/program files/winavr-20090313/bin/../lib/gcc/avr/4.3.2/../../../../avr/lib/avr5\libc.a(tolower.o)
 .text          0x0000332c        0x0 c:/program files/winavr-20090313/bin/../lib/gcc/avr/4.3.2/../../../../avr/lib/avr5\libc.a(toupper.o)
 .text          0x0000332c       0x16 c:/program files/winavr-20090313/bin/../lib/gcc/avr/4.3.2/../../../../avr/lib/avr5\libc.a(strcat.o)
                0x0000332c                strcat
 .text          0x00003342       0x16 c:/program files/winavr-20090313/bin/../lib/gcc/avr/4.3.2/../../../../avr/lib/avr5\libc.a(strchr.o)
                0x00003342                strchr
 .text          0x00003358       0x12 c:/program files/winavr-20090313/bin/../lib/gcc/avr/4.3.2/../../../../avr/lib/avr5\libc.a(strcmp.o)
                0x00003358                strcmp
 .text          0x0000336a        0xe c:/program files/winavr-20090313/bin/../lib/gcc/avr/4.3.2/../../../../avr/lib/avr5\libc.a(strcpy.o)
                0x0000336a                strcpy
 .text          0x00003378       0x1c c:/program files/winavr-20090313/bin/../lib/gcc/avr/4.3.2/../../../../avr/lib/avr5\libc.a(strncmp.o)
                0x00003378                strncmp
 .text          0x00003394       0x1e c:/program files/winavr-20090313/bin/../lib/gcc/avr/4.3.2/../../../../avr/lib/avr5\libc.a(strncpy.o)
                0x00003394                strncpy
 .text          0x000033b2       0x16 c:/program files/winavr-20090313/bin/../lib/gcc/avr/4.3.2/../../../../avr/lib/avr5\libc.a(strrchr.o)
                0x000033b2                strrchr
 .text          0x000033c8       0x34 c:/program files/winavr-20090313/bin/../lib/gcc/avr/4.3.2/../../../../avr/lib/avr5\libc.a(strstr.o)
                0x000033c8                strstr
 .text          0x000033fc       0x42 c:/program files/winavr-20090313/bin/../lib/gcc/avr/4.3.2/../../../../avr/lib/avr5\libc.a(itoa.o)
                0x000033fc                itoa
 .text          0x0000343e       0x68 c:/program files/winavr-20090313/bin/../lib/gcc/avr/4.3.2/../../../../avr/lib/avr5\libc.a(ltoa.o)
                0x0000343e                ltoa
 .text          0x000034a6       0x4a c:/program files/winavr-20090313/bin/../lib/gcc/avr/4.3.2/../../../../avr/lib/avr5\libc.a(ultoa.o)
                0x000034a6                ultoa
 .text          0x000034f0        0x0 c:/program files/winavr-20090313/bin/../lib/gcc/avr/4.3.2/../../../../avr/lib/avr5\libc.a(cty_isfalse.o)
 .text          0x000034f0       0x20 c:/program files/winavr-20090313/bin/../lib/gcc/avr/4.3.2/../../../../avr/lib/avr5\libc.a(strrev.o)
                0x000034f0                strrev
                0x00003510                . = ALIGN (0x2)
 *(.text.*)
 .text.attachInterrupt
                0x00003510       0x46 ./Core/WInterrupts.o
                0x00003510                attachInterrupt
 .text.detachInterrupt
                0x00003556       0x26 ./Core/WInterrupts.o
                0x00003556                detachInterrupt
 .text.__vector_1
                0x0000357c       0x5a ./Core/WInterrupts.o
                0x0000357c                __vector_1
 .text.__vector_2
                0x000035d6       0x5a ./Core/WInterrupts.o
                0x000035d6                __vector_2
 .text.__vector_16
                0x00003630       0x90 ./Core/wiring.o
                0x00003630                __vector_16
 .text.millis   0x000036c0       0x1c ./Core/wiring.o
                0x000036c0                millis
 .text.micros   0x000036dc       0x4c ./Core/wiring.o
                0x000036dc                micros
 .text.delay    0x00003728       0xb2 ./Core/wiring.o
                0x00003728                delay
 .text.delayMicroseconds
                0x000037da       0x14 ./Core/wiring.o
                0x000037da                delayMicroseconds
 .text.init     0x000037ee       0x76 ./Core/wiring.o
                0x000037ee                init
 .text.analogReference
                0x00003864        0x6 ./Core/wiring_analog.o
                0x00003864                analogReference
 .text.analogRead
                0x0000386a       0x44 ./Core/wiring_analog.o
                0x0000386a                analogRead
 .text.analogWrite
                0x000038ae       0xb2 ./Core/wiring_analog.o
                0x000038ae                analogWrite
 .text.pinMode  0x00003960       0x4c ./Core/wiring_digital.o
                0x00003960                pinMode
 .text.digitalWrite
                0x000039ac       0xa8 ./Core/wiring_digital.o
                0x000039ac                digitalWrite
 .text.digitalRead
                0x00003a54       0x9e ./Core/wiring_digital.o
                0x00003a54                digitalRead
 .text.pulseIn  0x00003af2      0x102 ./Core/wiring_pulse.o
                0x00003af2                pulseIn
 .text.shiftOut
                0x00003bf4       0x84 ./Core/wiring_shift.o
                0x00003bf4                shiftOut
 .text.shiftIn  0x00003c78       0x80 ./Core/wiring_shift.o
                0x00003c78                shiftIn
 .text.libgcc   0x00003cf8       0x3e c:/program files/winavr-20090313/bin/../lib/gcc/avr/4.3.2/avr5\libgcc.a(_mulsi3.o)
                0x00003cf8                __mulsi3
 .text.libgcc   0x00003d36       0x26 c:/program files/winavr-20090313/bin/../lib/gcc/avr/4.3.2/avr5\libgcc.a(_divmodhi4.o)
                0x00003d36                __divmodhi4
                0x00003d36                _div
 .text.libgcc   0x00003d5c       0x44 c:/program files/winavr-20090313/bin/../lib/gcc/avr/4.3.2/avr5\libgcc.a(_udivmodsi4.o)
                0x00003d5c                __udivmodsi4
 .text.libgcc   0x00003da0       0x36 c:/program files/winavr-20090313/bin/../lib/gcc/avr/4.3.2/avr5\libgcc.a(_divmodsi4.o)
                0x00003da0                __divmodsi4
 .text.libgcc   0x00003dd6        0x0 c:/program files/winavr-20090313/bin/../lib/gcc/avr/4.3.2/avr5\libgcc.a(_exit.o)
 .text.libgcc   0x00003dd6        0x0 c:/program files/winavr-20090313/bin/../lib/gcc/avr/4.3.2/avr5\libgcc.a(_copy_data.o)
 .text.libgcc   0x00003dd6        0x0 c:/program files/winavr-20090313/bin/../lib/gcc/avr/4.3.2/avr5\libgcc.a(_clear_bss.o)
 .text.libgcc   0x00003dd6        0x0 c:/program files/winavr-20090313/bin/../lib/gcc/avr/4.3.2/avr5\libgcc.a(_ctors.o)
 .text.libgcc   0x00003dd6       0x28 c:/program files/winavr-20090313/bin/../lib/gcc/avr/4.3.2/avr5\libgcc.a(_udivmodhi4.o)
                0x00003dd6                __udivmodhi4
 .text.libgcc   0x00003dfe       0x38 c:/program files/winavr-20090313/bin/../lib/gcc/avr/4.3.2/avr5\libgcc.a(_prologue.o)
                0x00003dfe                __prologue_saves__
 .text.libgcc   0x00003e36       0x36 c:/program files/winavr-20090313/bin/../lib/gcc/avr/4.3.2/avr5\libgcc.a(_epilogue.o)
                0x00003e36                __epilogue_restores__
 .text.libgcc   0x00003e6c        0xc c:/program files/winavr-20090313/bin/../lib/gcc/avr/4.3.2/avr5\libgcc.a(_tablejump.o)
                0x00003e70                __tablejump__
                0x00003e6c                __tablejump2__
 .text.ctype    0x00003e78       0x10 c:/program files/winavr-20090313/bin/../lib/gcc/avr/4.3.2/../../../../avr/lib/avr5\libc.a(isspace.o)
                0x00003e78                isspace
 .text.ctype    0x00003e88       0x10 c:/program files/winavr-20090313/bin/../lib/gcc/avr/4.3.2/../../../../avr/lib/avr5\libc.a(tolower.o)
                0x00003e88                tolower
 .text.ctype    0x00003e98       0x10 c:/program files/winavr-20090313/bin/../lib/gcc/avr/4.3.2/../../../../avr/lib/avr5\libc.a(toupper.o)
                0x00003e98                toupper
 .text.ctype    0x00003ea8        0x6 c:/program files/winavr-20090313/bin/../lib/gcc/avr/4.3.2/../../../../avr/lib/avr5\libc.a(cty_isfalse.o)
                0x00003eac                __ctype_istrue
                0x00003ea8                __ctype_isfalse
                0x00003eae                . = ALIGN (0x2)
 *(.fini9)
 .fini9         0x00003eae        0x0 c:/program files/winavr-20090313/bin/../lib/gcc/avr/4.3.2/avr5\libgcc.a(_exit.o)
                0x00003eae                exit
                0x00003eae                _exit
 *(.fini9)
 *(.fini8)
 *(.fini8)
 *(.fini7)
 *(.fini7)
 *(.fini6)
 *(.fini6)
 *(.fini5)
 *(.fini5)
 *(.fini4)
 *(.fini4)
 *(.fini3)
 *(.fini3)
 *(.fini2)
 *(.fini2)
 *(.fini1)
 *(.fini1)
 *(.fini0)
 .fini0         0x00003eae        0x4 c:/program files/winavr-20090313/bin/../lib/gcc/avr/4.3.2/avr5\libgcc.a(_exit.o)
 *(.fini0)
                0x00003eb2                _etext = .

.data           0x00800100      0x144 load address 0x00003eb2
                0x00800100                PROVIDE (__data_start, .)
 *(.data)
 .data          0x00800100        0x0 c:/program files/winavr-20090313/bin/../lib/gcc/avr/4.3.2/../../../../avr/lib/avr5/crtm328p.o
 .data          0x00800100        0x0 ./main.o
 .data          0x00800100       0x22 ./Core/HardwareSerial.o
                0x00800100                vtable for HardwareSerial
                0x00800112                vtable for Stream
 .data          0x00800122        0xc ./Core/Print.o
                0x00800124                vtable for Print
 .data          0x0080012e        0x1 ./Core/Tone.o
 .data          0x0080012f        0x0 ./Core/WInterrupts.o
 .data          0x0080012f        0x0 ./Core/WMath.o
 .data          0x0080012f        0x1 ./Core/WString.o
 .data          0x00800130        0x0 ./Core/pins_arduino.o
 .data          0x00800130        0x0 ./Core/wiring.o
 .data          0x00800130        0x0 ./Core/wiring_analog.o
 .data          0x00800130        0x0 ./Core/wiring_digital.o
 .data          0x00800130        0x0 ./Core/wiring_pulse.o
 .data          0x00800130        0x0 ./Core/wiring_shift.o
 .data          0x00800130        0x0 c:/program files/winavr-20090313/bin/../lib/gcc/avr/4.3.2/avr5\libgcc.a(_mulsi3.o)
 .data          0x00800130        0x0 c:/program files/winavr-20090313/bin/../lib/gcc/avr/4.3.2/avr5\libgcc.a(_divmodhi4.o)
 .data          0x00800130        0x0 c:/program files/winavr-20090313/bin/../lib/gcc/avr/4.3.2/avr5\libgcc.a(_udivmodsi4.o)
 .data          0x00800130        0x0 c:/program files/winavr-20090313/bin/../lib/gcc/avr/4.3.2/avr5\libgcc.a(_divmodsi4.o)
 .data          0x00800130        0x0 c:/program files/winavr-20090313/bin/../lib/gcc/avr/4.3.2/avr5\libgcc.a(_exit.o)
 .data          0x00800130        0x0 c:/program files/winavr-20090313/bin/../lib/gcc/avr/4.3.2/avr5\libgcc.a(_copy_data.o)
 .data          0x00800130        0x0 c:/program files/winavr-20090313/bin/../lib/gcc/avr/4.3.2/avr5\libgcc.a(_clear_bss.o)
 .data          0x00800130        0x0 c:/program files/winavr-20090313/bin/../lib/gcc/avr/4.3.2/avr5\libgcc.a(_ctors.o)
 .data          0x00800130        0x0 c:/program files/winavr-20090313/bin/../lib/gcc/avr/4.3.2/avr5\libgcc.a(_fixunssfsi.o)
 .data          0x00800130        0x0 c:/program files/winavr-20090313/bin/../lib/gcc/avr/4.3.2/avr5\libgcc.a(_addsub_sf.o)
 .data          0x00800130        0x0 c:/program files/winavr-20090313/bin/../lib/gcc/avr/4.3.2/avr5\libgcc.a(_mul_sf.o)
 .data          0x00800130        0x0 c:/program files/winavr-20090313/bin/../lib/gcc/avr/4.3.2/avr5\libgcc.a(_div_sf.o)
 .data          0x00800130        0x0 c:/program files/winavr-20090313/bin/../lib/gcc/avr/4.3.2/avr5\libgcc.a(_ge_sf.o)
 .data          0x00800130        0x0 c:/program files/winavr-20090313/bin/../lib/gcc/avr/4.3.2/avr5\libgcc.a(_lt_sf.o)
 .data          0x00800130        0x0 c:/program files/winavr-20090313/bin/../lib/gcc/avr/4.3.2/avr5\libgcc.a(_si_to_sf.o)
 .data          0x00800130        0x0 c:/program files/winavr-20090313/bin/../lib/gcc/avr/4.3.2/avr5\libgcc.a(_sf_to_si.o)
 .data          0x00800130        0x8 c:/program files/winavr-20090313/bin/../lib/gcc/avr/4.3.2/avr5\libgcc.a(_thenan_sf.o)
                0x00800130                __thenan_sf
 .data          0x00800138        0x0 c:/program files/winavr-20090313/bin/../lib/gcc/avr/4.3.2/avr5\libgcc.a(_usi_to_sf.o)
 .data          0x00800138        0x0 c:/program files/winavr-20090313/bin/../lib/gcc/avr/4.3.2/avr5\libgcc.a(_udivmodhi4.o)
 .data          0x00800138        0x0 c:/program files/winavr-20090313/bin/../lib/gcc/avr/4.3.2/avr5\libgcc.a(_prologue.o)
 .data          0x00800138        0x0 c:/program files/winavr-20090313/bin/../lib/gcc/avr/4.3.2/avr5\libgcc.a(_epilogue.o)
 .data          0x00800138        0x0 c:/program files/winavr-20090313/bin/../lib/gcc/avr/4.3.2/avr5\libgcc.a(_tablejump.o)
 .data          0x00800138        0x0 c:/program files/winavr-20090313/bin/../lib/gcc/avr/4.3.2/avr5\libgcc.a(_clzsi2.o)
 .data          0x00800138        0x0 c:/program files/winavr-20090313/bin/../lib/gcc/avr/4.3.2/avr5\libgcc.a(_pack_sf.o)
 .data          0x00800138        0x0 c:/program files/winavr-20090313/bin/../lib/gcc/avr/4.3.2/avr5\libgcc.a(_unpack_sf.o)
 .data          0x00800138        0x0 c:/program files/winavr-20090313/bin/../lib/gcc/avr/4.3.2/avr5\libgcc.a(_fpcmp_parts_sf.o)
 .data          0x00800138      0x100 c:/program files/winavr-20090313/bin/../lib/gcc/avr/4.3.2/avr5\libgcc.a(_clz.o)
                0x00800138                __clz_tab
 .data          0x00800238        0x6 c:/program files/winavr-20090313/bin/../lib/gcc/avr/4.3.2/../../../../avr/lib/avr5\libc.a(malloc.o)
                0x0080023a                __malloc_heap_start
                0x0080023c                __malloc_heap_end
                0x00800238                __malloc_margin
 .data          0x0080023e        0x4 c:/program files/winavr-20090313/bin/../lib/gcc/avr/4.3.2/../../../../avr/lib/avr5\libc.a(random.o)
 .data          0x00800242        0x0 c:/program files/winavr-20090313/bin/../lib/gcc/avr/4.3.2/../../../../avr/lib/avr5\libc.a(isspace.o)
 .data          0x00800242        0x0 c:/program files/winavr-20090313/bin/../lib/gcc/avr/4.3.2/../../../../avr/lib/avr5\libc.a(tolower.o)
 .data          0x00800242        0x0 c:/program files/winavr-20090313/bin/../lib/gcc/avr/4.3.2/../../../../avr/lib/avr5\libc.a(toupper.o)
 .data          0x00800242        0x0 c:/program files/winavr-20090313/bin/../lib/gcc/avr/4.3.2/../../../../avr/lib/avr5\libc.a(strcat.o)
 .data          0x00800242        0x0 c:/program files/winavr-20090313/bin/../lib/gcc/avr/4.3.2/../../../../avr/lib/avr5\libc.a(strchr.o)
 .data          0x00800242        0x0 c:/program files/winavr-20090313/bin/../lib/gcc/avr/4.3.2/../../../../avr/lib/avr5\libc.a(strcmp.o)
 .data          0x00800242        0x0 c:/program files/winavr-20090313/bin/../lib/gcc/avr/4.3.2/../../../../avr/lib/avr5\libc.a(strcpy.o)
 .data          0x00800242        0x0 c:/program files/winavr-20090313/bin/../lib/gcc/avr/4.3.2/../../../../avr/lib/avr5\libc.a(strncmp.o)
 .data          0x00800242        0x0 c:/program files/winavr-20090313/bin/../lib/gcc/avr/4.3.2/../../../../avr/lib/avr5\libc.a(strncpy.o)
 .data          0x00800242        0x0 c:/program files/winavr-20090313/bin/../lib/gcc/avr/4.3.2/../../../../avr/lib/avr5\libc.a(strrchr.o)
 .data          0x00800242        0x0 c:/program files/winavr-20090313/bin/../lib/gcc/avr/4.3.2/../../../../avr/lib/avr5\libc.a(strstr.o)
 .data          0x00800242        0x0 c:/program files/winavr-20090313/bin/../lib/gcc/avr/4.3.2/../../../../avr/lib/avr5\libc.a(itoa.o)
 .data          0x00800242        0x0 c:/program files/winavr-20090313/bin/../lib/gcc/avr/4.3.2/../../../../avr/lib/avr5\libc.a(ltoa.o)
 .data          0x00800242        0x0 c:/program files/winavr-20090313/bin/../lib/gcc/avr/4.3.2/../../../../avr/lib/avr5\libc.a(ultoa.o)
 .data          0x00800242        0x0 c:/program files/winavr-20090313/bin/../lib/gcc/avr/4.3.2/../../../../avr/lib/avr5\libc.a(cty_isfalse.o)
 .data          0x00800242        0x0 c:/program files/winavr-20090313/bin/../lib/gcc/avr/4.3.2/../../../../avr/lib/avr5\libc.a(strrev.o)
 *(.data*)
 .data.analog_reference
                0x00800242        0x1 ./Core/wiring_analog.o
                0x00800242                analog_reference
 *(.rodata)
 *(.rodata*)
 *(.gnu.linkonce.d*)
                0x00800244                . = ALIGN (0x2)
 *fill*         0x00800243        0x1 00
                0x00800244                _edata = .
                0x00800244                PROVIDE (__data_end, .)

.bss            0x00800244       0xbe
                0x00800244                PROVIDE (__bss_start, .)
 *(.bss)
 .bss           0x00800244        0x0 c:/program files/winavr-20090313/bin/../lib/gcc/avr/4.3.2/../../../../avr/lib/avr5/crtm328p.o
 .bss           0x00800244        0x0 ./main.o
 .bss           0x00800244       0x97 ./Core/HardwareSerial.o
                0x00800244                rx_buffer
                0x008002c8                Serial
 .bss           0x008002db        0x0 ./Core/Print.o
 .bss           0x008002db       0x15 ./Core/Tone.o
                0x008002e1                timer0_pin_mask
                0x008002ed                timer2_pin_port
                0x008002ef                timer2_pin_mask
                0x008002df                timer0_pin_port
                0x008002e2                timer1_toggle_count
                0x008002e8                timer1_pin_mask
                0x008002e6                timer1_pin_port
                0x008002db                timer0_toggle_count
                0x008002e9                timer2_toggle_count
 .bss           0x008002f0        0x0 ./Core/WInterrupts.o
 .bss           0x008002f0        0x0 ./Core/WMath.o
 .bss           0x008002f0        0x1 ./Core/WString.o
 .bss           0x008002f1        0x0 ./Core/pins_arduino.o
 .bss           0x008002f1        0x0 ./Core/wiring.o
 .bss           0x008002f1        0x0 ./Core/wiring_analog.o
 .bss           0x008002f1        0x0 ./Core/wiring_digital.o
 .bss           0x008002f1        0x0 ./Core/wiring_pulse.o
 .bss           0x008002f1        0x0 ./Core/wiring_shift.o
 .bss           0x008002f1        0x0 c:/program files/winavr-20090313/bin/../lib/gcc/avr/4.3.2/avr5\libgcc.a(_mulsi3.o)
 .bss           0x008002f1        0x0 c:/program files/winavr-20090313/bin/../lib/gcc/avr/4.3.2/avr5\libgcc.a(_divmodhi4.o)
 .bss           0x008002f1        0x0 c:/program files/winavr-20090313/bin/../lib/gcc/avr/4.3.2/avr5\libgcc.a(_udivmodsi4.o)
 .bss           0x008002f1        0x0 c:/program files/winavr-20090313/bin/../lib/gcc/avr/4.3.2/avr5\libgcc.a(_divmodsi4.o)
 .bss           0x008002f1        0x0 c:/program files/winavr-20090313/bin/../lib/gcc/avr/4.3.2/avr5\libgcc.a(_exit.o)
 .bss           0x008002f1        0x0 c:/program files/winavr-20090313/bin/../lib/gcc/avr/4.3.2/avr5\libgcc.a(_copy_data.o)
 .bss           0x008002f1        0x0 c:/program files/winavr-20090313/bin/../lib/gcc/avr/4.3.2/avr5\libgcc.a(_clear_bss.o)
 .bss           0x008002f1        0x0 c:/program files/winavr-20090313/bin/../lib/gcc/avr/4.3.2/avr5\libgcc.a(_ctors.o)
 .bss           0x008002f1        0x0 c:/program files/winavr-20090313/bin/../lib/gcc/avr/4.3.2/avr5\libgcc.a(_fixunssfsi.o)
 .bss           0x008002f1        0x0 c:/program files/winavr-20090313/bin/../lib/gcc/avr/4.3.2/avr5\libgcc.a(_addsub_sf.o)
 .bss           0x008002f1        0x0 c:/program files/winavr-20090313/bin/../lib/gcc/avr/4.3.2/avr5\libgcc.a(_mul_sf.o)
 .bss           0x008002f1        0x0 c:/program files/winavr-20090313/bin/../lib/gcc/avr/4.3.2/avr5\libgcc.a(_div_sf.o)
 .bss           0x008002f1        0x0 c:/program files/winavr-20090313/bin/../lib/gcc/avr/4.3.2/avr5\libgcc.a(_ge_sf.o)
 .bss           0x008002f1        0x0 c:/program files/winavr-20090313/bin/../lib/gcc/avr/4.3.2/avr5\libgcc.a(_lt_sf.o)
 .bss           0x008002f1        0x0 c:/program files/winavr-20090313/bin/../lib/gcc/avr/4.3.2/avr5\libgcc.a(_si_to_sf.o)
 .bss           0x008002f1        0x0 c:/program files/winavr-20090313/bin/../lib/gcc/avr/4.3.2/avr5\libgcc.a(_sf_to_si.o)
 .bss           0x008002f1        0x0 c:/program files/winavr-20090313/bin/../lib/gcc/avr/4.3.2/avr5\libgcc.a(_thenan_sf.o)
 .bss           0x008002f1        0x0 c:/program files/winavr-20090313/bin/../lib/gcc/avr/4.3.2/avr5\libgcc.a(_usi_to_sf.o)
 .bss           0x008002f1        0x0 c:/program files/winavr-20090313/bin/../lib/gcc/avr/4.3.2/avr5\libgcc.a(_udivmodhi4.o)
 .bss           0x008002f1        0x0 c:/program files/winavr-20090313/bin/../lib/gcc/avr/4.3.2/avr5\libgcc.a(_prologue.o)
 .bss           0x008002f1        0x0 c:/program files/winavr-20090313/bin/../lib/gcc/avr/4.3.2/avr5\libgcc.a(_epilogue.o)
 .bss           0x008002f1        0x0 c:/program files/winavr-20090313/bin/../lib/gcc/avr/4.3.2/avr5\libgcc.a(_tablejump.o)
 .bss           0x008002f1        0x0 c:/program files/winavr-20090313/bin/../lib/gcc/avr/4.3.2/avr5\libgcc.a(_clzsi2.o)
 .bss           0x008002f1        0x0 c:/program files/winavr-20090313/bin/../lib/gcc/avr/4.3.2/avr5\libgcc.a(_pack_sf.o)
 .bss           0x008002f1        0x0 c:/program files/winavr-20090313/bin/../lib/gcc/avr/4.3.2/avr5\libgcc.a(_unpack_sf.o)
 .bss           0x008002f1        0x0 c:/program files/winavr-20090313/bin/../lib/gcc/avr/4.3.2/avr5\libgcc.a(_fpcmp_parts_sf.o)
 .bss           0x008002f1        0x0 c:/program files/winavr-20090313/bin/../lib/gcc/avr/4.3.2/avr5\libgcc.a(_clz.o)
 .bss           0x008002f1        0x0 c:/program files/winavr-20090313/bin/../lib/gcc/avr/4.3.2/../../../../avr/lib/avr5\libc.a(malloc.o)
 .bss           0x008002f1        0x0 c:/program files/winavr-20090313/bin/../lib/gcc/avr/4.3.2/../../../../avr/lib/avr5\libc.a(random.o)
 .bss           0x008002f1        0x0 c:/program files/winavr-20090313/bin/../lib/gcc/avr/4.3.2/../../../../avr/lib/avr5\libc.a(isspace.o)
 .bss           0x008002f1        0x0 c:/program files/winavr-20090313/bin/../lib/gcc/avr/4.3.2/../../../../avr/lib/avr5\libc.a(tolower.o)
 .bss           0x008002f1        0x0 c:/program files/winavr-20090313/bin/../lib/gcc/avr/4.3.2/../../../../avr/lib/avr5\libc.a(toupper.o)
 .bss           0x008002f1        0x0 c:/program files/winavr-20090313/bin/../lib/gcc/avr/4.3.2/../../../../avr/lib/avr5\libc.a(strcat.o)
 .bss           0x008002f1        0x0 c:/program files/winavr-20090313/bin/../lib/gcc/avr/4.3.2/../../../../avr/lib/avr5\libc.a(strchr.o)
 .bss           0x008002f1        0x0 c:/program files/winavr-20090313/bin/../lib/gcc/avr/4.3.2/../../../../avr/lib/avr5\libc.a(strcmp.o)
 .bss           0x008002f1        0x0 c:/program files/winavr-20090313/bin/../lib/gcc/avr/4.3.2/../../../../avr/lib/avr5\libc.a(strcpy.o)
 .bss           0x008002f1        0x0 c:/program files/winavr-20090313/bin/../lib/gcc/avr/4.3.2/../../../../avr/lib/avr5\libc.a(strncmp.o)
 .bss           0x008002f1        0x0 c:/program files/winavr-20090313/bin/../lib/gcc/avr/4.3.2/../../../../avr/lib/avr5\libc.a(strncpy.o)
 .bss           0x008002f1        0x0 c:/program files/winavr-20090313/bin/../lib/gcc/avr/4.3.2/../../../../avr/lib/avr5\libc.a(strrchr.o)
 .bss           0x008002f1        0x0 c:/program files/winavr-20090313/bin/../lib/gcc/avr/4.3.2/../../../../avr/lib/avr5\libc.a(strstr.o)
 .bss           0x008002f1        0x0 c:/program files/winavr-20090313/bin/../lib/gcc/avr/4.3.2/../../../../avr/lib/avr5\libc.a(itoa.o)
 .bss           0x008002f1        0x0 c:/program files/winavr-20090313/bin/../lib/gcc/avr/4.3.2/../../../../avr/lib/avr5\libc.a(ltoa.o)
 .bss           0x008002f1        0x0 c:/program files/winavr-20090313/bin/../lib/gcc/avr/4.3.2/../../../../avr/lib/avr5\libc.a(ultoa.o)
 .bss           0x008002f1        0x0 c:/program files/winavr-20090313/bin/../lib/gcc/avr/4.3.2/../../../../avr/lib/avr5\libc.a(cty_isfalse.o)
 .bss           0x008002f1        0x0 c:/program files/winavr-20090313/bin/../lib/gcc/avr/4.3.2/../../../../avr/lib/avr5\libc.a(strrev.o)
 *(.bss*)
 .bss.intFunc   0x008002f1        0x4 ./Core/WInterrupts.o
 .bss.timer0_overflow_count
                0x008002f5        0x4 ./Core/wiring.o
                0x008002f5                timer0_overflow_count
 .bss.timer0_millis
                0x008002f9        0x4 ./Core/wiring.o
                0x008002f9                timer0_millis
 .bss.timer0_fract
                0x008002fd        0x1 ./Core/wiring.o
 *(COMMON)
 COMMON         0x008002fe        0x4 c:/program files/winavr-20090313/bin/../lib/gcc/avr/4.3.2/../../../../avr/lib/avr5\libc.a(malloc.o)
                0x008002fe                __brkval
                0x00800300                __flp
                0x00800302                PROVIDE (__bss_end, .)
                0x00003eb2                __data_load_start = LOADADDR (.data)
                0x00003ff6                __data_load_end = (__data_load_start + SIZEOF (.data))

.noinit         0x00800302        0x0
                0x00800302                PROVIDE (__noinit_start, .)
 *(.noinit*)
                0x00800302                PROVIDE (__noinit_end, .)
                0x00800302                _end = .
                0x00800302                PROVIDE (__heap_start, .)

.eeprom         0x00810000        0x0
 *(.eeprom*)
                0x00810000                __eeprom_end = .

.fuse
 *(.fuse)
 *(.lfuse)
 *(.hfuse)
 *(.efuse)

.lock
 *(.lock*)

.signature
 *(.signature*)

.stab
 *(.stab)

.stabstr
 *(.stabstr)

.stab.excl
 *(.stab.excl)

.stab.exclstr
 *(.stab.exclstr)

.stab.index
 *(.stab.index)

.stab.indexstr
 *(.stab.indexstr)

.comment
 *(.comment)

.debug
 *(.debug)

.line
 *(.line)

.debug_srcinfo
 *(.debug_srcinfo)

.debug_sfnames
 *(.debug_sfnames)

.debug_aranges
 *(.debug_aranges)

.debug_pubnames
 *(.debug_pubnames)

.debug_info
 *(.debug_info)
 *(.gnu.linkonce.wi.*)

.debug_abbrev
 *(.debug_abbrev)

.debug_line
 *(.debug_line)

.debug_frame
 *(.debug_frame)

.debug_str
 *(.debug_str)

.debug_loc
 *(.debug_loc)

.debug_macinfo
 *(.debug_macinfo)
OUTPUT(Control_Wifi.elf elf32-avr)
LOAD linker stubs

Cross Reference Table

Symbol                                            File
HardwareSerial::HardwareSerial(ring_buffer*, unsigned char volatile*, unsigned char volatile*, unsigned char volatile*, unsigned char volatile*, unsigned char volatile*, unsigned char, unsigned char, unsigned char, unsigned char, unsigned char) ./Core/HardwareSerial.o
HardwareSerial::HardwareSerial(ring_buffer*, unsigned char volatile*, unsigned char volatile*, unsigned char volatile*, unsigned char volatile*, unsigned char volatile*, unsigned char, unsigned char, unsigned char, unsigned char, unsigned char) ./Core/HardwareSerial.o
HardwareSerial::available()                       ./Core/HardwareSerial.o
HardwareSerial::begin(long)                       ./Core/HardwareSerial.o
HardwareSerial::end()                             ./Core/HardwareSerial.o
HardwareSerial::flush()                           ./Core/HardwareSerial.o
HardwareSerial::peek()                            ./Core/HardwareSerial.o
HardwareSerial::read()                            ./Core/HardwareSerial.o
HardwareSerial::write(unsigned char)              ./Core/HardwareSerial.o
Print::print(String const&)                       ./Core/Print.o
Print::print(char const*)                         ./Core/Print.o
Print::print(char, int)                           ./Core/Print.o
Print::print(double, int)                         ./Core/Print.o
Print::print(int, int)                            ./Core/Print.o
Print::print(long, int)                           ./Core/Print.o
Print::print(unsigned char, int)                  ./Core/Print.o
Print::print(unsigned int, int)                   ./Core/Print.o
Print::print(unsigned long, int)                  ./Core/Print.o
Print::printFloat(double, unsigned char)          ./Core/Print.o
Print::printNumber(unsigned long, unsigned char)  ./Core/Print.o
Print::println()                                  ./Core/Print.o
Print::println(String const&)                     ./Core/Print.o
Print::println(char const*)                       ./Core/Print.o
Print::println(char, int)                         ./Core/Print.o
Print::println(double, int)                       ./Core/Print.o
Print::println(int, int)                          ./Core/Print.o
Print::println(long, int)                         ./Core/Print.o
Print::println(unsigned char, int)                ./Core/Print.o
Print::println(unsigned int, int)                 ./Core/Print.o
Print::println(unsigned long, int)                ./Core/Print.o
Print::write(char const*)                         ./Core/Print.o
                                                  ./Core/HardwareSerial.o
Print::write(unsigned char const*, unsigned int)  ./Core/Print.o
                                                  ./Core/HardwareSerial.o
Serial                                            ./Core/HardwareSerial.o
String::String(String const&)                     ./Core/WString.o
String::String(String const&)                     ./Core/WString.o
String::String(char const*)                       ./Core/WString.o
String::String(char const*)                       ./Core/WString.o
String::String(char)                              ./Core/WString.o
String::String(char)                              ./Core/WString.o
String::String(int, int)                          ./Core/WString.o
String::String(int, int)                          ./Core/WString.o
String::String(long, int)                         ./Core/WString.o
String::String(long, int)                         ./Core/WString.o
String::String(unsigned char)                     ./Core/WString.o
String::String(unsigned char)                     ./Core/WString.o
String::String(unsigned int, int)                 ./Core/WString.o
String::String(unsigned int, int)                 ./Core/WString.o
String::String(unsigned long, int)                ./Core/WString.o
String::String(unsigned long, int)                ./Core/WString.o
String::charAt(unsigned int) const                ./Core/WString.o
String::compareTo(String const&) const            ./Core/WString.o
String::concat(String const&)                     ./Core/WString.o
String::endsWith(String const&) const             ./Core/WString.o
String::equals(String const&) const               ./Core/WString.o
String::equalsIgnoreCase(String const&) const     ./Core/WString.o
String::getBuffer(unsigned int)                   ./Core/WString.o
String::getBytes(unsigned char*, unsigned int)    ./Core/WString.o
String::indexOf(String const&) const              ./Core/WString.o
String::indexOf(String const&, unsigned int) const ./Core/WString.o
String::indexOf(char) const                       ./Core/WString.o
String::indexOf(char, unsigned int) const         ./Core/WString.o
String::lastIndexOf(String const&) const          ./Core/WString.o
String::lastIndexOf(String const&, unsigned int) const ./Core/WString.o
String::lastIndexOf(char) const                   ./Core/WString.o
String::lastIndexOf(char, unsigned int) const     ./Core/WString.o
String::operator!=(String const&) const           ./Core/WString.o
String::operator+=(String const&)                 ./Core/WString.o
String::operator<(String const&) const            ./Core/WString.o
String::operator<=(String const&) const           ./Core/WString.o
String::operator=(String const&)                  ./Core/WString.o
String::operator==(String const&) const           ./Core/WString.o
String::operator>(String const&) const            ./Core/WString.o
String::operator>=(String const&) const           ./Core/WString.o
String::operator[](unsigned int)                  ./Core/WString.o
String::operator[](unsigned int) const            ./Core/WString.o
                                                  ./Core/Print.o
String::replace(String const&, String const&)     ./Core/WString.o
String::replace(char, char)                       ./Core/WString.o
String::setCharAt(unsigned int, char)             ./Core/WString.o
String::startsWith(String const&) const           ./Core/WString.o
String::startsWith(String const&, unsigned int) const ./Core/WString.o
String::substring(unsigned int) const             ./Core/WString.o
String::substring(unsigned int, unsigned int) const ./Core/WString.o
String::toCharArray(char*, unsigned int)          ./Core/WString.o
String::toLowerCase() const                       ./Core/WString.o
String::toUpperCase() const                       ./Core/WString.o
String::trim() const                              ./Core/WString.o
String::~String()                                 ./Core/WString.o
__addsf3                                          c:/program files/winavr-20090313/bin/../lib/gcc/avr/4.3.2/avr5\libgcc.a(_addsub_sf.o)
                                                  ./Core/Print.o
__bad_interrupt                                   c:/program files/winavr-20090313/bin/../lib/gcc/avr/4.3.2/../../../../avr/lib/avr5/crtm328p.o
__brkval                                          c:/program files/winavr-20090313/bin/../lib/gcc/avr/4.3.2/../../../../avr/lib/avr5\libc.a(malloc.o)
__bss_end                                         c:/program files/winavr-20090313/bin/../lib/gcc/avr/4.3.2/avr5\libgcc.a(_clear_bss.o)
__bss_start                                       c:/program files/winavr-20090313/bin/../lib/gcc/avr/4.3.2/avr5\libgcc.a(_clear_bss.o)
__clz_tab                                         c:/program files/winavr-20090313/bin/../lib/gcc/avr/4.3.2/avr5\libgcc.a(_clz.o)
                                                  c:/program files/winavr-20090313/bin/../lib/gcc/avr/4.3.2/avr5\libgcc.a(_clzsi2.o)
__clzsi2                                          c:/program files/winavr-20090313/bin/../lib/gcc/avr/4.3.2/avr5\libgcc.a(_clzsi2.o)
                                                  c:/program files/winavr-20090313/bin/../lib/gcc/avr/4.3.2/avr5\libgcc.a(_usi_to_sf.o)
                                                  c:/program files/winavr-20090313/bin/../lib/gcc/avr/4.3.2/avr5\libgcc.a(_si_to_sf.o)
__ctors_end                                       c:/program files/winavr-20090313/bin/../lib/gcc/avr/4.3.2/avr5\libgcc.a(_ctors.o)
__ctors_start                                     c:/program files/winavr-20090313/bin/../lib/gcc/avr/4.3.2/avr5\libgcc.a(_ctors.o)
__ctype_isfalse                                   c:/program files/winavr-20090313/bin/../lib/gcc/avr/4.3.2/../../../../avr/lib/avr5\libc.a(cty_isfalse.o)
                                                  c:/program files/winavr-20090313/bin/../lib/gcc/avr/4.3.2/../../../../avr/lib/avr5\libc.a(isspace.o)
__ctype_istrue                                    c:/program files/winavr-20090313/bin/../lib/gcc/avr/4.3.2/../../../../avr/lib/avr5\libc.a(cty_isfalse.o)
__cxa_pure_virtual                                ./main.o
                                                  ./Core/Print.o
                                                  ./Core/HardwareSerial.o
__data_end                                        c:/program files/winavr-20090313/bin/../lib/gcc/avr/4.3.2/avr5\libgcc.a(_copy_data.o)
__data_load_start                                 c:/program files/winavr-20090313/bin/../lib/gcc/avr/4.3.2/avr5\libgcc.a(_copy_data.o)
__data_start                                      c:/program files/winavr-20090313/bin/../lib/gcc/avr/4.3.2/avr5\libgcc.a(_copy_data.o)
__divmodhi4                                       c:/program files/winavr-20090313/bin/../lib/gcc/avr/4.3.2/avr5\libgcc.a(_divmodhi4.o)
                                                  ./Core/HardwareSerial.o
__divmodsi4                                       c:/program files/winavr-20090313/bin/../lib/gcc/avr/4.3.2/avr5\libgcc.a(_divmodsi4.o)
                                                  c:/program files/winavr-20090313/bin/../lib/gcc/avr/4.3.2/../../../../avr/lib/avr5\libc.a(random.o)
                                                  ./Core/WMath.o
__divsf3                                          c:/program files/winavr-20090313/bin/../lib/gcc/avr/4.3.2/avr5\libgcc.a(_div_sf.o)
                                                  ./Core/Print.o
__do_clear_bss                                    c:/program files/winavr-20090313/bin/../lib/gcc/avr/4.3.2/avr5\libgcc.a(_clear_bss.o)
                                                  c:/program files/winavr-20090313/bin/../lib/gcc/avr/4.3.2/../../../../avr/lib/avr5\libc.a(malloc.o)
                                                  ./Core/wiring.o
                                                  ./Core/WString.o
                                                  ./Core/WInterrupts.o
                                                  ./Core/Tone.o
                                                  ./Core/HardwareSerial.o
__do_copy_data                                    c:/program files/winavr-20090313/bin/../lib/gcc/avr/4.3.2/avr5\libgcc.a(_copy_data.o)
                                                  c:/program files/winavr-20090313/bin/../lib/gcc/avr/4.3.2/../../../../avr/lib/avr5\libc.a(random.o)
                                                  c:/program files/winavr-20090313/bin/../lib/gcc/avr/4.3.2/../../../../avr/lib/avr5\libc.a(malloc.o)
                                                  c:/program files/winavr-20090313/bin/../lib/gcc/avr/4.3.2/avr5\libgcc.a(_clz.o)
                                                  c:/program files/winavr-20090313/bin/../lib/gcc/avr/4.3.2/avr5\libgcc.a(_thenan_sf.o)
                                                  ./Core/wiring_analog.o
                                                  ./Core/WString.o
                                                  ./Core/Tone.o
                                                  ./Core/Print.o
                                                  ./Core/HardwareSerial.o
__do_global_ctors                                 c:/program files/winavr-20090313/bin/../lib/gcc/avr/4.3.2/avr5\libgcc.a(_ctors.o)
                                                  ./Core/HardwareSerial.o
__epilogue_restores__                             c:/program files/winavr-20090313/bin/../lib/gcc/avr/4.3.2/avr5\libgcc.a(_epilogue.o)
                                                  c:/program files/winavr-20090313/bin/../lib/gcc/avr/4.3.2/../../../../avr/lib/avr5\libc.a(random.o)
                                                  c:/program files/winavr-20090313/bin/../lib/gcc/avr/4.3.2/avr5\libgcc.a(_usi_to_sf.o)
                                                  c:/program files/winavr-20090313/bin/../lib/gcc/avr/4.3.2/avr5\libgcc.a(_sf_to_si.o)
                                                  c:/program files/winavr-20090313/bin/../lib/gcc/avr/4.3.2/avr5\libgcc.a(_si_to_sf.o)
                                                  c:/program files/winavr-20090313/bin/../lib/gcc/avr/4.3.2/avr5\libgcc.a(_lt_sf.o)
                                                  c:/program files/winavr-20090313/bin/../lib/gcc/avr/4.3.2/avr5\libgcc.a(_ge_sf.o)
                                                  c:/program files/winavr-20090313/bin/../lib/gcc/avr/4.3.2/avr5\libgcc.a(_div_sf.o)
                                                  c:/program files/winavr-20090313/bin/../lib/gcc/avr/4.3.2/avr5\libgcc.a(_mul_sf.o)
                                                  c:/program files/winavr-20090313/bin/../lib/gcc/avr/4.3.2/avr5\libgcc.a(_addsub_sf.o)
__fixsfsi                                         c:/program files/winavr-20090313/bin/../lib/gcc/avr/4.3.2/avr5\libgcc.a(_sf_to_si.o)
                                                  c:/program files/winavr-20090313/bin/../lib/gcc/avr/4.3.2/avr5\libgcc.a(_fixunssfsi.o)
                                                  ./Core/Print.o
__fixunssfsi                                      c:/program files/winavr-20090313/bin/../lib/gcc/avr/4.3.2/avr5\libgcc.a(_fixunssfsi.o)
                                                  ./Core/Print.o
__floatsisf                                       c:/program files/winavr-20090313/bin/../lib/gcc/avr/4.3.2/avr5\libgcc.a(_si_to_sf.o)
                                                  ./Core/Print.o
__floatunsisf                                     c:/program files/winavr-20090313/bin/../lib/gcc/avr/4.3.2/avr5\libgcc.a(_usi_to_sf.o)
                                                  ./Core/Print.o
__flp                                             c:/program files/winavr-20090313/bin/../lib/gcc/avr/4.3.2/../../../../avr/lib/avr5\libc.a(malloc.o)
__fpcmp_parts_f                                   c:/program files/winavr-20090313/bin/../lib/gcc/avr/4.3.2/avr5\libgcc.a(_fpcmp_parts_sf.o)
                                                  c:/program files/winavr-20090313/bin/../lib/gcc/avr/4.3.2/avr5\libgcc.a(_lt_sf.o)
                                                  c:/program files/winavr-20090313/bin/../lib/gcc/avr/4.3.2/avr5\libgcc.a(_ge_sf.o)
__gesf2                                           c:/program files/winavr-20090313/bin/../lib/gcc/avr/4.3.2/avr5\libgcc.a(_ge_sf.o)
                                                  c:/program files/winavr-20090313/bin/../lib/gcc/avr/4.3.2/avr5\libgcc.a(_fixunssfsi.o)
__heap_end                                        c:/program files/winavr-20090313/bin/../lib/gcc/avr/4.3.2/../../../../avr/lib/avr5/crtm328p.o
                                                  c:/program files/winavr-20090313/bin/../lib/gcc/avr/4.3.2/../../../../avr/lib/avr5\libc.a(malloc.o)
__heap_start                                      c:/program files/winavr-20090313/bin/../lib/gcc/avr/4.3.2/../../../../avr/lib/avr5\libc.a(malloc.o)
__init                                            c:/program files/winavr-20090313/bin/../lib/gcc/avr/4.3.2/../../../../avr/lib/avr5/crtm328p.o
__ltsf2                                           c:/program files/winavr-20090313/bin/../lib/gcc/avr/4.3.2/avr5\libgcc.a(_lt_sf.o)
                                                  ./Core/Print.o
__malloc_heap_end                                 c:/program files/winavr-20090313/bin/../lib/gcc/avr/4.3.2/../../../../avr/lib/avr5\libc.a(malloc.o)
__malloc_heap_start                               c:/program files/winavr-20090313/bin/../lib/gcc/avr/4.3.2/../../../../avr/lib/avr5\libc.a(malloc.o)
__malloc_margin                                   c:/program files/winavr-20090313/bin/../lib/gcc/avr/4.3.2/../../../../avr/lib/avr5\libc.a(malloc.o)
__mulsf3                                          c:/program files/winavr-20090313/bin/../lib/gcc/avr/4.3.2/avr5\libgcc.a(_mul_sf.o)
                                                  ./Core/Print.o
__mulsi3                                          c:/program files/winavr-20090313/bin/../lib/gcc/avr/4.3.2/avr5\libgcc.a(_mulsi3.o)
                                                  c:/program files/winavr-20090313/bin/../lib/gcc/avr/4.3.2/../../../../avr/lib/avr5\libc.a(random.o)
                                                  ./Core/wiring_pulse.o
                                                  ./Core/WMath.o
                                                  ./Core/Tone.o
                                                  ./Core/HardwareSerial.o
__pack_f                                          c:/program files/winavr-20090313/bin/../lib/gcc/avr/4.3.2/avr5\libgcc.a(_pack_sf.o)
                                                  c:/program files/winavr-20090313/bin/../lib/gcc/avr/4.3.2/avr5\libgcc.a(_usi_to_sf.o)
                                                  c:/program files/winavr-20090313/bin/../lib/gcc/avr/4.3.2/avr5\libgcc.a(_si_to_sf.o)
                                                  c:/program files/winavr-20090313/bin/../lib/gcc/avr/4.3.2/avr5\libgcc.a(_div_sf.o)
                                                  c:/program files/winavr-20090313/bin/../lib/gcc/avr/4.3.2/avr5\libgcc.a(_mul_sf.o)
                                                  c:/program files/winavr-20090313/bin/../lib/gcc/avr/4.3.2/avr5\libgcc.a(_addsub_sf.o)
__prologue_saves__                                c:/program files/winavr-20090313/bin/../lib/gcc/avr/4.3.2/avr5\libgcc.a(_prologue.o)
                                                  c:/program files/winavr-20090313/bin/../lib/gcc/avr/4.3.2/../../../../avr/lib/avr5\libc.a(random.o)
                                                  c:/program files/winavr-20090313/bin/../lib/gcc/avr/4.3.2/avr5\libgcc.a(_usi_to_sf.o)
                                                  c:/program files/winavr-20090313/bin/../lib/gcc/avr/4.3.2/avr5\libgcc.a(_sf_to_si.o)
                                                  c:/program files/winavr-20090313/bin/../lib/gcc/avr/4.3.2/avr5\libgcc.a(_si_to_sf.o)
                                                  c:/program files/winavr-20090313/bin/../lib/gcc/avr/4.3.2/avr5\libgcc.a(_lt_sf.o)
                                                  c:/program files/winavr-20090313/bin/../lib/gcc/avr/4.3.2/avr5\libgcc.a(_ge_sf.o)
                                                  c:/program files/winavr-20090313/bin/../lib/gcc/avr/4.3.2/avr5\libgcc.a(_div_sf.o)
                                                  c:/program files/winavr-20090313/bin/../lib/gcc/avr/4.3.2/avr5\libgcc.a(_mul_sf.o)
                                                  c:/program files/winavr-20090313/bin/../lib/gcc/avr/4.3.2/avr5\libgcc.a(_addsub_sf.o)
__stack                                           c:/program files/winavr-20090313/bin/../lib/gcc/avr/4.3.2/../../../../avr/lib/avr5/crtm328p.o
__subsf3                                          c:/program files/winavr-20090313/bin/../lib/gcc/avr/4.3.2/avr5\libgcc.a(_addsub_sf.o)
                                                  c:/program files/winavr-20090313/bin/../lib/gcc/avr/4.3.2/avr5\libgcc.a(_fixunssfsi.o)
                                                  ./Core/Print.o
__tablejump2__                                    c:/program files/winavr-20090313/bin/../lib/gcc/avr/4.3.2/avr5\libgcc.a(_tablejump.o)
__tablejump__                                     c:/program files/winavr-20090313/bin/../lib/gcc/avr/4.3.2/avr5\libgcc.a(_tablejump.o)
                                                  c:/program files/winavr-20090313/bin/../lib/gcc/avr/4.3.2/avr5\libgcc.a(_ctors.o)
__thenan_sf                                       c:/program files/winavr-20090313/bin/../lib/gcc/avr/4.3.2/avr5\libgcc.a(_thenan_sf.o)
                                                  c:/program files/winavr-20090313/bin/../lib/gcc/avr/4.3.2/avr5\libgcc.a(_div_sf.o)
                                                  c:/program files/winavr-20090313/bin/../lib/gcc/avr/4.3.2/avr5\libgcc.a(_mul_sf.o)
                                                  c:/program files/winavr-20090313/bin/../lib/gcc/avr/4.3.2/avr5\libgcc.a(_addsub_sf.o)
__udivmodhi4                                      c:/program files/winavr-20090313/bin/../lib/gcc/avr/4.3.2/avr5\libgcc.a(_udivmodhi4.o)
                                                  c:/program files/winavr-20090313/bin/../lib/gcc/avr/4.3.2/../../../../avr/lib/avr5\libc.a(itoa.o)
                                                  c:/program files/winavr-20090313/bin/../lib/gcc/avr/4.3.2/avr5\libgcc.a(_divmodhi4.o)
__udivmodsi4                                      c:/program files/winavr-20090313/bin/../lib/gcc/avr/4.3.2/avr5\libgcc.a(_udivmodsi4.o)
                                                  c:/program files/winavr-20090313/bin/../lib/gcc/avr/4.3.2/../../../../avr/lib/avr5\libc.a(ultoa.o)
                                                  c:/program files/winavr-20090313/bin/../lib/gcc/avr/4.3.2/../../../../avr/lib/avr5\libc.a(ltoa.o)
                                                  c:/program files/winavr-20090313/bin/../lib/gcc/avr/4.3.2/avr5\libgcc.a(_divmodsi4.o)
                                                  ./Core/Tone.o
                                                  ./Core/Print.o
                                                  ./Core/HardwareSerial.o
__unpack_f                                        c:/program files/winavr-20090313/bin/../lib/gcc/avr/4.3.2/avr5\libgcc.a(_unpack_sf.o)
                                                  c:/program files/winavr-20090313/bin/../lib/gcc/avr/4.3.2/avr5\libgcc.a(_sf_to_si.o)
                                                  c:/program files/winavr-20090313/bin/../lib/gcc/avr/4.3.2/avr5\libgcc.a(_lt_sf.o)
                                                  c:/program files/winavr-20090313/bin/../lib/gcc/avr/4.3.2/avr5\libgcc.a(_ge_sf.o)
                                                  c:/program files/winavr-20090313/bin/../lib/gcc/avr/4.3.2/avr5\libgcc.a(_div_sf.o)
                                                  c:/program files/winavr-20090313/bin/../lib/gcc/avr/4.3.2/avr5\libgcc.a(_mul_sf.o)
                                                  c:/program files/winavr-20090313/bin/../lib/gcc/avr/4.3.2/avr5\libgcc.a(_addsub_sf.o)
__vector_1                                        ./Core/WInterrupts.o
                                                  c:/program files/winavr-20090313/bin/../lib/gcc/avr/4.3.2/../../../../avr/lib/avr5/crtm328p.o
__vector_10                                       c:/program files/winavr-20090313/bin/../lib/gcc/avr/4.3.2/../../../../avr/lib/avr5/crtm328p.o
__vector_11                                       c:/program files/winavr-20090313/bin/../lib/gcc/avr/4.3.2/../../../../avr/lib/avr5/crtm328p.o
__vector_12                                       c:/program files/winavr-20090313/bin/../lib/gcc/avr/4.3.2/../../../../avr/lib/avr5/crtm328p.o
__vector_13                                       c:/program files/winavr-20090313/bin/../lib/gcc/avr/4.3.2/../../../../avr/lib/avr5/crtm328p.o
__vector_14                                       c:/program files/winavr-20090313/bin/../lib/gcc/avr/4.3.2/../../../../avr/lib/avr5/crtm328p.o
__vector_15                                       c:/program files/winavr-20090313/bin/../lib/gcc/avr/4.3.2/../../../../avr/lib/avr5/crtm328p.o
__vector_16                                       ./Core/wiring.o
                                                  c:/program files/winavr-20090313/bin/../lib/gcc/avr/4.3.2/../../../../avr/lib/avr5/crtm328p.o
__vector_17                                       c:/program files/winavr-20090313/bin/../lib/gcc/avr/4.3.2/../../../../avr/lib/avr5/crtm328p.o
__vector_18                                       ./Core/HardwareSerial.o
                                                  c:/program files/winavr-20090313/bin/../lib/gcc/avr/4.3.2/../../../../avr/lib/avr5/crtm328p.o
__vector_19                                       c:/program files/winavr-20090313/bin/../lib/gcc/avr/4.3.2/../../../../avr/lib/avr5/crtm328p.o
__vector_2                                        ./Core/WInterrupts.o
                                                  c:/program files/winavr-20090313/bin/../lib/gcc/avr/4.3.2/../../../../avr/lib/avr5/crtm328p.o
__vector_20                                       c:/program files/winavr-20090313/bin/../lib/gcc/avr/4.3.2/../../../../avr/lib/avr5/crtm328p.o
__vector_21                                       c:/program files/winavr-20090313/bin/../lib/gcc/avr/4.3.2/../../../../avr/lib/avr5/crtm328p.o
__vector_22                                       c:/program files/winavr-20090313/bin/../lib/gcc/avr/4.3.2/../../../../avr/lib/avr5/crtm328p.o
__vector_23                                       c:/program files/winavr-20090313/bin/../lib/gcc/avr/4.3.2/../../../../avr/lib/avr5/crtm328p.o
__vector_24                                       c:/program files/winavr-20090313/bin/../lib/gcc/avr/4.3.2/../../../../avr/lib/avr5/crtm328p.o
__vector_25                                       c:/program files/winavr-20090313/bin/../lib/gcc/avr/4.3.2/../../../../avr/lib/avr5/crtm328p.o
__vector_3                                        c:/program files/winavr-20090313/bin/../lib/gcc/avr/4.3.2/../../../../avr/lib/avr5/crtm328p.o
__vector_4                                        c:/program files/winavr-20090313/bin/../lib/gcc/avr/4.3.2/../../../../avr/lib/avr5/crtm328p.o
__vector_5                                        c:/program files/winavr-20090313/bin/../lib/gcc/avr/4.3.2/../../../../avr/lib/avr5/crtm328p.o
__vector_6                                        c:/program files/winavr-20090313/bin/../lib/gcc/avr/4.3.2/../../../../avr/lib/avr5/crtm328p.o
__vector_7                                        ./Core/Tone.o
                                                  c:/program files/winavr-20090313/bin/../lib/gcc/avr/4.3.2/../../../../avr/lib/avr5/crtm328p.o
__vector_8                                        c:/program files/winavr-20090313/bin/../lib/gcc/avr/4.3.2/../../../../avr/lib/avr5/crtm328p.o
__vector_9                                        c:/program files/winavr-20090313/bin/../lib/gcc/avr/4.3.2/../../../../avr/lib/avr5/crtm328p.o
__vector_default                                  c:/program files/winavr-20090313/bin/../lib/gcc/avr/4.3.2/../../../../avr/lib/avr5/crtm328p.o
__vectors                                         c:/program files/winavr-20090313/bin/../lib/gcc/avr/4.3.2/../../../../avr/lib/avr5/crtm328p.o
_div                                              c:/program files/winavr-20090313/bin/../lib/gcc/avr/4.3.2/avr5\libgcc.a(_divmodhi4.o)
_exit                                             c:/program files/winavr-20090313/bin/../lib/gcc/avr/4.3.2/avr5\libgcc.a(_exit.o)
analogRead                                        ./Core/wiring_analog.o
analogReference                                   ./Core/wiring_analog.o
analogWrite                                       ./Core/wiring_analog.o
analog_reference                                  ./Core/wiring_analog.o
attachInterrupt                                   ./Core/WInterrupts.o
delay                                             ./Core/wiring.o
                                                  ./main.o
delayMicroseconds                                 ./Core/wiring.o
detachInterrupt                                   ./Core/WInterrupts.o
digitalRead                                       ./Core/wiring_digital.o
                                                  ./Core/wiring_shift.o
digitalWrite                                      ./Core/wiring_digital.o
                                                  ./Core/wiring_shift.o
                                                  ./Core/wiring_analog.o
                                                  ./Core/Tone.o
                                                  ./main.o
digital_pin_to_bit_mask_PGM                       ./Core/pins_arduino.o
                                                  ./Core/wiring_pulse.o
                                                  ./Core/wiring_digital.o
                                                  ./Core/Tone.o
digital_pin_to_port_PGM                           ./Core/pins_arduino.o
                                                  ./Core/wiring_pulse.o
                                                  ./Core/wiring_digital.o
                                                  ./Core/Tone.o
digital_pin_to_timer_PGM                          ./Core/pins_arduino.o
                                                  ./Core/wiring_digital.o
                                                  ./Core/wiring_analog.o
disableTimer(unsigned char)                       ./Core/Tone.o
exit                                              c:/program files/winavr-20090313/bin/../lib/gcc/avr/4.3.2/avr5\libgcc.a(_exit.o)
                                                  c:/program files/winavr-20090313/bin/../lib/gcc/avr/4.3.2/../../../../avr/lib/avr5/crtm328p.o
free                                              c:/program files/winavr-20090313/bin/../lib/gcc/avr/4.3.2/../../../../avr/lib/avr5\libc.a(malloc.o)
                                                  ./Core/WString.o
init                                              ./Core/wiring.o
                                                  ./main.o
isspace                                           c:/program files/winavr-20090313/bin/../lib/gcc/avr/4.3.2/../../../../avr/lib/avr5\libc.a(isspace.o)
                                                  ./Core/WString.o
itoa                                              c:/program files/winavr-20090313/bin/../lib/gcc/avr/4.3.2/../../../../avr/lib/avr5\libc.a(itoa.o)
                                                  ./Core/WString.o
ltoa                                              c:/program files/winavr-20090313/bin/../lib/gcc/avr/4.3.2/../../../../avr/lib/avr5\libc.a(ltoa.o)
                                                  ./Core/WString.o
main                                              ./main.o
                                                  c:/program files/winavr-20090313/bin/../lib/gcc/avr/4.3.2/../../../../avr/lib/avr5/crtm328p.o
makeWord(unsigned char, unsigned char)            ./Core/WMath.o
makeWord(unsigned int)                            ./Core/WMath.o
malloc                                            c:/program files/winavr-20090313/bin/../lib/gcc/avr/4.3.2/../../../../avr/lib/avr5\libc.a(malloc.o)
                                                  ./Core/WString.o
map(long, long, long, long, long)                 ./Core/WMath.o
micros                                            ./Core/wiring.o
millis                                            ./Core/wiring.o
noTone(unsigned char)                             ./Core/Tone.o
pinMode                                           ./Core/wiring_digital.o
                                                  ./Core/wiring_analog.o
                                                  ./Core/Tone.o
                                                  ./main.o
port_to_input_PGM                                 ./Core/pins_arduino.o
                                                  ./Core/wiring_pulse.o
                                                  ./Core/wiring_digital.o
port_to_mode_PGM                                  ./Core/pins_arduino.o
                                                  ./Core/wiring_digital.o
port_to_output_PGM                                ./Core/pins_arduino.o
                                                  ./Core/wiring_digital.o
                                                  ./Core/Tone.o
pulseIn                                           ./Core/wiring_pulse.o
random                                            c:/program files/winavr-20090313/bin/../lib/gcc/avr/4.3.2/../../../../avr/lib/avr5\libc.a(random.o)
                                                  ./Core/WMath.o
random(long)                                      ./Core/WMath.o
random(long, long)                                ./Core/WMath.o
randomSeed(unsigned int)                          ./Core/WMath.o
random_r                                          c:/program files/winavr-20090313/bin/../lib/gcc/avr/4.3.2/../../../../avr/lib/avr5\libc.a(random.o)
rx_buffer                                         ./Core/HardwareSerial.o
shiftIn                                           ./Core/wiring_shift.o
shiftOut                                          ./Core/wiring_shift.o
srandom                                           c:/program files/winavr-20090313/bin/../lib/gcc/avr/4.3.2/../../../../avr/lib/avr5\libc.a(random.o)
                                                  ./Core/WMath.o
strcat                                            c:/program files/winavr-20090313/bin/../lib/gcc/avr/4.3.2/../../../../avr/lib/avr5\libc.a(strcat.o)
                                                  ./Core/WString.o
strchr                                            c:/program files/winavr-20090313/bin/../lib/gcc/avr/4.3.2/../../../../avr/lib/avr5\libc.a(strchr.o)
                                                  ./Core/WString.o
strcmp                                            c:/program files/winavr-20090313/bin/../lib/gcc/avr/4.3.2/../../../../avr/lib/avr5\libc.a(strcmp.o)
                                                  ./Core/WString.o
strcpy                                            c:/program files/winavr-20090313/bin/../lib/gcc/avr/4.3.2/../../../../avr/lib/avr5\libc.a(strcpy.o)
                                                  ./Core/WString.o
strncmp                                           c:/program files/winavr-20090313/bin/../lib/gcc/avr/4.3.2/../../../../avr/lib/avr5\libc.a(strncmp.o)
                                                  ./Core/WString.o
strncpy                                           c:/program files/winavr-20090313/bin/../lib/gcc/avr/4.3.2/../../../../avr/lib/avr5\libc.a(strncpy.o)
                                                  ./Core/WString.o
strrchr                                           c:/program files/winavr-20090313/bin/../lib/gcc/avr/4.3.2/../../../../avr/lib/avr5\libc.a(strrchr.o)
                                                  ./Core/WString.o
strrev                                            c:/program files/winavr-20090313/bin/../lib/gcc/avr/4.3.2/../../../../avr/lib/avr5\libc.a(strrev.o)
                                                  c:/program files/winavr-20090313/bin/../lib/gcc/avr/4.3.2/../../../../avr/lib/avr5\libc.a(ultoa.o)
                                                  c:/program files/winavr-20090313/bin/../lib/gcc/avr/4.3.2/../../../../avr/lib/avr5\libc.a(ltoa.o)
                                                  c:/program files/winavr-20090313/bin/../lib/gcc/avr/4.3.2/../../../../avr/lib/avr5\libc.a(itoa.o)
strstr                                            c:/program files/winavr-20090313/bin/../lib/gcc/avr/4.3.2/../../../../avr/lib/avr5\libc.a(strstr.o)
                                                  ./Core/WString.o
timer0_millis                                     ./Core/wiring.o
timer0_overflow_count                             ./Core/wiring.o
timer0_pin_mask                                   ./Core/Tone.o
timer0_pin_port                                   ./Core/Tone.o
timer0_toggle_count                               ./Core/Tone.o
timer1_pin_mask                                   ./Core/Tone.o
timer1_pin_port                                   ./Core/Tone.o
timer1_toggle_count                               ./Core/Tone.o
timer2_pin_mask                                   ./Core/Tone.o
timer2_pin_port                                   ./Core/Tone.o
timer2_toggle_count                               ./Core/Tone.o
tolower                                           c:/program files/winavr-20090313/bin/../lib/gcc/avr/4.3.2/../../../../avr/lib/avr5\libc.a(tolower.o)
                                                  ./Core/WString.o
tone(unsigned char, unsigned int, unsigned long)  ./Core/Tone.o
toupper                                           c:/program files/winavr-20090313/bin/../lib/gcc/avr/4.3.2/../../../../avr/lib/avr5\libc.a(toupper.o)
                                                  ./Core/WString.o
ultoa                                             c:/program files/winavr-20090313/bin/../lib/gcc/avr/4.3.2/../../../../avr/lib/avr5\libc.a(ultoa.o)
                                                  ./Core/WString.o
vtable for HardwareSerial                         ./Core/HardwareSerial.o
vtable for Print                                  ./Core/Print.o
vtable for Stream                                 ./Core/HardwareSerial.o
