Archive member included because of file (symbol)

c:/program files/winavr-20090313/bin/../lib/gcc/avr/4.3.2/avr5\libgcc.a(_mulsi3.o)
                              ./Core/HardwareSerial.o (__mulsi3)
c:/program files/winavr-20090313/bin/../lib/gcc/avr/4.3.2/avr5\libgcc.a(_divmodhi4.o)
                              ./Core/HardwareSerial.o (__divmodhi4)
c:/program files/winavr-20090313/bin/../lib/gcc/avr/4.3.2/avr5\libgcc.a(_udivmodsi4.o)
                              ./Core/HardwareSerial.o (__udivmodsi4)
c:/program files/winavr-20090313/bin/../lib/gcc/avr/4.3.2/avr5\libgcc.a(_divmodsi4.o)
                              ./Core/WMath.o (__divmodsi4)
c:/program files/winavr-20090313/bin/../lib/gcc/avr/4.3.2/avr5\libgcc.a(_exit.o)
                              c:/program files/winavr-20090313/bin/../lib/gcc/avr/4.3.2/../../../../avr/lib/avr5/crtm328p.o (exit)
c:/program files/winavr-20090313/bin/../lib/gcc/avr/4.3.2/avr5\libgcc.a(_copy_data.o)
                              ./Core/HardwareSerial.o (__do_copy_data)
c:/program files/winavr-20090313/bin/../lib/gcc/avr/4.3.2/avr5\libgcc.a(_clear_bss.o)
                              ./Core/HardwareSerial.o (__do_clear_bss)
c:/program files/winavr-20090313/bin/../lib/gcc/avr/4.3.2/avr5\libgcc.a(_ctors.o)
                              ./Core/HardwareSerial.o (__do_global_ctors)
c:/program files/winavr-20090313/bin/../lib/gcc/avr/4.3.2/avr5\libgcc.a(_fixunssfsi.o)
                              ./Core/Print.o (__fixunssfsi)
c:/program files/winavr-20090313/bin/../lib/gcc/avr/4.3.2/avr5\libgcc.a(_addsub_sf.o)
                              ./Core/Print.o (__subsf3)
c:/program files/winavr-20090313/bin/../lib/gcc/avr/4.3.2/avr5\libgcc.a(_mul_sf.o)
                              ./Core/Print.o (__mulsf3)
c:/program files/winavr-20090313/bin/../lib/gcc/avr/4.3.2/avr5\libgcc.a(_div_sf.o)
                              ./Core/Print.o (__divsf3)
c:/program files/winavr-20090313/bin/../lib/gcc/avr/4.3.2/avr5\libgcc.a(_ge_sf.o)
                              c:/program files/winavr-20090313/bin/../lib/gcc/avr/4.3.2/avr5\libgcc.a(_fixunssfsi.o) (__gesf2)
c:/program files/winavr-20090313/bin/../lib/gcc/avr/4.3.2/avr5\libgcc.a(_lt_sf.o)
                              ./Core/Print.o (__ltsf2)
c:/program files/winavr-20090313/bin/../lib/gcc/avr/4.3.2/avr5\libgcc.a(_si_to_sf.o)
                              ./Core/Print.o (__floatsisf)
c:/program files/winavr-20090313/bin/../lib/gcc/avr/4.3.2/avr5\libgcc.a(_sf_to_si.o)
                              ./Core/Print.o (__fixsfsi)
c:/program files/winavr-20090313/bin/../lib/gcc/avr/4.3.2/avr5\libgcc.a(_thenan_sf.o)
                              c:/program files/winavr-20090313/bin/../lib/gcc/avr/4.3.2/avr5\libgcc.a(_addsub_sf.o) (__thenan_sf)
c:/program files/winavr-20090313/bin/../lib/gcc/avr/4.3.2/avr5\libgcc.a(_usi_to_sf.o)
                              ./Core/Print.o (__floatunsisf)
c:/program files/winavr-20090313/bin/../lib/gcc/avr/4.3.2/avr5\libgcc.a(_udivmodhi4.o)
                              c:/program files/winavr-20090313/bin/../lib/gcc/avr/4.3.2/avr5\libgcc.a(_divmodhi4.o) (__udivmodhi4)
c:/program files/winavr-20090313/bin/../lib/gcc/avr/4.3.2/avr5\libgcc.a(_prologue.o)
                              c:/program files/winavr-20090313/bin/../lib/gcc/avr/4.3.2/avr5\libgcc.a(_addsub_sf.o) (__prologue_saves__)
c:/program files/winavr-20090313/bin/../lib/gcc/avr/4.3.2/avr5\libgcc.a(_epilogue.o)
                              c:/program files/winavr-20090313/bin/../lib/gcc/avr/4.3.2/avr5\libgcc.a(_addsub_sf.o) (__epilogue_restores__)
c:/program files/winavr-20090313/bin/../lib/gcc/avr/4.3.2/avr5\libgcc.a(_tablejump.o)
                              c:/program files/winavr-20090313/bin/../lib/gcc/avr/4.3.2/avr5\libgcc.a(_ctors.o) (__tablejump__)
c:/program files/winavr-20090313/bin/../lib/gcc/avr/4.3.2/avr5\libgcc.a(_clzsi2.o)
                              c:/program files/winavr-20090313/bin/../lib/gcc/avr/4.3.2/avr5\libgcc.a(_si_to_sf.o) (__clzsi2)
c:/program files/winavr-20090313/bin/../lib/gcc/avr/4.3.2/avr5\libgcc.a(_pack_sf.o)
                              c:/program files/winavr-20090313/bin/../lib/gcc/avr/4.3.2/avr5\libgcc.a(_addsub_sf.o) (__pack_f)
c:/program files/winavr-20090313/bin/../lib/gcc/avr/4.3.2/avr5\libgcc.a(_unpack_sf.o)
                              c:/program files/winavr-20090313/bin/../lib/gcc/avr/4.3.2/avr5\libgcc.a(_addsub_sf.o) (__unpack_f)
c:/program files/winavr-20090313/bin/../lib/gcc/avr/4.3.2/avr5\libgcc.a(_fpcmp_parts_sf.o)
                              c:/program files/winavr-20090313/bin/../lib/gcc/avr/4.3.2/avr5\libgcc.a(_ge_sf.o) (__fpcmp_parts_f)
c:/program files/winavr-20090313/bin/../lib/gcc/avr/4.3.2/avr5\libgcc.a(_clz.o)
                              c:/program files/winavr-20090313/bin/../lib/gcc/avr/4.3.2/avr5\libgcc.a(_clzsi2.o) (__clz_tab)
c:/program files/winavr-20090313/bin/../lib/gcc/avr/4.3.2/../../../../avr/lib/avr5\libc.a(malloc.o)
[...]
Memory Configuration

Name             Origin             Length             Attributes
text             0x00000000         0x00020000         xr
data             0x00800060         0x0000ffa0         rw !x
eeprom           0x00810000         0x00010000         rw !x
fuse             0x00820000         0x00000400         rw !x
lock             0x00830000         0x00000400         rw !x
signature        0x00840000         0x00000400         rw !x
*default*        0x00000000         0xffffffff

Linker script and memory map

Address of section .data set to 0x800100
LOAD c:/program files/winavr-20090313/bin/../lib/gcc/avr/4.3.2/../../../../avr/lib/avr5/crtm328p.o
LOAD ./main.o
LOAD ./Core/HardwareSerial.o
LOAD ./Core/Print.o
LOAD ./Core/Tone.o
LOAD ./Core/WInterrupts.o
LOAD ./Core/WMath.o
LOAD ./Core/WString.o
LOAD ./Core/pins_arduino.o
LOAD ./Core/wiring.o
LOAD ./Core/wiring_analog.o
LOAD ./Core/wiring_digital.o
LOAD ./Core/wiring_pulse.o
LOAD ./Core/wiring_shift.o
LOAD c:/program files/winavr-20090313/bin/../lib/gcc/avr/4.3.2/avr5\libgcc.a
LOAD c:/program files/winavr-20090313/bin/../lib/gcc/avr/4.3.2/../../../../avr/lib/avr5\libm.a
LOAD c:/program files/winavr-20090313/bin/../lib/gcc/avr/4.3.2/avr5\libgcc.a
LOAD c:/program files/winavr-20090313/bin/../lib/gcc/avr/4.3.2/../../../../avr/lib/avr5\libc.a
LOAD c:/program files/winavr-20090313/bin/../lib/gcc/avr/4.3.2/avr5\libgcc.a

.hash
 *(.hash)

.dynsym
 *(.dynsym)

.dynstr
 *(.dynstr)

.gnu.version
 *(.gnu.version)

.gnu.version_d
 *(.gnu.version_d)

.gnu.version_r
 *(.gnu.version_r)

.rel.init
 *(.rel.init)

.rela.init
 *(.rela.init)

.rel.text
 *(.rel.text)
 *(.rel.text.*)
 *(.rel.gnu.linkonce.t*)

.rela.text
 *(.rela.text)
 *(.rela.text.*)
 *(.rela.gnu.linkonce.t*)

.rel.fini
 *(.rel.fini)

.rela.fini
 *(.rela.fini)

.rel.rodata
 *(.rel.rodata)
 *(.rel.rodata.*)
 *(.rel.gnu.linkonce.r*)

.rela.rodata
 *(.rela.rodata)
 *(.rela.rodata.*)
 *(.rela.gnu.linkonce.r*)

.rel.data
 *(.rel.data)
 *(.rel.data.*)
 *(.rel.gnu.linkonce.d*)

.rela.data
 *(.rela.data)
 *(.rela.data.*)
 *(.rela.gnu.linkonce.d*)

.rel.ctors
 *(.rel.ctors)

.rela.ctors
 *(.rela.ctors)

.rel.dtors
 *(.rel.dtors)

.rela.dtors
 *(.rela.dtors)

.rel.got
 *(.rel.got)

.rela.got
 *(.rela.got)

.rel.bss
 *(.rel.bss)

.rela.bss
 *(.rela.bss)

.rel.plt
 *(.rel.plt)

.rela.plt
 *(.rela.plt)

.text           0x00000000     0x3eb2
 *(.vectors)
 .vectors       0x00000000       0x68 c:/program files/winavr-20090313/bin/../lib/gcc/avr/4.3.2/../../../../avr/lib/avr5/crtm328p.o
                0x00000000                __vectors
                0x00000000                __vector_default
 *(.vectors)
 *(.progmem.gcc*)
 *(.progmem*)
 .progmem.data  0x00000068        0x1 ./Core/Tone.o
 .progmem.data  0x00000069       0x5a ./Core/pins_arduino.o
                0x00000069                port_to_mode_PGM
                0x00000087                digital_pin_to_port_PGM
                0x0000009b                digital_pin_to_bit_mask_PGM
                0x00000073                port_to_output_PGM
                0x0000007d                port_to_input_PGM
                0x000000af                digital_pin_to_timer_PGM
                0x000000c4                . = ALIGN (0x2)
 *fill*         0x000000c3        0x1 00
                0x000000c4                __trampolines_start = .
 *(.trampolines)
 .trampolines   0x000000c4        0x0 linker stubs
 *(.trampolines*)
                0x000000c4                __trampolines_end = .
 *(.jumptables)
 *(.jumptables*)
 *(.lowtext)
 *(.lowtext*)
                0x000000c4                __ctors_start = .
 *(.ctors)
 .ctors         0x000000c4        0x2 ./Core/HardwareSerial.o
                0x000000c6                __ctors_end = .
                0x000000c6                __dtors_start = .
 *(.dtors)
                0x000000c6                __dtors_end = .
 SORT(*)(.ctors)
 SORT(*)(.dtors)
 *(.init0)
 .init0         0x000000c6        0x0 c:/program files/winavr-20090313/bin/../lib/gcc/avr/4.3.2/../../../../avr/lib/avr5/crtm328p.o
                0x000000c6                __init
 *(.init0)
 *(.init1)
 *(.init1)
 *(.init2)
 .init2         0x000000c6        0xc c:/program files/winavr-20090313/bin/../lib/gcc/avr/4.3.2/../../../../avr/lib/avr5/crtm328p.o
 *(.init2)
 *(.init3)
 *(.init3)
 *(.init4)
 .init4         0x000000d2       0x16 c:/program files/winavr-20090313/bin/../lib/gcc/avr/4.3.2/avr5\libgcc.a(_copy_data.o)
                0x000000d2                __do_copy_data
 .init4         0x000000e8       0x10 c:/program files/winavr-20090313/bin/../lib/gcc/avr/4.3.2/avr5\libgcc.a(_clear_bss.o)
                0x000000e8                __do_clear_bss
 *(.init4)
 *(.init5)
 *(.init5)
 *(.init6)
 .init6         0x000000f8       0x16 c:/program files/winavr-20090313/bin/../lib/gcc/avr/4.3.2/avr5\libgcc.a(_ctors.o)
                0x000000f8                __do_global_ctors
 *(.init6)
 *(.init7)
 *(.init7)
 *(.init8)
 *(.init8)
 *(.init9)
 .init9         0x0000010e        0x8 c:/program files/winavr-20090313/bin/../lib/gcc/avr/4.3.2/../../../../avr/lib/avr5/crtm328p.o
 *(.init9)
 *(.text)
 .text          0x00000116        0x4 c:/program files/winavr-20090313/bin/../lib/gcc/avr/4.3.2/../../../../avr/lib/avr5/crtm328p.o
                0x00000116                __vector_22
                0x00000116                __vector_24
                0x00000116                __vector_12
                0x00000116                __bad_interrupt
                0x00000116                __vector_6
                0x00000116                __vector_3
                0x00000116                __vector_23
                0x00000116                __vector_25
                0x00000116                __vector_11
                0x00000116                __vector_13
                0x00000116                __vector_17
                0x00000116                __vector_19
                0x00000116                __vector_5
                0x00000116                __vector_4
                0x00000116                __vector_9
                0x00000116                __vector_21
                0x00000116                __vector_15
                0x00000116                __vector_8
                0x00000116                __vector_14
                0x00000116                __vector_10
                0x00000116                __vector_20
 .text          0x0000011a        0x0 ./main.o
 .text          0x0000011a        0x0 ./Core/HardwareSerial.o
 .text          0x0000011a        0x0 ./Core/Print.o
 .text          0x0000011a        0x0 ./Core/Tone.o
 .text          0x0000011a      0x120 ./Core/WInterrupts.o
                0x00000186                __vector_1
                0x0000011a                attachInterrupt
                0x00000160                detachInterrupt
                0x000001e0                __vector_2
 .text          0x0000023a        0x0 ./Core/WMath.o
 .text          0x0000023a        0x0 ./Core/WString.o
 .text          0x0000023a        0x0 ./Core/pins_arduino.o
 .text          0x0000023a      0x234 ./Core/wiring.o
                0x000003f8                init
                0x000002e6                micros
                0x00000332                delay
                0x0000023a                __vector_16
                0x000002ca                millis
                0x000003e4                delayMicroseconds
 .text          0x0000046e       0xfc ./Core/wiring_analog.o
                0x000004b8                analogWrite
                0x0000046e                analogReference
                0x00000474                analogRead
 .text          0x0000056a      0x192 ./Core/wiring_digital.o
                0x0000065e                digitalRead
                0x000005b6                digitalWrite
                0x0000056a                pinMode
 .text          0x000006fc      0x102 ./Core/wiring_pulse.o
                0x000006fc                pulseIn
 .text          0x000007fe      0x104 ./Core/wiring_shift.o
                0x00000882                shiftIn
                0x000007fe                shiftOut
 .text          0x00000902        0x0 c:/program files/winavr-20090313/bin/../lib/gcc/avr/4.3.2/avr5\libgcc.a(_mulsi3.o)
 .text          0x00000902        0x0 c:/program files/winavr-20090313/bin/../lib/gcc/avr/4.3.2/avr5\libgcc.a(_divmodhi4.o)
 .text          0x00000902        0x0 c:/program files/winavr-20090313/bin/../lib/gcc/avr/4.3.2/avr5\libgcc.a(_udivmodsi4.o)
 .text          0x00000902        0x0 c:/program files/winavr-20090313/bin/../lib/gcc/avr/4.3.2/avr5\libgcc.a(_divmodsi4.o)
 .text          0x00000902        0x0 c:/program files/winavr-20090313/bin/../lib/gcc/avr/4.3.2/avr5\libgcc.a(_exit.o)
 .text          0x00000902        0x0 c:/program files/winavr-20090313/bin/../lib/gcc/avr/4.3.2/avr5\libgcc.a(_copy_data.o)
 .text          0x00000902        0x0 c:/program files/winavr-20090313/bin/../lib/gcc/avr/4.3.2/avr5\libgcc.a(_clear_bss.o)
 .text          0x00000902        0x0 c:/program files/winavr-20090313/bin/../lib/gcc/avr/4.3.2/avr5\libgcc.a(_ctors.o)
 .text          0x00000902       0x58 c:/program files/winavr-20090313/bin/../lib/gcc/avr/4.3.2/avr5\libgcc.a(_fixunssfsi.o)
                0x00000902                __fixunssfsi
 .text          0x0000095a      0x354 c:/program files/winavr-20090313/bin/../lib/gcc/avr/4.3.2/avr5\libgcc.a(_addsub_sf.o)
                0x00000bf2                __subsf3
                0x00000c54                __addsf3
 .text          0x00000cae      0x1f4 c:/program files/winavr-20090313/bin/../lib/gcc/avr/4.3.2/avr5\libgcc.a(_mul_sf.o)
                0x00000cae                __mulsf3
 .text          0x00000ea2      0x158 c:/program files/winavr-20090313/bin/../lib/gcc/avr/4.3.2/avr5\libgcc.a(_div_sf.o)
                0x00000ea2                __divsf3
 .text          0x00000ffa       0x60 c:/program files/winavr-20090313/bin/../lib/gcc/avr/4.3.2/avr5\libgcc.a(_ge_sf.o)
                0x00000ffa                __gesf2
 .text          0x0000105a       0x60 c:/program files/winavr-20090313/bin/../lib/gcc/avr/4.3.2/avr5\libgcc.a(_lt_sf.o)
                0x0000105a                __ltsf2
 .text          0x000010ba       0xbc c:/program files/winavr-20090313/bin/../lib/gcc/avr/4.3.2/avr5\libgcc.a(_si_to_sf.o)
                0x000010ba                __floatsisf
 .text          0x00001176       0xa8 c:/program files/winavr-20090313/bin/../lib/gcc/avr/4.3.2/avr5\libgcc.a(_sf_to_si.o)
                0x00001176                __fixsfsi
 .text          0x0000121e        0x0 c:/program files/winavr-20090313/bin/../lib/gcc/avr/4.3.2/avr5\libgcc.a(_thenan_sf.o)
 .text          0x0000121e       0xf2 c:/program files/winavr-20090313/bin/../lib/gcc/avr/4.3.2/avr5\libgcc.a(_usi_to_sf.o)
                0x0000121e                __floatunsisf
 .text          0x00001310        0x0 c:/program files/winavr-20090313/bin/../lib/gcc/avr/4.3.2/avr5\libgcc.a(_udivmodhi4.o)
 .text          0x00001310        0x0 c:/program files/winavr-20090313/bin/../lib/gcc/avr/4.3.2/avr5\libgcc.a(_prologue.o)
 .text          0x00001310        0x0 c:/program files/winavr-20090313/bin/../lib/gcc/avr/4.3.2/avr5\libgcc.a(_epilogue.o)
 .text          0x00001310        0x0 c:/program files/winavr-20090313/bin/../lib/gcc/avr/4.3.2/avr5\libgcc.a(_tablejump.o)
 .text          0x00001310       0x9e c:/program files/winavr-20090313/bin/../lib/gcc/avr/4.3.2/avr5\libgcc.a(_clzsi2.o)
                0x00001310                __clzsi2
 .text          0x000013ae      0x1aa c:/program files/winavr-20090313/bin/../lib/gcc/avr/4.3.2/avr5\libgcc.a(_pack_sf.o)
                0x000013ae                __pack_f
 .text          0x00001558       0xf0 c:/program files/winavr-20090313/bin/../lib/gcc/avr/4.3.2/avr5\libgcc.a(_unpack_sf.o)
                0x00001558                __unpack_f
 .text          0x00001648       0xb2 c:/program files/winavr-20090313/bin/../lib/gcc/avr/4.3.2/avr5\libgcc.a(_fpcmp_parts_sf.o)
                0x00001648                __fpcmp_parts_f
 .text          0x000016fa        0x0 c:/program files/winavr-20090313/bin/../lib/gcc/avr/4.3.2/avr5\libgcc.a(_clz.o)
 .text          0x000016fa      0x20a c:/program files/winavr-20090313/bin/../lib/gcc/avr/4.3.2/../../../../avr/lib/avr5\libc.a(malloc.o)
                0x000016fa                malloc
                0x00001854                free
 .text          0x00001904       0xc2 c:/program files/winavr-20090313/bin/../lib/gcc/avr/4.3.2/../../../../avr/lib/avr5\libc.a(random.o)
                0x000019aa                random
                0x000019a4                random_r
                0x000019b4                srandom
 .text          0x000019c6        0x0 c:/program files/winavr-20090313/bin/../lib/gcc/avr/4.3.2/../../../../avr/lib/avr5\libc.a(isspace.o)
 .text          0x000019c6        0x0 c:/program files/winavr-20090313/bin/../lib/gcc/avr/4.3.2/../../../../avr/lib/avr5\libc.a(tolower.o)
 .text          0x000019c6        0x0 c:/program files/winavr-20090313/bin/../lib/gcc/avr/4.3.2/../../../../avr/lib/avr5\libc.a(toupper.o)
 .text          0x000019c6       0x16 c:/program files/winavr-20090313/bin/../lib/gcc/avr/4.3.2/../../../../avr/lib/avr5\libc.a(strcat.o)
                0x000019c6                strcat
 .text          0x000019dc       0x16 c:/program files/winavr-20090313/bin/../lib/gcc/avr/4.3.2/../../../../avr/lib/avr5\libc.a(strchr.o)
                0x000019dc                strchr
 .text          0x000019f2       0x12 c:/program files/winavr-20090313/bin/../lib/gcc/avr/4.3.2/../../../../avr/lib/avr5\libc.a(strcmp.o)
                0x000019f2                strcmp
 .text          0x00001a04        0xe c:/program files/winavr-20090313/bin/../lib/gcc/avr/4.3.2/../../../../avr/lib/avr5\libc.a(strcpy.o)
                0x00001a04                strcpy
 .text          0x00001a12       0x1c c:/program files/winavr-20090313/bin/../lib/gcc/avr/4.3.2/../../../../avr/lib/avr5\libc.a(strncmp.o)
                0x00001a12                strncmp
 .text          0x00001a2e       0x1e c:/program files/winavr-20090313/bin/../lib/gcc/avr/4.3.2/../../../../avr/lib/avr5\libc.a(strncpy.o)
                0x00001a2e                strncpy
 .text          0x00001a4c       0x16 c:/program files/winavr-20090313/bin/../lib/gcc/avr/4.3.2/../../../../avr/lib/avr5\libc.a(strrchr.o)
                0x00001a4c                strrchr
 .text          0x00001a62       0x34 c:/program files/winavr-20090313/bin/../lib/gcc/avr/4.3.2/../../../../avr/lib/avr5\libc.a(strstr.o)
                0x00001a62                strstr
 .text          0x00001a96       0x42 c:/program files/winavr-20090313/bin/../lib/gcc/avr/4.3.2/../../../../avr/lib/avr5\libc.a(itoa.o)
                0x00001a96                itoa
 .text          0x00001ad8       0x68 c:/program files/winavr-20090313/bin/../lib/gcc/avr/4.3.2/../../../../avr/lib/avr5\libc.a(ltoa.o)
                0x00001ad8                ltoa
 .text          0x00001b40       0x4a c:/program files/winavr-20090313/bin/../lib/gcc/avr/4.3.2/../../../../avr/lib/avr5\libc.a(ultoa.o)
                0x00001b40                ultoa
 .text          0x00001b8a        0x0 c:/program files/winavr-20090313/bin/../lib/gcc/avr/4.3.2/../../../../avr/lib/avr5\libc.a(cty_isfalse.o)
 .text          0x00001b8a       0x20 c:/program files/winavr-20090313/bin/../lib/gcc/avr/4.3.2/../../../../avr/lib/avr5\libc.a(strrev.o)
                0x00001b8a                strrev
                0x00001baa                . = ALIGN (0x2)
 *(.text.*)
 .text.__cxa_pure_virtual
                0x00001baa        0x4 ./main.o
                0x00001baa                __cxa_pure_virtual
 .text.main     0x00001bae       0x36 ./main.o
                0x00001bae                main
 .text.__vector_18
                0x00001be4       0x7a ./Core/HardwareSerial.o
                0x00001be4                __vector_18
 .text._ZN14HardwareSerialC2EP11ring_bufferPVhS3_S3_S3_S3_hhhhh
                0x00001c5e       0x60 ./Core/HardwareSerial.o
                0x00001c5e                HardwareSerial::HardwareSerial(ring_buffer*, unsigned char volatile*, unsigned char volatile*, unsigned char volatile*, unsigned char volatile*, unsigned char volatile*, unsigned char, unsigned char, unsigned char, unsigned char, unsigned char)
 .text._ZN14HardwareSerialC1EP11ring_bufferPVhS3_S3_S3_S3_hhhhh
                0x00001cbe       0x60 ./Core/HardwareSerial.o
                0x00001cbe                HardwareSerial::HardwareSerial(ring_buffer*, unsigned char volatile*, unsigned char volatile*, unsigned char volatile*, unsigned char volatile*, unsigned char volatile*, unsigned char, unsigned char, unsigned char, unsigned char, unsigned char)
 .text._ZN14HardwareSerial5beginEl
                0x00001d1e      0x1e2 ./Core/HardwareSerial.o
                0x00001d1e                HardwareSerial::begin(long)
 .text._ZN14HardwareSerial3endEv
                0x00001f00       0x54 ./Core/HardwareSerial.o
                0x00001f00                HardwareSerial::end()
 .text._ZN14HardwareSerial9availableEv
                0x00001f54       0x28 ./Core/HardwareSerial.o
                0x00001f54                HardwareSerial::available()
 .text._ZN14HardwareSerial4peekEv
                0x00001f7c       0x34 ./Core/HardwareSerial.o
                0x00001f7c                HardwareSerial::peek()
 .text._ZN14HardwareSerial4readEv
                0x00001fb0       0x50 ./Core/HardwareSerial.o
                0x00001fb0                HardwareSerial::read()
 .text._ZN14HardwareSerial5flushEv
                0x00002000       0x18 ./Core/HardwareSerial.o
                0x00002000                HardwareSerial::flush()
 .text._ZN14HardwareSerial5writeEh
                0x00002018       0x26 ./Core/HardwareSerial.o
                0x00002018                HardwareSerial::write(unsigned char)
 .text._GLOBAL__I_rx_buffer
                0x0000203e       0x74 ./Core/HardwareSerial.o
 .text._ZN5Print5writeEPKc
                0x000020b2       0x30 ./Core/Print.o
                0x000020b2                Print::write(char const*)
 .text._ZN5Print5writeEPKhj
                0x000020e2       0x3e ./Core/Print.o
                0x000020e2                Print::write(unsigned char const*, unsigned int)
 .text._ZN5Print5printEPKc
                0x00002120       0x10 ./Core/Print.o
                0x00002120                Print::print(char const*)
 .text._ZN5Print5printERK6String
                0x00002130       0x54 ./Core/Print.o
                0x00002130                Print::print(String const&)
 .text._ZN5Print11printNumberEmh
                0x00002184      0x130 ./Core/Print.o
                0x00002184                Print::printNumber(unsigned long, unsigned char)
 .text._ZN5Print5printEmi
                0x000022b4       0x1e ./Core/Print.o
                0x000022b4                Print::print(unsigned long, int)
 .text._ZN5Print5printEji
                0x000022d2       0x22 ./Core/Print.o
                0x000022d2                Print::print(unsigned int, int)
 .text._ZN5Print5printEhi
                0x000022f4       0x24 ./Core/Print.o
                0x000022f4                Print::print(unsigned char, int)
 .text._ZN5Print5printEli
                0x00002318       0x6c ./Core/Print.o
                0x00002318                Print::print(long, int)
 .text._ZN5Print5printEii
                0x00002384       0x26 ./Core/Print.o
                0x00002384                Print::print(int, int)
 .text._ZN5Print5printEci
                0x000023aa       0x24 ./Core/Print.o
                0x000023aa                Print::print(char, int)
 .text._ZN5Print7printlnEv
                0x000023ce       0x2e ./Core/Print.o
                0x000023ce                Print::println()
 .text._ZN5Print7printlnEmi
                0x000023fc       0x16 ./Core/Print.o
                0x000023fc                Print::println(unsigned long, int)
 .text._ZN5Print7printlnEji
                0x00002412       0x32 ./Core/Print.o
                0x00002412                Print::println(unsigned int, int)
 .text._ZN5Print7printlnEhi
                0x00002444       0x34 ./Core/Print.o
                0x00002444                Print::println(unsigned char, int)
 .text._ZN5Print7printlnEPKc
                0x00002478       0x16 ./Core/Print.o
                0x00002478                Print::println(char const*)
 .text._ZN5Print7printlnERK6String
                0x0000248e       0x16 ./Core/Print.o
                0x0000248e                Print::println(String const&)
 .text._ZN5Print7printlnEli
                0x000024a4       0x16 ./Core/Print.o
                0x000024a4                Print::println(long, int)
 .text._ZN5Print7printlnEii
                0x000024ba       0x36 ./Core/Print.o
                0x000024ba                Print::println(int, int)
 .text._ZN5Print7printlnEci
                0x000024f0       0x34 ./Core/Print.o
                0x000024f0                Print::println(char, int)
 .text._ZN5Print10printFloatEdh
                0x00002524      0x118 ./Core/Print.o
                0x00002524                Print::printFloat(double, unsigned char)
 .text._ZN5Print5printEdi
                0x0000263c        0x6 ./Core/Print.o
                0x0000263c                Print::print(double, int)
 .text._ZN5Print7printlnEdi
                0x00002642       0x16 ./Core/Print.o
                0x00002642                Print::println(double, int)
 .text._Z12disableTimerh
                0x00002658       0x42 ./Core/Tone.o
                0x00002658                disableTimer(unsigned char)
 .text.__vector_7
                0x0000269a       0xca ./Core/Tone.o
                0x0000269a                __vector_7
 .text._Z6noToneh
                0x00002764       0x2e ./Core/Tone.o
                0x00002764                noTone(unsigned char)
 .text._Z4tonehjm
                0x00002792      0x42a ./Core/Tone.o
                0x00002792                tone(unsigned char, unsigned int, unsigned long)
 .text._Z3maplllll
                0x00002bbc       0x92 ./Core/WMath.o
                0x00002bbc                map(long, long, long, long, long)
 .text._Z8makeWordj
                0x00002c4e        0x2 ./Core/WMath.o
                0x00002c4e                makeWord(unsigned int)
 .text._Z8makeWordhh
                0x00002c50        0xe ./Core/WMath.o
                0x00002c50                makeWord(unsigned char, unsigned char)
 .text._Z6randoml
                0x00002c5e       0x44 ./Core/WMath.o
                0x00002c5e                random(long)
 .text._Z6randomll
                0x00002ca2       0x3c ./Core/WMath.o
                0x00002ca2                random(long, long)
 .text._Z10randomSeedj
                0x00002cde       0x10 ./Core/WMath.o
                0x00002cde                randomSeed(unsigned int)
 .text._ZNK6String6charAtEj
                0x00002cee       0x10 ./Core/WString.o
                0x00002cee                String::charAt(unsigned int) const
 .text._ZN6String9setCharAtEjc
                0x00002cfe       0x22 ./Core/WString.o
                0x00002cfe                String::setCharAt(unsigned int, char)
 .text._ZN6StringixEj
                0x00002d20       0x2a ./Core/WString.o
                0x00002d20                String::operator[](unsigned int)
 .text._ZNK6StringixEj
                0x00002d4a       0x10 ./Core/WString.o
                0x00002d4a                String::operator[](unsigned int) const
 .text._ZN6String11toCharArrayEPcj
                0x00002d5a       0x44 ./Core/WString.o
                0x00002d5a                String::toCharArray(char*, unsigned int)
 .text._ZN6String8getBytesEPhj
                0x00002d9e       0x44 ./Core/WString.o
                0x00002d9e                String::getBytes(unsigned char*, unsigned int)
 .text._ZN6StringD1Ev
                0x00002de2       0x20 ./Core/WString.o
                0x00002de2                String::~String()
 .text._ZNK6String10startsWithERKS_j
                0x00002e02       0x3c ./Core/WString.o
                0x00002e02                String::startsWith(String const&, unsigned int) const
 .text._ZNK6String10startsWithERKS_
                0x00002e3e       0x26 ./Core/WString.o
                0x00002e3e                String::startsWith(String const&) const
 .text._ZNK6String11lastIndexOfEcj
                0x00002e64       0x6a ./Core/WString.o
                0x00002e64                String::lastIndexOf(char, unsigned int) const
 .text._ZNK6String11lastIndexOfEc
                0x00002ece       0x10 ./Core/WString.o
                0x00002ece                String::lastIndexOf(char) const
 .text._ZNK6String7indexOfERKS_j
                0x00002ede       0x3c ./Core/WString.o
                0x00002ede                String::indexOf(String const&, unsigned int) const
 .text._ZNK6String7indexOfERKS_
                0x00002f1a        0xa ./Core/WString.o
                0x00002f1a                String::indexOf(String const&) const
 .text._ZNK6String7indexOfEcj
                0x00002f24       0x38 ./Core/WString.o
                0x00002f24                String::indexOf(char, unsigned int) const
 .text._ZNK6String7indexOfEc
                0x00002f5c        0xa ./Core/WString.o
                0x00002f5c                String::indexOf(char) const
 .text._ZNK6String6equalsERKS_
                0x00002f66       0x32 ./Core/WString.o
                0x00002f66                String::equals(String const&) const
 .text._ZNK6String8endsWithERKS_
                0x00002f98       0x3a ./Core/WString.o
                0x00002f98                String::endsWith(String const&) const
 .text._ZNK6StringgeERKS_
                0x00002fd2       0x28 ./Core/WString.o
                0x00002fd2                String::operator>=(String const&) const
 .text._ZNK6StringleERKS_
                0x00002ffa       0x22 ./Core/WString.o
                0x00002ffa                String::operator<=(String const&) const
 .text._ZNK6StringgtERKS_
                0x0000301c       0x22 ./Core/WString.o
                0x0000301c                String::operator>(String const&) const
 .text._ZNK6StringltERKS_
                0x0000303e       0x24 ./Core/WString.o
                0x0000303e                String::operator<(String const&) const
 .text._ZNK6StringneERKS_
                0x00003062       0x30 ./Core/WString.o
                0x00003062                String::operator!=(String const&) const
 .text._ZNK6StringeqERKS_
                0x00003092       0x34 ./Core/WString.o
                0x00003092                String::operator==(String const&) const
 .text._ZNK6String9compareToERKS_
                0x000030c6       0x12 ./Core/WString.o
                0x000030c6                String::compareTo(String const&) const
 .text._ZN6String9getBufferEj
                0x000030d8       0x28 ./Core/WString.o
                0x000030d8                String::getBuffer(unsigned int)
 .text._ZN6StringpLERKS_
                0x00003100       0x6c ./Core/WString.o
                0x00003100                String::operator+=(String const&)
 .text._ZN6String6concatERKS_
                0x0000316c        0x6 ./Core/WString.o
                0x0000316c                String::concat(String const&)
 .text._ZN6StringaSERKS_
                0x00003172       0x60 ./Core/WString.o
                0x00003172                String::operator=(String const&)
 .text._ZN6StringC1Eh
                0x000031d2       0x34 ./Core/WString.o
                0x000031d2                String::String(unsigned char)
 .text._ZN6StringC2Eh
                0x00003206       0x34 ./Core/WString.o
                0x00003206                String::String(unsigned char)
 .text._ZN6StringC1Ec
                0x0000323a       0x34 ./Core/WString.o
                0x0000323a                String::String(char)
 .text._ZN6StringC2Ec
                0x0000326e       0x34 ./Core/WString.o
                0x0000326e                String::String(char)
 .text._ZN6StringC1ERKS_
                0x000032a2       0x36 ./Core/WString.o
                0x000032a2                String::String(String const&)
 .text._ZN6StringC2ERKS_
                0x000032d8       0x36 ./Core/WString.o
                0x000032d8                String::String(String const&)
 .text._ZN6StringC1Emi
                0x0000330e       0x7e ./Core/WString.o
                0x0000330e                String::String(unsigned long, int)
 .text._ZN6StringC2Emi
                0x0000338c       0x7e ./Core/WString.o
                0x0000338c                String::String(unsigned long, int)
 .text._ZN6StringC1Eji
                0x0000340a       0x7c ./Core/WString.o
                0x0000340a                String::String(unsigned int, int)
 .text._ZN6StringC2Eji
                0x00003486       0x7c ./Core/WString.o
                0x00003486                String::String(unsigned int, int)
 .text._ZN6StringC1EPKc
                0x00003502       0x50 ./Core/WString.o
                0x00003502                String::String(char const*)
 .text._ZNK6String11toUpperCaseEv
                0x00003552       0x72 ./Core/WString.o
                0x00003552                String::toUpperCase() const
 .text._ZNK6String11toLowerCaseEv
                0x000035c4       0x72 ./Core/WString.o
                0x000035c4                String::toLowerCase() const
 .text._ZNK6String16equalsIgnoreCaseERKS_
                0x00003636       0x98 ./Core/WString.o
                0x00003636                String::equalsIgnoreCase(String const&) const
 .text._ZNK6String9substringEjj
                0x000036ce       0x6e ./Core/WString.o
                0x000036ce                String::substring(unsigned int, unsigned int) const
 .text._ZNK6String9substringEj
                0x0000373c       0x18 ./Core/WString.o
                0x0000373c                String::substring(unsigned int) const
 .text._ZNK6String11lastIndexOfERKS_j
                0x00003754       0xca ./Core/WString.o
                0x00003754                String::lastIndexOf(String const&, unsigned int) const
 .text._ZNK6String11lastIndexOfERKS_
                0x0000381e       0x1c ./Core/WString.o
                0x0000381e                String::lastIndexOf(String const&) const
 .text._ZNK6String4trimEv
                0x0000383a       0xd6 ./Core/WString.o
                0x0000383a                String::trim() const
 .text._ZN6String7replaceERKS_S1_
                0x00003910      0x136 ./Core/WString.o
                0x00003910                String::replace(String const&, String const&)
 .text._ZN6String7replaceEcc
                0x00003a46       0x7e ./Core/WString.o
                0x00003a46                String::replace(char, char)
 .text._ZN6StringC2EPKc
                0x00003ac4       0x50 ./Core/WString.o
                0x00003ac4                String::String(char const*)
 .text._ZN6StringC1Eli
                0x00003b14       0x7a ./Core/WString.o
                0x00003b14                String::String(long, int)
 .text._ZN6StringC2Eli
                0x00003b8e       0x7a ./Core/WString.o
                0x00003b8e                String::String(long, int)
 .text._ZN6StringC1Eii
                0x00003c08       0x78 ./Core/WString.o
                0x00003c08                String::String(int, int)
 .text._ZN6StringC2Eii
                0x00003c80       0x78 ./Core/WString.o
                0x00003c80                String::String(int, int)
 .text.libgcc   0x00003cf8       0x3e c:/program files/winavr-20090313/bin/../lib/gcc/avr/4.3.2/avr5\libgcc.a(_mulsi3.o)
                0x00003cf8                __mulsi3
 .text.libgcc   0x00003d36       0x26 c:/program files/winavr-20090313/bin/../lib/gcc/avr/4.3.2/avr5\libgcc.a(_divmodhi4.o)
                0x00003d36                __divmodhi4
                0x00003d36                _div
 .text.libgcc   0x00003d5c       0x44 c:/program files/winavr-20090313/bin/../lib/gcc/avr/4.3.2/avr5\libgcc.a(_udivmodsi4.o)
                0x00003d5c                __udivmodsi4
 .text.libgcc   0x00003da0       0x36 c:/program files/winavr-20090313/bin/../lib/gcc/avr/4.3.2/avr5\libgcc.a(_divmodsi4.o)
                0x00003da0                __divmodsi4
 .text.libgcc   0x00003dd6        0x0 c:/program files/winavr-20090313/bin/../lib/gcc/avr/4.3.2/avr5\libgcc.a(_exit.o)
 .text.libgcc   0x00003dd6        0x0 c:/program files/winavr-20090313/bin/../lib/gcc/avr/4.3.2/avr5\libgcc.a(_copy_data.o)
 .text.libgcc   0x00003dd6        0x0 c:/program files/winavr-20090313/bin/../lib/gcc/avr/4.3.2/avr5\libgcc.a(_clear_bss.o)
 .text.libgcc   0x00003dd6        0x0 c:/program files/winavr-20090313/bin/../lib/gcc/avr/4.3.2/avr5\libgcc.a(_ctors.o)
 .text.libgcc   0x00003dd6       0x28 c:/program files/winavr-20090313/bin/../lib/gcc/avr/4.3.2/avr5\libgcc.a(_udivmodhi4.o)
                0x00003dd6                __udivmodhi4
 .text.libgcc   0x00003dfe       0x38 c:/program files/winavr-20090313/bin/../lib/gcc/avr/4.3.2/avr5\libgcc.a(_prologue.o)
                0x00003dfe                __prologue_saves__
 .text.libgcc   0x00003e36       0x36 c:/program files/winavr-20090313/bin/../lib/gcc/avr/4.3.2/avr5\libgcc.a(_epilogue.o)
                0x00003e36                __epilogue_restores__
 .text.libgcc   0x00003e6c        0xc c:/program files/winavr-20090313/bin/../lib/gcc/avr/4.3.2/avr5\libgcc.a(_tablejump.o)
                0x00003e70                __tablejump__
                0x00003e6c                __tablejump2__
 .text.ctype    0x00003e78       0x10 c:/program files/winavr-20090313/bin/../lib/gcc/avr/4.3.2/../../../../avr/lib/avr5\libc.a(isspace.o)
                0x00003e78                isspace
 .text.ctype    0x00003e88       0x10 c:/program files/winavr-20090313/bin/../lib/gcc/avr/4.3.2/../../../../avr/lib/avr5\libc.a(tolower.o)
                0x00003e88                tolower
 .text.ctype    0x00003e98       0x10 c:/program files/winavr-20090313/bin/../lib/gcc/avr/4.3.2/../../../../avr/lib/avr5\libc.a(toupper.o)
                0x00003e98                toupper
 .text.ctype    0x00003ea8        0x6 c:/program files/winavr-20090313/bin/../lib/gcc/avr/4.3.2/../../../../avr/lib/avr5\libc.a(cty_isfalse.o)
                0x00003eac                __ctype_istrue
                0x00003ea8                __ctype_isfalse
                0x00003eae                . = ALIGN (0x2)
 *(.fini9)
 .fini9         0x00003eae        0x0 c:/program files/winavr-20090313/bin/../lib/gcc/avr/4.3.2/avr5\libgcc.a(_exit.o)
                0x00003eae                exit
                0x00003eae                _exit
 *(.fini9)
 *(.fini8)
 *(.fini8)
 *(.fini7)
 *(.fini7)
 *(.fini6)
 *(.fini6)
 *(.fini5)
 *(.fini5)
 *(.fini4)
 *(.fini4)
 *(.fini3)
 *(.fini3)
 *(.fini2)
 *(.fini2)
 *(.fini1)
 *(.fini1)
 *(.fini0)
 .fini0         0x00003eae        0x4 c:/program files/winavr-20090313/bin/../lib/gcc/avr/4.3.2/avr5\libgcc.a(_exit.o)
 *(.fini0)
                0x00003eb2                _etext = .

.data           0x00800100      0x144 load address 0x00003eb2
                0x00800100                PROVIDE (__data_start, .)
 *(.data)
 .data          0x00800100        0x0 c:/program files/winavr-20090313/bin/../lib/gcc/avr/4.3.2/../../../../avr/lib/avr5/crtm328p.o
 .data          0x00800100        0x0 ./main.o
 .data          0x00800100        0x0 ./Core/HardwareSerial.o
 .data          0x00800100        0x2 ./Core/Print.o
 .data          0x00800102        0x0 ./Core/Tone.o
 .data          0x00800102        0x0 ./Core/WInterrupts.o
 .data          0x00800102        0x0 ./Core/WMath.o
 .data          0x00800102        0x1 ./Core/WString.o
 .data          0x00800103        0x0 ./Core/pins_arduino.o
 .data          0x00800103        0x0 ./Core/wiring.o
 .data          0x00800103        0x1 ./Core/wiring_analog.o
                0x00800103                analog_reference
 .data          0x00800104        0x0 ./Core/wiring_digital.o
 .data          0x00800104        0x0 ./Core/wiring_pulse.o
 .data          0x00800104        0x0 ./Core/wiring_shift.o
 .data          0x00800104        0x0 c:/program files/winavr-20090313/bin/../lib/gcc/avr/4.3.2/avr5\libgcc.a(_mulsi3.o)
 .data          0x00800104        0x0 c:/program files/winavr-20090313/bin/../lib/gcc/avr/4.3.2/avr5\libgcc.a(_divmodhi4.o)
 .data          0x00800104        0x0 c:/program files/winavr-20090313/bin/../lib/gcc/avr/4.3.2/avr5\libgcc.a(_udivmodsi4.o)
 .data          0x00800104        0x0 c:/program files/winavr-20090313/bin/../lib/gcc/avr/4.3.2/avr5\libgcc.a(_divmodsi4.o)
 .data          0x00800104        0x0 c:/program files/winavr-20090313/bin/../lib/gcc/avr/4.3.2/avr5\libgcc.a(_exit.o)
 .data          0x00800104        0x0 c:/program files/winavr-20090313/bin/../lib/gcc/avr/4.3.2/avr5\libgcc.a(_copy_data.o)
 .data          0x00800104        0x0 c:/program files/winavr-20090313/bin/../lib/gcc/avr/4.3.2/avr5\libgcc.a(_clear_bss.o)
 .data          0x00800104        0x0 c:/program files/winavr-20090313/bin/../lib/gcc/avr/4.3.2/avr5\libgcc.a(_ctors.o)
 .data          0x00800104        0x0 c:/program files/winavr-20090313/bin/../lib/gcc/avr/4.3.2/avr5\libgcc.a(_fixunssfsi.o)
 .data          0x00800104        0x0 c:/program files/winavr-20090313/bin/../lib/gcc/avr/4.3.2/avr5\libgcc.a(_addsub_sf.o)
 .data          0x00800104        0x0 c:/program files/winavr-20090313/bin/../lib/gcc/avr/4.3.2/avr5\libgcc.a(_mul_sf.o)
 .data          0x00800104        0x0 c:/program files/winavr-20090313/bin/../lib/gcc/avr/4.3.2/avr5\libgcc.a(_div_sf.o)
 .data          0x00800104        0x0 c:/program files/winavr-20090313/bin/../lib/gcc/avr/4.3.2/avr5\libgcc.a(_ge_sf.o)
 .data          0x00800104        0x0 c:/program files/winavr-20090313/bin/../lib/gcc/avr/4.3.2/avr5\libgcc.a(_lt_sf.o)
 .data          0x00800104        0x0 c:/program files/winavr-20090313/bin/../lib/gcc/avr/4.3.2/avr5\libgcc.a(_si_to_sf.o)
 .data          0x00800104        0x0 c:/program files/winavr-20090313/bin/../lib/gcc/avr/4.3.2/avr5\libgcc.a(_sf_to_si.o)
 .data          0x00800104        0x8 c:/program files/winavr-20090313/bin/../lib/gcc/avr/4.3.2/avr5\libgcc.a(_thenan_sf.o)
                0x00800104                __thenan_sf
 .data          0x0080010c        0x0 c:/program files/winavr-20090313/bin/../lib/gcc/avr/4.3.2/avr5\libgcc.a(_usi_to_sf.o)
 .data          0x0080010c        0x0 c:/program files/winavr-20090313/bin/../lib/gcc/avr/4.3.2/avr5\libgcc.a(_udivmodhi4.o)
 .data          0x0080010c        0x0 c:/program files/winavr-20090313/bin/../lib/gcc/avr/4.3.2/avr5\libgcc.a(_prologue.o)
 .data          0x0080010c        0x0 c:/program files/winavr-20090313/bin/../lib/gcc/avr/4.3.2/avr5\libgcc.a(_epilogue.o)
 .data          0x0080010c        0x0 c:/program files/winavr-20090313/bin/../lib/gcc/avr/4.3.2/avr5\libgcc.a(_tablejump.o)
 .data          0x0080010c        0x0 c:/program files/winavr-20090313/bin/../lib/gcc/avr/4.3.2/avr5\libgcc.a(_clzsi2.o)
 .data          0x0080010c        0x0 c:/program files/winavr-20090313/bin/../lib/gcc/avr/4.3.2/avr5\libgcc.a(_pack_sf.o)
 .data          0x0080010c        0x0 c:/program files/winavr-20090313/bin/../lib/gcc/avr/4.3.2/avr5\libgcc.a(_unpack_sf.o)
 .data          0x0080010c        0x0 c:/program files/winavr-20090313/bin/../lib/gcc/avr/4.3.2/avr5\libgcc.a(_fpcmp_parts_sf.o)
 .data          0x0080010c      0x100 c:/program files/winavr-20090313/bin/../lib/gcc/avr/4.3.2/avr5\libgcc.a(_clz.o)
                0x0080010c                __clz_tab
 .data          0x0080020c        0x6 c:/program files/winavr-20090313/bin/../lib/gcc/avr/4.3.2/../../../../avr/lib/avr5\libc.a(malloc.o)
                0x0080020e                __malloc_heap_start
                0x00800210                __malloc_heap_end
                0x0080020c                __malloc_margin
 .data          0x00800212        0x4 c:/program files/winavr-20090313/bin/../lib/gcc/avr/4.3.2/../../../../avr/lib/avr5\libc.a(random.o)
 .data          0x00800216        0x0 c:/program files/winavr-20090313/bin/../lib/gcc/avr/4.3.2/../../../../avr/lib/avr5\libc.a(isspace.o)
 .data          0x00800216        0x0 c:/program files/winavr-20090313/bin/../lib/gcc/avr/4.3.2/../../../../avr/lib/avr5\libc.a(tolower.o)
 .data          0x00800216        0x0 c:/program files/winavr-20090313/bin/../lib/gcc/avr/4.3.2/../../../../avr/lib/avr5\libc.a(toupper.o)
 .data          0x00800216        0x0 c:/program files/winavr-20090313/bin/../lib/gcc/avr/4.3.2/../../../../avr/lib/avr5\libc.a(strcat.o)
 .data          0x00800216        0x0 c:/program files/winavr-20090313/bin/../lib/gcc/avr/4.3.2/../../../../avr/lib/avr5\libc.a(strchr.o)
 .data          0x00800216        0x0 c:/program files/winavr-20090313/bin/../lib/gcc/avr/4.3.2/../../../../avr/lib/avr5\libc.a(strcmp.o)
 .data          0x00800216        0x0 c:/program files/winavr-20090313/bin/../lib/gcc/avr/4.3.2/../../../../avr/lib/avr5\libc.a(strcpy.o)
 .data          0x00800216        0x0 c:/program files/winavr-20090313/bin/../lib/gcc/avr/4.3.2/../../../../avr/lib/avr5\libc.a(strncmp.o)
 .data          0x00800216        0x0 c:/program files/winavr-20090313/bin/../lib/gcc/avr/4.3.2/../../../../avr/lib/avr5\libc.a(strncpy.o)
 .data          0x00800216        0x0 c:/program files/winavr-20090313/bin/../lib/gcc/avr/4.3.2/../../../../avr/lib/avr5\libc.a(strrchr.o)
 .data          0x00800216        0x0 c:/program files/winavr-20090313/bin/../lib/gcc/avr/4.3.2/../../../../avr/lib/avr5\libc.a(strstr.o)
 .data          0x00800216        0x0 c:/program files/winavr-20090313/bin/../lib/gcc/avr/4.3.2/../../../../avr/lib/avr5\libc.a(itoa.o)
 .data          0x00800216        0x0 c:/program files/winavr-20090313/bin/../lib/gcc/avr/4.3.2/../../../../avr/lib/avr5\libc.a(ltoa.o)
 .data          0x00800216        0x0 c:/program files/winavr-20090313/bin/../lib/gcc/avr/4.3.2/../../../../avr/lib/avr5\libc.a(ultoa.o)
 .data          0x00800216        0x0 c:/program files/winavr-20090313/bin/../lib/gcc/avr/4.3.2/../../../../avr/lib/avr5\libc.a(cty_isfalse.o)
 .data          0x00800216        0x0 c:/program files/winavr-20090313/bin/../lib/gcc/avr/4.3.2/../../../../avr/lib/avr5\libc.a(strrev.o)
 *(.data*)
 .data._ZL9tone_pins
                0x00800216        0x1 ./Core/Tone.o
 *(.rodata)
 *(.rodata*)
 .rodata._ZTV14HardwareSerial
                0x00800217       0x12 ./Core/HardwareSerial.o
                0x00800217                vtable for HardwareSerial
 .rodata._ZTV6Stream
                0x00800229       0x10 ./Core/HardwareSerial.o
                0x00800229                vtable for Stream
 .rodata._ZTV5Print
                0x00800239        0xa ./Core/Print.o
                0x00800239                vtable for Print
 *(.gnu.linkonce.d*)
                0x00800244                . = ALIGN (0x2)
 *fill*         0x00800243        0x1 00
                0x00800244                _edata = .
                0x00800244                PROVIDE (__data_end, .)

.bss            0x00800244       0xbe
                0x00800244                PROVIDE (__bss_start, .)
 *(.bss)
 .bss           0x00800244        0x0 c:/program files/winavr-20090313/bin/../lib/gcc/avr/4.3.2/../../../../avr/lib/avr5/crtm328p.o
 .bss           0x00800244        0x0 ./main.o
 .bss           0x00800244        0x0 ./Core/HardwareSerial.o
 .bss           0x00800244        0x0 ./Core/Print.o
 .bss           0x00800244        0x0 ./Core/Tone.o
 .bss           0x00800244        0x4 ./Core/WInterrupts.o
 .bss           0x00800248        0x0 ./Core/WMath.o
 .bss           0x00800248        0x0 ./Core/WString.o
 .bss           0x00800248        0x0 ./Core/pins_arduino.o
 .bss           0x00800248        0x9 ./Core/wiring.o
                0x00800248                timer0_overflow_count
                0x0080024c                timer0_millis
 .bss           0x00800251        0x0 ./Core/wiring_analog.o
 .bss           0x00800251        0x0 ./Core/wiring_digital.o
 .bss           0x00800251        0x0 ./Core/wiring_pulse.o
 .bss           0x00800251        0x0 ./Core/wiring_shift.o
 .bss           0x00800251        0x0 c:/program files/winavr-20090313/bin/../lib/gcc/avr/4.3.2/avr5\libgcc.a(_mulsi3.o)
 .bss           0x00800251        0x0 c:/program files/winavr-20090313/bin/../lib/gcc/avr/4.3.2/avr5\libgcc.a(_divmodhi4.o)
 .bss           0x00800251        0x0 c:/program files/winavr-20090313/bin/../lib/gcc/avr/4.3.2/avr5\libgcc.a(_udivmodsi4.o)
 .bss           0x00800251        0x0 c:/program files/winavr-20090313/bin/../lib/gcc/avr/4.3.2/avr5\libgcc.a(_divmodsi4.o)
 .bss           0x00800251        0x0 c:/program files/winavr-20090313/bin/../lib/gcc/avr/4.3.2/avr5\libgcc.a(_exit.o)
 .bss           0x00800251        0x0 c:/program files/winavr-20090313/bin/../lib/gcc/avr/4.3.2/avr5\libgcc.a(_copy_data.o)
 .bss           0x00800251        0x0 c:/program files/winavr-20090313/bin/../lib/gcc/avr/4.3.2/avr5\libgcc.a(_clear_bss.o)
 .bss           0x00800251        0x0 c:/program files/winavr-20090313/bin/../lib/gcc/avr/4.3.2/avr5\libgcc.a(_ctors.o)
 .bss           0x00800251        0x0 c:/program files/winavr-20090313/bin/../lib/gcc/avr/4.3.2/avr5\libgcc.a(_fixunssfsi.o)
 .bss           0x00800251        0x0 c:/program files/winavr-20090313/bin/../lib/gcc/avr/4.3.2/avr5\libgcc.a(_addsub_sf.o)
 .bss           0x00800251        0x0 c:/program files/winavr-20090313/bin/../lib/gcc/avr/4.3.2/avr5\libgcc.a(_mul_sf.o)
 .bss           0x00800251        0x0 c:/program files/winavr-20090313/bin/../lib/gcc/avr/4.3.2/avr5\libgcc.a(_div_sf.o)
 .bss           0x00800251        0x0 c:/program files/winavr-20090313/bin/../lib/gcc/avr/4.3.2/avr5\libgcc.a(_ge_sf.o)
 .bss           0x00800251        0x0 c:/program files/winavr-20090313/bin/../lib/gcc/avr/4.3.2/avr5\libgcc.a(_lt_sf.o)
 .bss           0x00800251        0x0 c:/program files/winavr-20090313/bin/../lib/gcc/avr/4.3.2/avr5\libgcc.a(_si_to_sf.o)
 .bss           0x00800251        0x0 c:/program files/winavr-20090313/bin/../lib/gcc/avr/4.3.2/avr5\libgcc.a(_sf_to_si.o)
 .bss           0x00800251        0x0 c:/program files/winavr-20090313/bin/../lib/gcc/avr/4.3.2/avr5\libgcc.a(_thenan_sf.o)
 .bss           0x00800251        0x0 c:/program files/winavr-20090313/bin/../lib/gcc/avr/4.3.2/avr5\libgcc.a(_usi_to_sf.o)
 .bss           0x00800251        0x0 c:/program files/winavr-20090313/bin/../lib/gcc/avr/4.3.2/avr5\libgcc.a(_udivmodhi4.o)
 .bss           0x00800251        0x0 c:/program files/winavr-20090313/bin/../lib/gcc/avr/4.3.2/avr5\libgcc.a(_prologue.o)
 .bss           0x00800251        0x0 c:/program files/winavr-20090313/bin/../lib/gcc/avr/4.3.2/avr5\libgcc.a(_epilogue.o)
 .bss           0x00800251        0x0 c:/program files/winavr-20090313/bin/../lib/gcc/avr/4.3.2/avr5\libgcc.a(_tablejump.o)
 .bss           0x00800251        0x0 c:/program files/winavr-20090313/bin/../lib/gcc/avr/4.3.2/avr5\libgcc.a(_clzsi2.o)
 .bss           0x00800251        0x0 c:/program files/winavr-20090313/bin/../lib/gcc/avr/4.3.2/avr5\libgcc.a(_pack_sf.o)
 .bss           0x00800251        0x0 c:/program files/winavr-20090313/bin/../lib/gcc/avr/4.3.2/avr5\libgcc.a(_unpack_sf.o)
 .bss           0x00800251        0x0 c:/program files/winavr-20090313/bin/../lib/gcc/avr/4.3.2/avr5\libgcc.a(_fpcmp_parts_sf.o)
 .bss           0x00800251        0x0 c:/program files/winavr-20090313/bin/../lib/gcc/avr/4.3.2/avr5\libgcc.a(_clz.o)
 .bss           0x00800251        0x0 c:/program files/winavr-20090313/bin/../lib/gcc/avr/4.3.2/../../../../avr/lib/avr5\libc.a(malloc.o)
 .bss           0x00800251        0x0 c:/program files/winavr-20090313/bin/../lib/gcc/avr/4.3.2/../../../../avr/lib/avr5\libc.a(random.o)
 .bss           0x00800251        0x0 c:/program files/winavr-20090313/bin/../lib/gcc/avr/4.3.2/../../../../avr/lib/avr5\libc.a(isspace.o)
 .bss           0x00800251        0x0 c:/program files/winavr-20090313/bin/../lib/gcc/avr/4.3.2/../../../../avr/lib/avr5\libc.a(tolower.o)
 .bss           0x00800251        0x0 c:/program files/winavr-20090313/bin/../lib/gcc/avr/4.3.2/../../../../avr/lib/avr5\libc.a(toupper.o)
 .bss           0x00800251        0x0 c:/program files/winavr-20090313/bin/../lib/gcc/avr/4.3.2/../../../../avr/lib/avr5\libc.a(strcat.o)
 .bss           0x00800251        0x0 c:/program files/winavr-20090313/bin/../lib/gcc/avr/4.3.2/../../../../avr/lib/avr5\libc.a(strchr.o)
 .bss           0x00800251        0x0 c:/program files/winavr-20090313/bin/../lib/gcc/avr/4.3.2/../../../../avr/lib/avr5\libc.a(strcmp.o)
 .bss           0x00800251        0x0 c:/program files/winavr-20090313/bin/../lib/gcc/avr/4.3.2/../../../../avr/lib/avr5\libc.a(strcpy.o)
 .bss           0x00800251        0x0 c:/program files/winavr-20090313/bin/../lib/gcc/avr/4.3.2/../../../../avr/lib/avr5\libc.a(strncmp.o)
 .bss           0x00800251        0x0 c:/program files/winavr-20090313/bin/../lib/gcc/avr/4.3.2/../../../../avr/lib/avr5\libc.a(strncpy.o)
 .bss           0x00800251        0x0 c:/program files/winavr-20090313/bin/../lib/gcc/avr/4.3.2/../../../../avr/lib/avr5\libc.a(strrchr.o)
 .bss           0x00800251        0x0 c:/program files/winavr-20090313/bin/../lib/gcc/avr/4.3.2/../../../../avr/lib/avr5\libc.a(strstr.o)
 .bss           0x00800251        0x0 c:/program files/winavr-20090313/bin/../lib/gcc/avr/4.3.2/../../../../avr/lib/avr5\libc.a(itoa.o)
 .bss           0x00800251        0x0 c:/program files/winavr-20090313/bin/../lib/gcc/avr/4.3.2/../../../../avr/lib/avr5\libc.a(ltoa.o)
 .bss           0x00800251        0x0 c:/program files/winavr-20090313/bin/../lib/gcc/avr/4.3.2/../../../../avr/lib/avr5\libc.a(ultoa.o)
 .bss           0x00800251        0x0 c:/program files/winavr-20090313/bin/../lib/gcc/avr/4.3.2/../../../../avr/lib/avr5\libc.a(cty_isfalse.o)
 .bss           0x00800251        0x0 c:/program files/winavr-20090313/bin/../lib/gcc/avr/4.3.2/../../../../avr/lib/avr5\libc.a(strrev.o)
 *(.bss*)
 .bss.rx_buffer
                0x00800251       0x84 ./Core/HardwareSerial.o
                0x00800251                rx_buffer
 .bss.Serial    0x008002d5       0x13 ./Core/HardwareSerial.o
                0x008002d5                Serial
 .bss.timer0_toggle_count
                0x008002e8        0x4 ./Core/Tone.o
                0x008002e8                timer0_toggle_count
 .bss.timer0_pin_port
                0x008002ec        0x2 ./Core/Tone.o
                0x008002ec                timer0_pin_port
 .bss.timer0_pin_mask
                0x008002ee        0x1 ./Core/Tone.o
                0x008002ee                timer0_pin_mask
 .bss.timer1_toggle_count
                0x008002ef        0x4 ./Core/Tone.o
                0x008002ef                timer1_toggle_count
 .bss.timer1_pin_port
                0x008002f3        0x2 ./Core/Tone.o
                0x008002f3                timer1_pin_port
 .bss.timer1_pin_mask
                0x008002f5        0x1 ./Core/Tone.o
                0x008002f5                timer1_pin_mask
 .bss.timer2_toggle_count
                0x008002f6        0x4 ./Core/Tone.o
                0x008002f6                timer2_toggle_count
 .bss.timer2_pin_port
                0x008002fa        0x2 ./Core/Tone.o
                0x008002fa                timer2_pin_port
 .bss.timer2_pin_mask
                0x008002fc        0x1 ./Core/Tone.o
                0x008002fc                timer2_pin_mask
 .bss._ZZN6StringixEjE19dummy_writable_char
                0x008002fd        0x1 ./Core/WString.o
 *(COMMON)
 COMMON         0x008002fe        0x4 c:/program files/winavr-20090313/bin/../lib/gcc/avr/4.3.2/../../../../avr/lib/avr5\libc.a(malloc.o)
                0x008002fe                __brkval
                0x00800300                __flp
                0x00800302                PROVIDE (__bss_end, .)
                0x00003eb2                __data_load_start = LOADADDR (.data)
                0x00003ff6                __data_load_end = (__data_load_start + SIZEOF (.data))

.noinit         0x00800302        0x0
                0x00800302                PROVIDE (__noinit_start, .)
 *(.noinit*)
                0x00800302                PROVIDE (__noinit_end, .)
                0x00800302                _end = .
                0x00800302                PROVIDE (__heap_start, .)

.eeprom         0x00810000        0x0
 *(.eeprom*)
                0x00810000                __eeprom_end = .

.fuse
 *(.fuse)
 *(.lfuse)
 *(.hfuse)
 *(.efuse)

.lock
 *(.lock*)

.signature
 *(.signature*)

.stab
 *(.stab)

.stabstr
 *(.stabstr)

.stab.excl
 *(.stab.excl)

.stab.exclstr
 *(.stab.exclstr)

.stab.index
 *(.stab.index)

.stab.indexstr
 *(.stab.indexstr)

.comment
 *(.comment)

.debug
 *(.debug)

.line
 *(.line)

.debug_srcinfo
 *(.debug_srcinfo)

.debug_sfnames
 *(.debug_sfnames)

.debug_aranges
 *(.debug_aranges)

.debug_pubnames
 *(.debug_pubnames)

.debug_info
 *(.debug_info)
 *(.gnu.linkonce.wi.*)

.debug_abbrev
 *(.debug_abbrev)

.debug_line
 *(.debug_line)

.debug_frame
 *(.debug_frame)

.debug_str
 *(.debug_str)

.debug_loc
 *(.debug_loc)

.debug_macinfo
 *(.debug_macinfo)
OUTPUT(Basestation.elf elf32-avr)
LOAD linker stubs

Cross Reference Table

Symbol                                            File
HardwareSerial::HardwareSerial(ring_buffer*, unsigned char volatile*, unsigned char volatile*, unsigned char volatile*, unsigned char volatile*, unsigned char volatile*, unsigned char, unsigned char, unsigned char, unsigned char, unsigned char) ./Core/HardwareSerial.o
HardwareSerial::HardwareSerial(ring_buffer*, unsigned char volatile*, unsigned char volatile*, unsigned char volatile*, unsigned char volatile*, unsigned char volatile*, unsigned char, unsigned char, unsigned char, unsigned char, unsigned char) ./Core/HardwareSerial.o
HardwareSerial::available()                       ./Core/HardwareSerial.o
HardwareSerial::begin(long)                       ./Core/HardwareSerial.o
HardwareSerial::end()                             ./Core/HardwareSerial.o
HardwareSerial::flush()                           ./Core/HardwareSerial.o
HardwareSerial::peek()                            ./Core/HardwareSerial.o
HardwareSerial::read()                            ./Core/HardwareSerial.o
HardwareSerial::write(unsigned char)              ./Core/HardwareSerial.o
Print::print(String const&)                       ./Core/Print.o
Print::print(char const*)                         ./Core/Print.o
Print::print(char, int)                           ./Core/Print.o
Print::print(double, int)                         ./Core/Print.o
Print::print(int, int)                            ./Core/Print.o
Print::print(long, int)                           ./Core/Print.o
Print::print(unsigned char, int)                  ./Core/Print.o
Print::print(unsigned int, int)                   ./Core/Print.o
Print::print(unsigned long, int)                  ./Core/Print.o
Print::printFloat(double, unsigned char)          ./Core/Print.o
Print::printNumber(unsigned long, unsigned char)  ./Core/Print.o
Print::println()                                  ./Core/Print.o
Print::println(String const&)                     ./Core/Print.o
Print::println(char const*)                       ./Core/Print.o
Print::println(char, int)                         ./Core/Print.o
Print::println(double, int)                       ./Core/Print.o
Print::println(int, int)                          ./Core/Print.o
Print::println(long, int)                         ./Core/Print.o
Print::println(unsigned char, int)                ./Core/Print.o
Print::println(unsigned int, int)                 ./Core/Print.o
Print::println(unsigned long, int)                ./Core/Print.o
Print::write(char const*)                         ./Core/Print.o
                                                  ./Core/HardwareSerial.o
Print::write(unsigned char const*, unsigned int)  ./Core/Print.o
                                                  ./Core/HardwareSerial.o
Serial                                            ./Core/HardwareSerial.o
String::String(String const&)                     ./Core/WString.o
String::String(String const&)                     ./Core/WString.o
String::String(char const*)                       ./Core/WString.o
String::String(char const*)                       ./Core/WString.o
String::String(char)                              ./Core/WString.o
String::String(char)                              ./Core/WString.o
String::String(int, int)                          ./Core/WString.o
String::String(int, int)                          ./Core/WString.o
String::String(long, int)                         ./Core/WString.o
String::String(long, int)                         ./Core/WString.o
String::String(unsigned char)                     ./Core/WString.o
String::String(unsigned char)                     ./Core/WString.o
String::String(unsigned int, int)                 ./Core/WString.o
String::String(unsigned int, int)                 ./Core/WString.o
String::String(unsigned long, int)                ./Core/WString.o
String::String(unsigned long, int)                ./Core/WString.o
String::charAt(unsigned int) const                ./Core/WString.o
String::compareTo(String const&) const            ./Core/WString.o
String::concat(String const&)                     ./Core/WString.o
String::endsWith(String const&) const             ./Core/WString.o
String::equals(String const&) const               ./Core/WString.o
String::equalsIgnoreCase(String const&) const     ./Core/WString.o
String::getBuffer(unsigned int)                   ./Core/WString.o
String::getBytes(unsigned char*, unsigned int)    ./Core/WString.o
String::indexOf(String const&) const              ./Core/WString.o
String::indexOf(String const&, unsigned int) const ./Core/WString.o
String::indexOf(char) const                       ./Core/WString.o
String::indexOf(char, unsigned int) const         ./Core/WString.o
String::lastIndexOf(String const&) const          ./Core/WString.o
String::lastIndexOf(String const&, unsigned int) const ./Core/WString.o
String::lastIndexOf(char) const                   ./Core/WString.o
String::lastIndexOf(char, unsigned int) const     ./Core/WString.o
String::operator!=(String const&) const           ./Core/WString.o
String::operator+=(String const&)                 ./Core/WString.o
String::operator<(String const&) const            ./Core/WString.o
String::operator<=(String const&) const           ./Core/WString.o
String::operator=(String const&)                  ./Core/WString.o
String::operator==(String const&) const           ./Core/WString.o
String::operator>(String const&) const            ./Core/WString.o
String::operator>=(String const&) const           ./Core/WString.o
String::operator[](unsigned int)                  ./Core/WString.o
String::operator[](unsigned int) const            ./Core/WString.o
                                                  ./Core/Print.o
String::replace(String const&, String const&)     ./Core/WString.o
String::replace(char, char)                       ./Core/WString.o
String::setCharAt(unsigned int, char)             ./Core/WString.o
String::startsWith(String const&) const           ./Core/WString.o
String::startsWith(String const&, unsigned int) const ./Core/WString.o
String::substring(unsigned int) const             ./Core/WString.o
String::substring(unsigned int, unsigned int) const ./Core/WString.o
String::toCharArray(char*, unsigned int)          ./Core/WString.o
String::toLowerCase() const                       ./Core/WString.o
String::toUpperCase() const                       ./Core/WString.o
String::trim() const                              ./Core/WString.o
String::~String()                                 ./Core/WString.o
__addsf3                                          c:/program files/winavr-20090313/bin/../lib/gcc/avr/4.3.2/avr5\libgcc.a(_addsub_sf.o)
                                                  ./Core/Print.o
__bad_interrupt                                   c:/program files/winavr-20090313/bin/../lib/gcc/avr/4.3.2/../../../../avr/lib/avr5/crtm328p.o
__brkval                                          c:/program files/winavr-20090313/bin/../lib/gcc/avr/4.3.2/../../../../avr/lib/avr5\libc.a(malloc.o)
__bss_end                                         c:/program files/winavr-20090313/bin/../lib/gcc/avr/4.3.2/avr5\libgcc.a(_clear_bss.o)
__bss_start                                       c:/program files/winavr-20090313/bin/../lib/gcc/avr/4.3.2/avr5\libgcc.a(_clear_bss.o)
__clz_tab                                         c:/program files/winavr-20090313/bin/../lib/gcc/avr/4.3.2/avr5\libgcc.a(_clz.o)
                                                  c:/program files/winavr-20090313/bin/../lib/gcc/avr/4.3.2/avr5\libgcc.a(_clzsi2.o)
__clzsi2                                          c:/program files/winavr-20090313/bin/../lib/gcc/avr/4.3.2/avr5\libgcc.a(_clzsi2.o)
                                                  c:/program files/winavr-20090313/bin/../lib/gcc/avr/4.3.2/avr5\libgcc.a(_usi_to_sf.o)
                                                  c:/program files/winavr-20090313/bin/../lib/gcc/avr/4.3.2/avr5\libgcc.a(_si_to_sf.o)
__ctors_end                                       c:/program files/winavr-20090313/bin/../lib/gcc/avr/4.3.2/avr5\libgcc.a(_ctors.o)
__ctors_start                                     c:/program files/winavr-20090313/bin/../lib/gcc/avr/4.3.2/avr5\libgcc.a(_ctors.o)
__ctype_isfalse                                   c:/program files/winavr-20090313/bin/../lib/gcc/avr/4.3.2/../../../../avr/lib/avr5\libc.a(cty_isfalse.o)
                                                  c:/program files/winavr-20090313/bin/../lib/gcc/avr/4.3.2/../../../../avr/lib/avr5\libc.a(isspace.o)
__ctype_istrue                                    c:/program files/winavr-20090313/bin/../lib/gcc/avr/4.3.2/../../../../avr/lib/avr5\libc.a(cty_isfalse.o)
__cxa_pure_virtual                                ./main.o
                                                  ./Core/Print.o
                                                  ./Core/HardwareSerial.o
__data_end                                        c:/program files/winavr-20090313/bin/../lib/gcc/avr/4.3.2/avr5\libgcc.a(_copy_data.o)
__data_load_start                                 c:/program files/winavr-20090313/bin/../lib/gcc/avr/4.3.2/avr5\libgcc.a(_copy_data.o)
__data_start                                      c:/program files/winavr-20090313/bin/../lib/gcc/avr/4.3.2/avr5\libgcc.a(_copy_data.o)
__divmodhi4                                       c:/program files/winavr-20090313/bin/../lib/gcc/avr/4.3.2/avr5\libgcc.a(_divmodhi4.o)
                                                  ./Core/HardwareSerial.o
__divmodsi4                                       c:/program files/winavr-20090313/bin/../lib/gcc/avr/4.3.2/avr5\libgcc.a(_divmodsi4.o)
                                                  c:/program files/winavr-20090313/bin/../lib/gcc/avr/4.3.2/../../../../avr/lib/avr5\libc.a(random.o)
                                                  ./Core/WMath.o
__divsf3                                          c:/program files/winavr-20090313/bin/../lib/gcc/avr/4.3.2/avr5\libgcc.a(_div_sf.o)
                                                  ./Core/Print.o
__do_clear_bss                                    c:/program files/winavr-20090313/bin/../lib/gcc/avr/4.3.2/avr5\libgcc.a(_clear_bss.o)
                                                  c:/program files/winavr-20090313/bin/../lib/gcc/avr/4.3.2/../../../../avr/lib/avr5\libc.a(malloc.o)
                                                  ./Core/wiring.o
                                                  ./Core/WString.o
                                                  ./Core/WInterrupts.o
                                                  ./Core/Tone.o
                                                  ./Core/HardwareSerial.o
__do_copy_data                                    c:/program files/winavr-20090313/bin/../lib/gcc/avr/4.3.2/avr5\libgcc.a(_copy_data.o)
                                                  c:/program files/winavr-20090313/bin/../lib/gcc/avr/4.3.2/../../../../avr/lib/avr5\libc.a(random.o)
                                                  c:/program files/winavr-20090313/bin/../lib/gcc/avr/4.3.2/../../../../avr/lib/avr5\libc.a(malloc.o)
                                                  c:/program files/winavr-20090313/bin/../lib/gcc/avr/4.3.2/avr5\libgcc.a(_clz.o)
                                                  c:/program files/winavr-20090313/bin/../lib/gcc/avr/4.3.2/avr5\libgcc.a(_thenan_sf.o)
                                                  ./Core/wiring_analog.o
                                                  ./Core/WString.o
                                                  ./Core/Tone.o
                                                  ./Core/Print.o
                                                  ./Core/HardwareSerial.o
__do_global_ctors                                 c:/program files/winavr-20090313/bin/../lib/gcc/avr/4.3.2/avr5\libgcc.a(_ctors.o)
                                                  ./Core/HardwareSerial.o
__epilogue_restores__                             c:/program files/winavr-20090313/bin/../lib/gcc/avr/4.3.2/avr5\libgcc.a(_epilogue.o)
                                                  c:/program files/winavr-20090313/bin/../lib/gcc/avr/4.3.2/../../../../avr/lib/avr5\libc.a(random.o)
                                                  c:/program files/winavr-20090313/bin/../lib/gcc/avr/4.3.2/avr5\libgcc.a(_usi_to_sf.o)
                                                  c:/program files/winavr-20090313/bin/../lib/gcc/avr/4.3.2/avr5\libgcc.a(_sf_to_si.o)
                                                  c:/program files/winavr-20090313/bin/../lib/gcc/avr/4.3.2/avr5\libgcc.a(_si_to_sf.o)
                                                  c:/program files/winavr-20090313/bin/../lib/gcc/avr/4.3.2/avr5\libgcc.a(_lt_sf.o)
                                                  c:/program files/winavr-20090313/bin/../lib/gcc/avr/4.3.2/avr5\libgcc.a(_ge_sf.o)
                                                  c:/program files/winavr-20090313/bin/../lib/gcc/avr/4.3.2/avr5\libgcc.a(_div_sf.o)
                                                  c:/program files/winavr-20090313/bin/../lib/gcc/avr/4.3.2/avr5\libgcc.a(_mul_sf.o)
                                                  c:/program files/winavr-20090313/bin/../lib/gcc/avr/4.3.2/avr5\libgcc.a(_addsub_sf.o)
__fixsfsi                                         c:/program files/winavr-20090313/bin/../lib/gcc/avr/4.3.2/avr5\libgcc.a(_sf_to_si.o)
                                                  c:/program files/winavr-20090313/bin/../lib/gcc/avr/4.3.2/avr5\libgcc.a(_fixunssfsi.o)
                                                  ./Core/Print.o
__fixunssfsi                                      c:/program files/winavr-20090313/bin/../lib/gcc/avr/4.3.2/avr5\libgcc.a(_fixunssfsi.o)
                                                  ./Core/Print.o
__floatsisf                                       c:/program files/winavr-20090313/bin/../lib/gcc/avr/4.3.2/avr5\libgcc.a(_si_to_sf.o)
                                                  ./Core/Print.o
__floatunsisf                                     c:/program files/winavr-20090313/bin/../lib/gcc/avr/4.3.2/avr5\libgcc.a(_usi_to_sf.o)
                                                  ./Core/Print.o
__flp                                             c:/program files/winavr-20090313/bin/../lib/gcc/avr/4.3.2/../../../../avr/lib/avr5\libc.a(malloc.o)
__fpcmp_parts_f                                   c:/program files/winavr-20090313/bin/../lib/gcc/avr/4.3.2/avr5\libgcc.a(_fpcmp_parts_sf.o)
                                                  c:/program files/winavr-20090313/bin/../lib/gcc/avr/4.3.2/avr5\libgcc.a(_lt_sf.o)
                                                  c:/program files/winavr-20090313/bin/../lib/gcc/avr/4.3.2/avr5\libgcc.a(_ge_sf.o)
__gesf2                                           c:/program files/winavr-20090313/bin/../lib/gcc/avr/4.3.2/avr5\libgcc.a(_ge_sf.o)
                                                  c:/program files/winavr-20090313/bin/../lib/gcc/avr/4.3.2/avr5\libgcc.a(_fixunssfsi.o)
__heap_end                                        c:/program files/winavr-20090313/bin/../lib/gcc/avr/4.3.2/../../../../avr/lib/avr5/crtm328p.o
                                                  c:/program files/winavr-20090313/bin/../lib/gcc/avr/4.3.2/../../../../avr/lib/avr5\libc.a(malloc.o)
__heap_start                                      c:/program files/winavr-20090313/bin/../lib/gcc/avr/4.3.2/../../../../avr/lib/avr5\libc.a(malloc.o)
__init                                            c:/program files/winavr-20090313/bin/../lib/gcc/avr/4.3.2/../../../../avr/lib/avr5/crtm328p.o
__ltsf2                                           c:/program files/winavr-20090313/bin/../lib/gcc/avr/4.3.2/avr5\libgcc.a(_lt_sf.o)
                                                  ./Core/Print.o
__malloc_heap_end                                 c:/program files/winavr-20090313/bin/../lib/gcc/avr/4.3.2/../../../../avr/lib/avr5\libc.a(malloc.o)
__malloc_heap_start                               c:/program files/winavr-20090313/bin/../lib/gcc/avr/4.3.2/../../../../avr/lib/avr5\libc.a(malloc.o)
__malloc_margin                                   c:/program files/winavr-20090313/bin/../lib/gcc/avr/4.3.2/../../../../avr/lib/avr5\libc.a(malloc.o)
__mulsf3                                          c:/program files/winavr-20090313/bin/../lib/gcc/avr/4.3.2/avr5\libgcc.a(_mul_sf.o)
                                                  ./Core/Print.o
__mulsi3                                          c:/program files/winavr-20090313/bin/../lib/gcc/avr/4.3.2/avr5\libgcc.a(_mulsi3.o)
                                                  c:/program files/winavr-20090313/bin/../lib/gcc/avr/4.3.2/../../../../avr/lib/avr5\libc.a(random.o)
                                                  ./Core/wiring_pulse.o
                                                  ./Core/WMath.o
                                                  ./Core/Tone.o
                                                  ./Core/HardwareSerial.o
__pack_f                                          c:/program files/winavr-20090313/bin/../lib/gcc/avr/4.3.2/avr5\libgcc.a(_pack_sf.o)
                                                  c:/program files/winavr-20090313/bin/../lib/gcc/avr/4.3.2/avr5\libgcc.a(_usi_to_sf.o)
                                                  c:/program files/winavr-20090313/bin/../lib/gcc/avr/4.3.2/avr5\libgcc.a(_si_to_sf.o)
                                                  c:/program files/winavr-20090313/bin/../lib/gcc/avr/4.3.2/avr5\libgcc.a(_div_sf.o)
                                                  c:/program files/winavr-20090313/bin/../lib/gcc/avr/4.3.2/avr5\libgcc.a(_mul_sf.o)
                                                  c:/program files/winavr-20090313/bin/../lib/gcc/avr/4.3.2/avr5\libgcc.a(_addsub_sf.o)
__prologue_saves__                                c:/program files/winavr-20090313/bin/../lib/gcc/avr/4.3.2/avr5\libgcc.a(_prologue.o)
                                                  c:/program files/winavr-20090313/bin/../lib/gcc/avr/4.3.2/../../../../avr/lib/avr5\libc.a(random.o)
                                                  c:/program files/winavr-20090313/bin/../lib/gcc/avr/4.3.2/avr5\libgcc.a(_usi_to_sf.o)
                                                  c:/program files/winavr-20090313/bin/../lib/gcc/avr/4.3.2/avr5\libgcc.a(_sf_to_si.o)
                                                  c:/program files/winavr-20090313/bin/../lib/gcc/avr/4.3.2/avr5\libgcc.a(_si_to_sf.o)
                                                  c:/program files/winavr-20090313/bin/../lib/gcc/avr/4.3.2/avr5\libgcc.a(_lt_sf.o)
                                                  c:/program files/winavr-20090313/bin/../lib/gcc/avr/4.3.2/avr5\libgcc.a(_ge_sf.o)
                                                  c:/program files/winavr-20090313/bin/../lib/gcc/avr/4.3.2/avr5\libgcc.a(_div_sf.o)
                                                  c:/program files/winavr-20090313/bin/../lib/gcc/avr/4.3.2/avr5\libgcc.a(_mul_sf.o)
                                                  c:/program files/winavr-20090313/bin/../lib/gcc/avr/4.3.2/avr5\libgcc.a(_addsub_sf.o)
__stack                                           c:/program files/winavr-20090313/bin/../lib/gcc/avr/4.3.2/../../../../avr/lib/avr5/crtm328p.o
__subsf3                                          c:/program files/winavr-20090313/bin/../lib/gcc/avr/4.3.2/avr5\libgcc.a(_addsub_sf.o)
                                                  c:/program files/winavr-20090313/bin/../lib/gcc/avr/4.3.2/avr5\libgcc.a(_fixunssfsi.o)
                                                  ./Core/Print.o
__tablejump2__                                    c:/program files/winavr-20090313/bin/../lib/gcc/avr/4.3.2/avr5\libgcc.a(_tablejump.o)
__tablejump__                                     c:/program files/winavr-20090313/bin/../lib/gcc/avr/4.3.2/avr5\libgcc.a(_tablejump.o)
                                                  c:/program files/winavr-20090313/bin/../lib/gcc/avr/4.3.2/avr5\libgcc.a(_ctors.o)
__thenan_sf                                       c:/program files/winavr-20090313/bin/../lib/gcc/avr/4.3.2/avr5\libgcc.a(_thenan_sf.o)
                                                  c:/program files/winavr-20090313/bin/../lib/gcc/avr/4.3.2/avr5\libgcc.a(_div_sf.o)
                                                  c:/program files/winavr-20090313/bin/../lib/gcc/avr/4.3.2/avr5\libgcc.a(_mul_sf.o)
                                                  c:/program files/winavr-20090313/bin/../lib/gcc/avr/4.3.2/avr5\libgcc.a(_addsub_sf.o)
__udivmodhi4                                      c:/program files/winavr-20090313/bin/../lib/gcc/avr/4.3.2/avr5\libgcc.a(_udivmodhi4.o)
                                                  c:/program files/winavr-20090313/bin/../lib/gcc/avr/4.3.2/../../../../avr/lib/avr5\libc.a(itoa.o)
                                                  c:/program files/winavr-20090313/bin/../lib/gcc/avr/4.3.2/avr5\libgcc.a(_divmodhi4.o)
__udivmodsi4                                      c:/program files/winavr-20090313/bin/../lib/gcc/avr/4.3.2/avr5\libgcc.a(_udivmodsi4.o)
                                                  c:/program files/winavr-20090313/bin/../lib/gcc/avr/4.3.2/../../../../avr/lib/avr5\libc.a(ultoa.o)
                                                  c:/program files/winavr-20090313/bin/../lib/gcc/avr/4.3.2/../../../../avr/lib/avr5\libc.a(ltoa.o)
                                                  c:/program files/winavr-20090313/bin/../lib/gcc/avr/4.3.2/avr5\libgcc.a(_divmodsi4.o)
                                                  ./Core/Tone.o
                                                  ./Core/Print.o
                                                  ./Core/HardwareSerial.o
__unpack_f                                        c:/program files/winavr-20090313/bin/../lib/gcc/avr/4.3.2/avr5\libgcc.a(_unpack_sf.o)
                                                  c:/program files/winavr-20090313/bin/../lib/gcc/avr/4.3.2/avr5\libgcc.a(_sf_to_si.o)
                                                  c:/program files/winavr-20090313/bin/../lib/gcc/avr/4.3.2/avr5\libgcc.a(_lt_sf.o)
                                                  c:/program files/winavr-20090313/bin/../lib/gcc/avr/4.3.2/avr5\libgcc.a(_ge_sf.o)
                                                  c:/program files/winavr-20090313/bin/../lib/gcc/avr/4.3.2/avr5\libgcc.a(_div_sf.o)
                                                  c:/program files/winavr-20090313/bin/../lib/gcc/avr/4.3.2/avr5\libgcc.a(_mul_sf.o)
                                                  c:/program files/winavr-20090313/bin/../lib/gcc/avr/4.3.2/avr5\libgcc.a(_addsub_sf.o)
__vector_1                                        ./Core/WInterrupts.o
                                                  c:/program files/winavr-20090313/bin/../lib/gcc/avr/4.3.2/../../../../avr/lib/avr5/crtm328p.o
__vector_10                                       c:/program files/winavr-20090313/bin/../lib/gcc/avr/4.3.2/../../../../avr/lib/avr5/crtm328p.o
__vector_11                                       c:/program files/winavr-20090313/bin/../lib/gcc/avr/4.3.2/../../../../avr/lib/avr5/crtm328p.o
__vector_12                                       c:/program files/winavr-20090313/bin/../lib/gcc/avr/4.3.2/../../../../avr/lib/avr5/crtm328p.o
__vector_13                                       c:/program files/winavr-20090313/bin/../lib/gcc/avr/4.3.2/../../../../avr/lib/avr5/crtm328p.o
__vector_14                                       c:/program files/winavr-20090313/bin/../lib/gcc/avr/4.3.2/../../../../avr/lib/avr5/crtm328p.o
__vector_15                                       c:/program files/winavr-20090313/bin/../lib/gcc/avr/4.3.2/../../../../avr/lib/avr5/crtm328p.o
__vector_16                                       ./Core/wiring.o
                                                  c:/program files/winavr-20090313/bin/../lib/gcc/avr/4.3.2/../../../../avr/lib/avr5/crtm328p.o
__vector_17                                       c:/program files/winavr-20090313/bin/../lib/gcc/avr/4.3.2/../../../../avr/lib/avr5/crtm328p.o
__vector_18                                       ./Core/HardwareSerial.o
                                                  c:/program files/winavr-20090313/bin/../lib/gcc/avr/4.3.2/../../../../avr/lib/avr5/crtm328p.o
__vector_19                                       c:/program files/winavr-20090313/bin/../lib/gcc/avr/4.3.2/../../../../avr/lib/avr5/crtm328p.o
__vector_2                                        ./Core/WInterrupts.o
                                                  c:/program files/winavr-20090313/bin/../lib/gcc/avr/4.3.2/../../../../avr/lib/avr5/crtm328p.o
__vector_20                                       c:/program files/winavr-20090313/bin/../lib/gcc/avr/4.3.2/../../../../avr/lib/avr5/crtm328p.o
__vector_21                                       c:/program files/winavr-20090313/bin/../lib/gcc/avr/4.3.2/../../../../avr/lib/avr5/crtm328p.o
__vector_22                                       c:/program files/winavr-20090313/bin/../lib/gcc/avr/4.3.2/../../../../avr/lib/avr5/crtm328p.o
__vector_23                                       c:/program files/winavr-20090313/bin/../lib/gcc/avr/4.3.2/../../../../avr/lib/avr5/crtm328p.o
__vector_24                                       c:/program files/winavr-20090313/bin/../lib/gcc/avr/4.3.2/../../../../avr/lib/avr5/crtm328p.o
__vector_25                                       c:/program files/winavr-20090313/bin/../lib/gcc/avr/4.3.2/../../../../avr/lib/avr5/crtm328p.o
__vector_3                                        c:/program files/winavr-20090313/bin/../lib/gcc/avr/4.3.2/../../../../avr/lib/avr5/crtm328p.o
__vector_4                                        c:/program files/winavr-20090313/bin/../lib/gcc/avr/4.3.2/../../../../avr/lib/avr5/crtm328p.o
__vector_5                                        c:/program files/winavr-20090313/bin/../lib/gcc/avr/4.3.2/../../../../avr/lib/avr5/crtm328p.o
__vector_6                                        c:/program files/winavr-20090313/bin/../lib/gcc/avr/4.3.2/../../../../avr/lib/avr5/crtm328p.o
__vector_7                                        ./Core/Tone.o
                                                  c:/program files/winavr-20090313/bin/../lib/gcc/avr/4.3.2/../../../../avr/lib/avr5/crtm328p.o
__vector_8                                        c:/program files/winavr-20090313/bin/../lib/gcc/avr/4.3.2/../../../../avr/lib/avr5/crtm328p.o
__vector_9                                        c:/program files/winavr-20090313/bin/../lib/gcc/avr/4.3.2/../../../../avr/lib/avr5/crtm328p.o
__vector_default                                  c:/program files/winavr-20090313/bin/../lib/gcc/avr/4.3.2/../../../../avr/lib/avr5/crtm328p.o
__vectors                                         c:/program files/winavr-20090313/bin/../lib/gcc/avr/4.3.2/../../../../avr/lib/avr5/crtm328p.o
_div                                              c:/program files/winavr-20090313/bin/../lib/gcc/avr/4.3.2/avr5\libgcc.a(_divmodhi4.o)
_exit                                             c:/program files/winavr-20090313/bin/../lib/gcc/avr/4.3.2/avr5\libgcc.a(_exit.o)
analogRead                                        ./Core/wiring_analog.o
analogReference                                   ./Core/wiring_analog.o
analogWrite                                       ./Core/wiring_analog.o
analog_reference                                  ./Core/wiring_analog.o
attachInterrupt                                   ./Core/WInterrupts.o
delay                                             ./Core/wiring.o
                                                  ./main.o
delayMicroseconds                                 ./Core/wiring.o
detachInterrupt                                   ./Core/WInterrupts.o
digitalRead                                       ./Core/wiring_digital.o
                                                  ./Core/wiring_shift.o
digitalWrite                                      ./Core/wiring_digital.o
                                                  ./Core/wiring_shift.o
                                                  ./Core/wiring_analog.o
                                                  ./Core/Tone.o
                                                  ./main.o
digital_pin_to_bit_mask_PGM                       ./Core/pins_arduino.o
                                                  ./Core/wiring_pulse.o
                                                  ./Core/wiring_digital.o
                                                  ./Core/Tone.o
digital_pin_to_port_PGM                           ./Core/pins_arduino.o
                                                  ./Core/wiring_pulse.o
                                                  ./Core/wiring_digital.o
                                                  ./Core/Tone.o
digital_pin_to_timer_PGM                          ./Core/pins_arduino.o
                                                  ./Core/wiring_digital.o
                                                  ./Core/wiring_analog.o
disableTimer(unsigned char)                       ./Core/Tone.o
exit                                              c:/program files/winavr-20090313/bin/../lib/gcc/avr/4.3.2/avr5\libgcc.a(_exit.o)
                                                  c:/program files/winavr-20090313/bin/../lib/gcc/avr/4.3.2/../../../../avr/lib/avr5/crtm328p.o
free                                              c:/program files/winavr-20090313/bin/../lib/gcc/avr/4.3.2/../../../../avr/lib/avr5\libc.a(malloc.o)
                                                  ./Core/WString.o
init                                              ./Core/wiring.o
                                                  ./main.o
isspace                                           c:/program files/winavr-20090313/bin/../lib/gcc/avr/4.3.2/../../../../avr/lib/avr5\libc.a(isspace.o)
                                                  ./Core/WString.o
itoa                                              c:/program files/winavr-20090313/bin/../lib/gcc/avr/4.3.2/../../../../avr/lib/avr5\libc.a(itoa.o)
                                                  ./Core/WString.o
ltoa                                              c:/program files/winavr-20090313/bin/../lib/gcc/avr/4.3.2/../../../../avr/lib/avr5\libc.a(ltoa.o)
                                                  ./Core/WString.o
main                                              ./main.o
                                                  c:/program files/winavr-20090313/bin/../lib/gcc/avr/4.3.2/../../../../avr/lib/avr5/crtm328p.o
makeWord(unsigned char, unsigned char)            ./Core/WMath.o
makeWord(unsigned int)                            ./Core/WMath.o
malloc                                            c:/program files/winavr-20090313/bin/../lib/gcc/avr/4.3.2/../../../../avr/lib/avr5\libc.a(malloc.o)
                                                  ./Core/WString.o
map(long, long, long, long, long)                 ./Core/WMath.o
micros                                            ./Core/wiring.o
millis                                            ./Core/wiring.o
noTone(unsigned char)                             ./Core/Tone.o
pinMode                                           ./Core/wiring_digital.o
                                                  ./Core/wiring_analog.o
                                                  ./Core/Tone.o
                                                  ./main.o
port_to_input_PGM                                 ./Core/pins_arduino.o
                                                  ./Core/wiring_pulse.o
                                                  ./Core/wiring_digital.o
port_to_mode_PGM                                  ./Core/pins_arduino.o
                                                  ./Core/wiring_digital.o
port_to_output_PGM                                ./Core/pins_arduino.o
                                                  ./Core/wiring_digital.o
                                                  ./Core/Tone.o
pulseIn                                           ./Core/wiring_pulse.o
random                                            c:/program files/winavr-20090313/bin/../lib/gcc/avr/4.3.2/../../../../avr/lib/avr5\libc.a(random.o)
                                                  ./Core/WMath.o
random(long)                                      ./Core/WMath.o
random(long, long)                                ./Core/WMath.o
randomSeed(unsigned int)                          ./Core/WMath.o
random_r                                          c:/program files/winavr-20090313/bin/../lib/gcc/avr/4.3.2/../../../../avr/lib/avr5\libc.a(random.o)
rx_buffer                                         ./Core/HardwareSerial.o
shiftIn                                           ./Core/wiring_shift.o
shiftOut                                          ./Core/wiring_shift.o
srandom                                           c:/program files/winavr-20090313/bin/../lib/gcc/avr/4.3.2/../../../../avr/lib/avr5\libc.a(random.o)
                                                  ./Core/WMath.o
strcat                                            c:/program files/winavr-20090313/bin/../lib/gcc/avr/4.3.2/../../../../avr/lib/avr5\libc.a(strcat.o)
                                                  ./Core/WString.o
strchr                                            c:/program files/winavr-20090313/bin/../lib/gcc/avr/4.3.2/../../../../avr/lib/avr5\libc.a(strchr.o)
                                                  ./Core/WString.o
strcmp                                            c:/program files/winavr-20090313/bin/../lib/gcc/avr/4.3.2/../../../../avr/lib/avr5\libc.a(strcmp.o)
                                                  ./Core/WString.o
strcpy                                            c:/program files/winavr-20090313/bin/../lib/gcc/avr/4.3.2/../../../../avr/lib/avr5\libc.a(strcpy.o)
                                                  ./Core/WString.o
strncmp                                           c:/program files/winavr-20090313/bin/../lib/gcc/avr/4.3.2/../../../../avr/lib/avr5\libc.a(strncmp.o)
                                                  ./Core/WString.o
strncpy                                           c:/program files/winavr-20090313/bin/../lib/gcc/avr/4.3.2/../../../../avr/lib/avr5\libc.a(strncpy.o)
                                                  ./Core/WString.o
strrchr                                           c:/program files/winavr-20090313/bin/../lib/gcc/avr/4.3.2/../../../../avr/lib/avr5\libc.a(strrchr.o)
                                                  ./Core/WString.o
strrev                                            c:/program files/winavr-20090313/bin/../lib/gcc/avr/4.3.2/../../../../avr/lib/avr5\libc.a(strrev.o)
                                                  c:/program files/winavr-20090313/bin/../lib/gcc/avr/4.3.2/../../../../avr/lib/avr5\libc.a(ultoa.o)
                                                  c:/program files/winavr-20090313/bin/../lib/gcc/avr/4.3.2/../../../../avr/lib/avr5\libc.a(ltoa.o)
                                                  c:/program files/winavr-20090313/bin/../lib/gcc/avr/4.3.2/../../../../avr/lib/avr5\libc.a(itoa.o)
strstr                                            c:/program files/winavr-20090313/bin/../lib/gcc/avr/4.3.2/../../../../avr/lib/avr5\libc.a(strstr.o)
                                                  ./Core/WString.o
timer0_millis                                     ./Core/wiring.o
timer0_overflow_count                             ./Core/wiring.o
timer0_pin_mask                                   ./Core/Tone.o
timer0_pin_port                                   ./Core/Tone.o
timer0_toggle_count                               ./Core/Tone.o
timer1_pin_mask                                   ./Core/Tone.o
timer1_pin_port                                   ./Core/Tone.o
timer1_toggle_count                               ./Core/Tone.o
timer2_pin_mask                                   ./Core/Tone.o
timer2_pin_port                                   ./Core/Tone.o
timer2_toggle_count                               ./Core/Tone.o
tolower                                           c:/program files/winavr-20090313/bin/../lib/gcc/avr/4.3.2/../../../../avr/lib/avr5\libc.a(tolower.o)
                                                  ./Core/WString.o
tone(unsigned char, unsigned int, unsigned long)  ./Core/Tone.o
toupper                                           c:/program files/winavr-20090313/bin/../lib/gcc/avr/4.3.2/../../../../avr/lib/avr5\libc.a(toupper.o)
                                                  ./Core/WString.o
ultoa                                             c:/program files/winavr-20090313/bin/../lib/gcc/avr/4.3.2/../../../../avr/lib/avr5\libc.a(ultoa.o)
                                                  ./Core/WString.o
vtable for HardwareSerial                         ./Core/HardwareSerial.o
vtable for Print                                  ./Core/Print.o
vtable for Stream                                 ./Core/HardwareSerial.o
