Archive member included because of file (symbol)

c:/program files/winavr-20090313/bin/../lib/gcc/avr/4.3.2/avr5\libgcc.a(_mulsi3.o)
                              ./include/HardwareSerial.o (__mulsi3)
c:/program files/winavr-20090313/bin/../lib/gcc/avr/4.3.2/avr5\libgcc.a(_divmodhi4.o)
                              ./include/HardwareSerial.o (__divmodhi4)
c:/program files/winavr-20090313/bin/../lib/gcc/avr/4.3.2/avr5\libgcc.a(_udivmodsi4.o)
                              ./include/HardwareSerial.o (__udivmodsi4)
c:/program files/winavr-20090313/bin/../lib/gcc/avr/4.3.2/avr5\libgcc.a(_divmodsi4.o)
                              ./include/WMath.o (__divmodsi4)
c:/program files/winavr-20090313/bin/../lib/gcc/avr/4.3.2/avr5\libgcc.a(_exit.o)
                              c:/program files/winavr-20090313/bin/../lib/gcc/avr/4.3.2/../../../../avr/lib/avr5/crtm328p.o (exit)
c:/program files/winavr-20090313/bin/../lib/gcc/avr/4.3.2/avr5\libgcc.a(_copy_data.o)
                              ./include/HardwareSerial.o (__do_copy_data)
c:/program files/winavr-20090313/bin/../lib/gcc/avr/4.3.2/avr5\libgcc.a(_clear_bss.o)
                              ./include/HardwareSerial.o (__do_clear_bss)
c:/program files/winavr-20090313/bin/../lib/gcc/avr/4.3.2/avr5\libgcc.a(_ctors.o)
                              ./include/HardwareSerial.o (__do_global_ctors)
c:/program files/winavr-20090313/bin/../lib/gcc/avr/4.3.2/avr5\libgcc.a(_fixunssfsi.o)
                              ./include/Print.o (__fixunssfsi)
c:/program files/winavr-20090313/bin/../lib/gcc/avr/4.3.2/avr5\libgcc.a(_addsub_sf.o)
                              ./include/Print.o (__subsf3)
c:/program files/winavr-20090313/bin/../lib/gcc/avr/4.3.2/avr5\libgcc.a(_mul_sf.o)
                              ./include/Print.o (__mulsf3)
c:/program files/winavr-20090313/bin/../lib/gcc/avr/4.3.2/avr5\libgcc.a(_div_sf.o)
                              ./include/Print.o (__divsf3)
c:/program files/winavr-20090313/bin/../lib/gcc/avr/4.3.2/avr5\libgcc.a(_ge_sf.o)
                              c:/program files/winavr-20090313/bin/../lib/gcc/avr/4.3.2/avr5\libgcc.a(_fixunssfsi.o) (__gesf2)
c:/program files/winavr-20090313/bin/../lib/gcc/avr/4.3.2/avr5\libgcc.a(_lt_sf.o)
                              ./include/Print.o (__ltsf2)
c:/program files/winavr-20090313/bin/../lib/gcc/avr/4.3.2/avr5\libgcc.a(_si_to_sf.o)
                              ./include/Print.o (__floatsisf)
c:/program files/winavr-20090313/bin/../lib/gcc/avr/4.3.2/avr5\libgcc.a(_sf_to_si.o)
                              ./include/Print.o (__fixsfsi)
c:/program files/winavr-20090313/bin/../lib/gcc/avr/4.3.2/avr5\libgcc.a(_thenan_sf.o)
                              c:/program files/winavr-20090313/bin/../lib/gcc/avr/4.3.2/avr5\libgcc.a(_addsub_sf.o) (__thenan_sf)
c:/program files/winavr-20090313/bin/../lib/gcc/avr/4.3.2/avr5\libgcc.a(_usi_to_sf.o)
                              ./include/Print.o (__floatunsisf)
c:/program files/winavr-20090313/bin/../lib/gcc/avr/4.3.2/avr5\libgcc.a(_udivmodhi4.o)
                              c:/program files/winavr-20090313/bin/../lib/gcc/avr/4.3.2/avr5\libgcc.a(_divmodhi4.o) (__udivmodhi4)
c:/program files/winavr-20090313/bin/../lib/gcc/avr/4.3.2/avr5\libgcc.a(_prologue.o)
                              c:/program files/winavr-20090313/bin/../lib/gcc/avr/4.3.2/avr5\libgcc.a(_addsub_sf.o) (__prologue_saves__)
c:/program files/winavr-20090313/bin/../lib/gcc/avr/4.3.2/avr5\libgcc.a(_epilogue.o)
                              c:/program files/winavr-20090313/bin/../lib/gcc/avr/4.3.2/avr5\libgcc.a(_addsub_sf.o) (__epilogue_restores__)
c:/program files/winavr-20090313/bin/../lib/gcc/avr/4.3.2/avr5\libgcc.a(_tablejump.o)
                              c:/program files/winavr-20090313/bin/../lib/gcc/avr/4.3.2/avr5\libgcc.a(_ctors.o) (__tablejump__)
c:/program files/winavr-20090313/bin/../lib/gcc/avr/4.3.2/avr5\libgcc.a(_clzsi2.o)
                              c:/program files/winavr-20090313/bin/../lib/gcc/avr/4.3.2/avr5\libgcc.a(_si_to_sf.o) (__clzsi2)
c:/program files/winavr-20090313/bin/../lib/gcc/avr/4.3.2/avr5\libgcc.a(_pack_sf.o)
                              c:/program files/winavr-20090313/bin/../lib/gcc/avr/4.3.2/avr5\libgcc.a(_addsub_sf.o) (__pack_f)
c:/program files/winavr-20090313/bin/../lib/gcc/avr/4.3.2/avr5\libgcc.a(_unpack_sf.o)
                              c:/program files/winavr-20090313/bin/../lib/gcc/avr/4.3.2/avr5\libgcc.a(_addsub_sf.o) (__unpack_f)
c:/program files/winavr-20090313/bin/../lib/gcc/avr/4.3.2/avr5\libgcc.a(_fpcmp_parts_sf.o)
                              c:/program files/winavr-20090313/bin/../lib/gcc/avr/4.3.2/avr5\libgcc.a(_ge_sf.o) (__fpcmp_parts_f)
c:/program files/winavr-20090313/bin/../lib/gcc/avr/4.3.2/avr5\libgcc.a(_clz.o)
                              c:/program files/winavr-20090313/bin/../lib/gcc/avr/4.3.2/avr5\libgcc.a(_clzsi2.o) (__clz_tab)
c:/program files/winavr-20090313/bin/../lib/gcc/avr/4.3.2/../../../../avr/lib/avr5\libc.a(malloc.o)
                              ./include/WString.o (malloc)
c:/program files/winavr-20090313/bin/../lib/gcc/avr/4.3.2/../../../../avr/lib/avr5\libc.a(random.o)
                              ./include/WMath.o (random)
c:/program files/winavr-20090313/bin/../lib/gcc/avr/4.3.2/../../../../avr/lib/avr5\libc.a(isspace.o)
                              ./include/WString.o (isspace)
c:/program files/winavr-20090313/bin/../lib/gcc/avr/4.3.2/../../../../avr/lib/avr5\libc.a(tolower.o)
                              ./include/WString.o (tolower)
c:/program files/winavr-20090313/bin/../lib/gcc/avr/4.3.2/../../../../avr/lib/avr5\libc.a(toupper.o)
                              ./include/WString.o (toupper)
c:/program files/winavr-20090313/bin/../lib/gcc/avr/4.3.2/../../../../avr/lib/avr5\libc.a(strcat.o)
                              ./include/WString.o (strcat)
c:/program files/winavr-20090313/bin/../lib/gcc/avr/4.3.2/../../../../avr/lib/avr5\libc.a(strchr.o)
                              ./include/WString.o (strchr)
c:/program files/winavr-20090313/bin/../lib/gcc/avr/4.3.2/../../../../avr/lib/avr5\libc.a(strcmp.o)
                              ./include/WString.o (strcmp)
c:/program files/winavr-20090313/bin/../lib/gcc/avr/4.3.2/../../../../avr/lib/avr5\libc.a(strcpy.o)
                              ./include/WString.o (strcpy)
c:/program files/winavr-20090313/bin/../lib/gcc/avr/4.3.2/../../../../avr/lib/avr5\libc.a(strncmp.o)
                              ./include/WString.o (strncmp)
c:/program files/winavr-20090313/bin/../lib/gcc/avr/4.3.2/../../../../avr/lib/avr5\libc.a(strncpy.o)
                              ./include/WString.o (strncpy)
c:/program files/winavr-20090313/bin/../lib/gcc/avr/4.3.2/../../../../avr/lib/avr5\libc.a(strrchr.o)
                              ./include/WString.o (strrchr)
c:/program files/winavr-20090313/bin/../lib/gcc/avr/4.3.2/../../../../avr/lib/avr5\libc.a(strstr.o)
                              ./include/WString.o (strstr)
c:/program files/winavr-20090313/bin/../lib/gcc/avr/4.3.2/../../../../avr/lib/avr5\libc.a(itoa.o)
                              ./include/WString.o (itoa)
c:/program files/winavr-20090313/bin/../lib/gcc/avr/4.3.2/../../../../avr/lib/avr5\libc.a(ltoa.o)
                              ./include/WString.o (ltoa)
c:/program files/winavr-20090313/bin/../lib/gcc/avr/4.3.2/../../../../avr/lib/avr5\libc.a(ultoa.o)
                              ./include/WString.o (ultoa)
c:/program files/winavr-20090313/bin/../lib/gcc/avr/4.3.2/../../../../avr/lib/avr5\libc.a(cty_isfalse.o)
                              c:/program files/winavr-20090313/bin/../lib/gcc/avr/4.3.2/../../../../avr/lib/avr5\libc.a(isspace.o) (__ctype_isfalse)
c:/program files/winavr-20090313/bin/../lib/gcc/avr/4.3.2/../../../../avr/lib/avr5\libc.a(strrev.o)
                              c:/program files/winavr-20090313/bin/../lib/gcc/avr/4.3.2/../../../../avr/lib/avr5\libc.a(itoa.o) (strrev)

Allocating common symbols
Common symbol       size              file

__brkval            0x2               c:/program files/winavr-20090313/bin/../lib/gcc/avr/4.3.2/../../../../avr/lib/avr5\libc.a(malloc.o)
__flp               0x2               c:/program files/winavr-20090313/bin/../lib/gcc/avr/4.3.2/../../../../avr/lib/avr5\libc.a(malloc.o)

Memory Configuration

Name             Origin             Length             Attributes
text             0x00000000         0x00020000         xr
data             0x00800060         0x0000ffa0         rw !x
eeprom           0x00810000         0x00010000         rw !x
fuse             0x00820000         0x00000400         rw !x
lock             0x00830000         0x00000400         rw !x
signature        0x00840000         0x00000400         rw !x
*default*        0x00000000         0xffffffff

Linker script and memory map

Address of section .data set to 0x800100
LOAD c:/program files/winavr-20090313/bin/../lib/gcc/avr/4.3.2/../../../../avr/lib/avr5/crtm328p.o
LOAD ./main.o
LOAD ./include/HardwareSerial.o
LOAD ./include/Print.o
LOAD ./include/Tone.o
LOAD ./include/WInterrupts.o
LOAD ./include/WMath.o
LOAD ./include/WString.o
LOAD ./include/pins_arduino.o
LOAD ./include/wiring.o
LOAD ./include/wiring_analog.o
LOAD ./include/wiring_digital.o
LOAD ./include/wiring_pulse.o
LOAD ./include/wiring_shift.o
LOAD H:\seng466\Uno_controlwifi\lib\libUnoCore.a
LOAD c:/program files/winavr-20090313/bin/../lib/gcc/avr/4.3.2/avr5\libgcc.a
LOAD c:/program files/winavr-20090313/bin/../lib/gcc/avr/4.3.2/../../../../avr/lib/avr5\libm.a
LOAD c:/program files/winavr-20090313/bin/../lib/gcc/avr/4.3.2/avr5\libgcc.a
LOAD c:/program files/winavr-20090313/bin/../lib/gcc/avr/4.3.2/../../../../avr/lib/avr5\libc.a
LOAD c:/program files/winavr-20090313/bin/../lib/gcc/avr/4.3.2/avr5\libgcc.a

.hash
 *(.hash)

.dynsym
 *(.dynsym)

.dynstr
 *(.dynstr)

.gnu.version
 *(.gnu.version)

.gnu.version_d
 *(.gnu.version_d)

.gnu.version_r
 *(.gnu.version_r)

.rel.init
 *(.rel.init)

.rela.init
 *(.rela.init)

.rel.text
 *(.rel.text)
 *(.rel.text.*)
 *(.rel.gnu.linkonce.t*)

.rela.text
 *(.rela.text)
 *(.rela.text.*)
 *(.rela.gnu.linkonce.t*)

.rel.fini
 *(.rel.fini)

.rela.fini
 *(.rela.fini)

.rel.rodata
 *(.rel.rodata)
 *(.rel.rodata.*)
 *(.rel.gnu.linkonce.r*)

.rela.rodata
 *(.rela.rodata)
 *(.rela.rodata.*)
 *(.rela.gnu.linkonce.r*)

.rel.data
 *(.rel.data)
 *(.rel.data.*)
 *(.rel.gnu.linkonce.d*)

.rela.data
 *(.rela.data)
 *(.rela.data.*)
 *(.rela.gnu.linkonce.d*)

.rel.ctors
 *(.rel.ctors)

.rela.ctors
 *(.rela.ctors)

.rel.dtors
 *(.rel.dtors)

.rela.dtors
 *(.rela.dtors)

.rel.got
 *(.rel.got)

.rela.got
 *(.rela.got)

.rel.bss
 *(.rel.bss)

.rela.bss
 *(.rela.bss)

.rel.plt
 *(.rel.plt)

.rela.plt
 *(.rela.plt)

.text           0x00000000     0x3eb4
 *(.vectors)
 .vectors       0x00000000       0x68 c:/program files/winavr-20090313/bin/../lib/gcc/avr/4.3.2/../../../../avr/lib/avr5/crtm328p.o
                0x00000000                __vectors
                0x00000000                __vector_default
 *(.vectors)
 *(.progmem.gcc*)
 *(.progmem*)
 .progmem.data  0x00000068        0x1 ./include/Tone.o
 .progmem.data  0x00000069       0x5a ./include/pins_arduino.o
                0x00000069                port_to_mode_PGM
                0x00000087                digital_pin_to_port_PGM
                0x0000009b                digital_pin_to_bit_mask_PGM
                0x00000073                port_to_output_PGM
                0x0000007d                port_to_input_PGM
                0x000000af                digital_pin_to_timer_PGM
                0x000000c4                . = ALIGN (0x2)
 *fill*         0x000000c3        0x1 00
                0x000000c4                __trampolines_start = .
 *(.trampolines)
 .trampolines   0x000000c4        0x0 linker stubs
 *(.trampolines*)
                0x000000c4                __trampolines_end = .
 *(.jumptables)
 *(.jumptables*)
 *(.lowtext)
 *(.lowtext*)
                0x000000c4                __ctors_start = .
 *(.ctors)
 .ctors         0x000000c4        0x2 ./include/HardwareSerial.o
                0x000000c6                __ctors_end = .
                0x000000c6                __dtors_start = .
 *(.dtors)
                0x000000c6                __dtors_end = .
 SORT(*)(.ctors)
 SORT(*)(.dtors)
 *(.init0)
 .init0         0x000000c6        0x0 c:/program files/winavr-20090313/bin/../lib/gcc/avr/4.3.2/../../../../avr/lib/avr5/crtm328p.o
                0x000000c6                __init
 *(.init0)
 *(.init1)
 *(.init1)
 *(.init2)
 .init2         0x000000c6        0xc c:/program files/winavr-20090313/bin/../lib/gcc/avr/4.3.2/../../../../avr/lib/avr5/crtm328p.o
 *(.init2)
 *(.init3)
 *(.init3)
 *(.init4)
 .init4         0x000000d2       0x16 c:/program files/winavr-20090313/bin/../lib/gcc/avr/4.3.2/avr5\libgcc.a(_copy_data.o)
                0x000000d2                __do_copy_data
 .init4         0x000000e8       0x10 c:/program files/winavr-20090313/bin/../lib/gcc/avr/4.3.2/avr5\libgcc.a(_clear_bss.o)
                0x000000e8                __do_clear_bss
 *(.init4)
 *(.init5)
 *(.init5)
 *(.init6)
 .init6         0x000000f8       0x16 c:/program files/winavr-20090313/bin/../lib/gcc/avr/4.3.2/avr5\libgcc.a(_ctors.o)
                0x000000f8                __do_global_ctors
 *(.init6)
 *(.init7)
 *(.init7)
 *(.init8)
 *(.init8)
 *(.init9)
 .init9         0x0000010e        0x8 c:/program files/winavr-20090313/bin/../lib/gcc/avr/4.3.2/../../../../avr/lib/avr5/crtm328p.o
 *(.init9)
 *(.text)
 .text          0x00000116        0x4 c:/program files/winavr-20090313/bin/../lib/gcc/avr/4.3.2/../../../../avr/lib/avr5/crtm328p.o
                0x00000116                __vector_22
                0x00000116                __vector_24
                0x00000116                __vector_12
                0x00000116                __bad_interrupt
                0x00000116                __vector_6
                0x00000116                __vector_3
                0x00000116                __vector_23
                0x00000116                __vector_25
                0x00000116                __vector_11
                0x00000116                __vector_13
                0x00000116                __vector_17
                0x00000116                __vector_19
                0x00000116                __vector_5
                0x00000116                __vector_4
                0x00000116                __vector_9
                0x00000116                __vector_21
                0x00000116                __vector_15
                0x00000116                __vector_8
                0x00000116                __vector_14
                0x00000116                __vector_10
                0x00000116                __vector_20
 .text          0x0000011a       0x3c ./main.o
                0x0000011a                __cxa_pure_virtual
                0x0000011e                main
 .text          0x00000156      0x4ce ./include/HardwareSerial.o
                0x000004ee                HardwareSerial::peek()
                0x000004c6                HardwareSerial::available()
                0x0000058a                HardwareSerial::write(unsigned char)
                0x00000290                HardwareSerial::begin(long)
                0x00000572                HardwareSerial::flush()
                0x00000472                HardwareSerial::end()
                0x00000230                HardwareSerial::HardwareSerial(ring_buffer*, unsigned char volatile*, unsigned char volatile*, unsigned char volatile*, unsigned char volatile*, unsigned char volatile*, unsigned char, unsigned char, unsigned char, unsigned char, unsigned char)
                0x000001d0                HardwareSerial::HardwareSerial(ring_buffer*, unsigned char volatile*, unsigned char volatile*, unsigned char volatile*, unsigned char volatile*, unsigned char volatile*, unsigned char, unsigned char, unsigned char, unsigned char, unsigned char)
                0x00000522                HardwareSerial::read()
                0x00000156                __vector_18
 .text          0x00000624      0x5a6 ./include/Print.o
                0x00000a00                Print::println(String const&)
                0x00000984                Print::println(unsigned int, int)
                0x00000940                Print::println()
                0x00000a2c                Print::println(int, int)
                0x000006f6                Print::printNumber(unsigned long, unsigned char)
                0x00000654                Print::write(unsigned char const*, unsigned int)
                0x00000bae                Print::print(double, int)
                0x0000091c                Print::print(char, int)
                0x00000624                Print::write(char const*)
                0x00000a96                Print::printFloat(double, unsigned char)
                0x000008f6                Print::print(int, int)
                0x00000866                Print::print(unsigned char, int)
                0x000009ea                Print::println(char const*)
                0x000009b6                Print::println(unsigned char, int)
                0x00000a62                Print::println(char, int)
                0x00000844                Print::print(unsigned int, int)
                0x00000692                Print::print(char const*)
                0x00000826                Print::print(unsigned long, int)
                0x00000a16                Print::println(long, int)
                0x00000bb4                Print::println(double, int)
                0x0000088a                Print::print(long, int)
                0x0000096e                Print::println(unsigned long, int)
                0x000006a2                Print::print(String const&)
 .text          0x00000bca      0x564 ./include/Tone.o
                0x00000cd6                noTone(unsigned char)
                0x00000d04                tone(unsigned char, unsigned int, unsigned long)
                0x00000bca                disableTimer(unsigned char)
                0x00000c0c                __vector_7
 .text          0x0000112e      0x120 ./include/WInterrupts.o
                0x0000119a                __vector_1
                0x0000112e                attachInterrupt
                0x00001174                detachInterrupt
                0x000011f4                __vector_2
 .text          0x0000124e      0x132 ./include/WMath.o
                0x000012e2                makeWord(unsigned char, unsigned char)
                0x00001334                random(long, long)
                0x00001370                randomSeed(unsigned int)
                0x0000124e                map(long, long, long, long, long)
                0x000012e0                makeWord(unsigned int)
                0x000012f0                random(long)
 .text          0x00001380     0x100a ./include/WString.o
                0x00001390                String::setCharAt(unsigned int, char)
                0x00001792                String::operator+=(String const&)
                0x00001eb0                String::lastIndexOf(String const&) const
                0x00001494                String::startsWith(String const&, unsigned int) const
                0x00001664                String::operator>=(String const&) const
                0x00001dce                String::substring(unsigned int) const
                0x000019a0                String::String(unsigned long, int)
                0x00001d60                String::substring(unsigned int, unsigned int) const
                0x000013ec                String::toCharArray(char*, unsigned int)
                0x000013b2                String::operator[](unsigned int)
                0x00001c56                String::toLowerCase() const
                0x00001934                String::String(String const&)
                0x00001570                String::indexOf(String const&, unsigned int) const
                0x000013dc                String::operator[](unsigned int) const
                0x00001be4                String::toUpperCase() const
                0x00001900                String::String(char)
                0x000016f4                String::operator!=(String const&) const
                0x000017fe                String::concat(String const&)
                0x00001380                String::charAt(unsigned int) const
                0x000014d0                String::startsWith(String const&) const
                0x00001724                String::operator==(String const&) const
                0x000020d8                String::replace(char, char)
                0x00001474                String::~String()
                0x0000196a                String::String(String const&)
                0x000015ee                String::indexOf(char) const
                0x00001804                String::operator=(String const&)
                0x000021a6                String::String(long, int)
                0x00001b18                String::String(unsigned int, int)
                0x00001864                String::String(unsigned char)
                0x0000176a                String::getBuffer(unsigned int)
                0x0000162a                String::endsWith(String const&) const
                0x00001ecc                String::trim() const
                0x0000229a                String::String(int, int)
                0x00001de6                String::lastIndexOf(String const&, unsigned int) const
                0x00001b94                String::String(char const*)
                0x00001758                String::compareTo(String const&) const
                0x000014f6                String::lastIndexOf(char, unsigned int) const
                0x000015ac                String::indexOf(String const&) const
                0x000015f8                String::equals(String const&) const
                0x000016d0                String::operator<(String const&) const
                0x0000168c                String::operator<=(String const&) const
                0x00001898                String::String(unsigned char)
                0x00002156                String::String(char const*)
                0x00001a9c                String::String(unsigned int, int)
                0x00002312                String::String(int, int)
                0x00001cc8                String::equalsIgnoreCase(String const&) const
                0x00001560                String::lastIndexOf(char) const
                0x00002220                String::String(long, int)
                0x00001a1e                String::String(unsigned long, int)
                0x000018cc                String::String(char)
                0x000015b6                String::indexOf(char, unsigned int) const
                0x00001430                String::getBytes(unsigned char*, unsigned int)
                0x00001fa2                String::replace(String const&, String const&)
                0x000016ae                String::operator>(String const&) const
 .text          0x0000238a        0x0 ./include/pins_arduino.o
 .text          0x0000238a      0x234 ./include/wiring.o
                0x00002548                init
                0x00002436                micros
                0x00002482                delay
                0x0000238a                __vector_16
                0x0000241a                millis
                0x00002534                delayMicroseconds
 .text          0x000025be       0xfc ./include/wiring_analog.o
                0x00002608                analogWrite
                0x000025be                analogReference
                0x000025c4                analogRead
 .text          0x000026ba      0x192 ./include/wiring_digital.o
                0x000027ae                digitalRead
                0x00002706                digitalWrite
                0x000026ba                pinMode
 .text          0x0000284c      0x102 ./include/wiring_pulse.o
                0x0000284c                pulseIn
 .text          0x0000294e      0x104 ./include/wiring_shift.o
                0x000029d2                shiftIn
                0x0000294e                shiftOut
 .text          0x00002a52        0x0 c:/program files/winavr-20090313/bin/../lib/gcc/avr/4.3.2/avr5\libgcc.a(_mulsi3.o)
 .text          0x00002a52        0x0 c:/program files/winavr-20090313/bin/../lib/gcc/avr/4.3.2/avr5\libgcc.a(_divmodhi4.o)
 .text          0x00002a52        0x0 c:/program files/winavr-20090313/bin/../lib/gcc/avr/4.3.2/avr5\libgcc.a(_udivmodsi4.o)
 .text          0x00002a52        0x0 c:/program files/winavr-20090313/bin/../lib/gcc/avr/4.3.2/avr5\libgcc.a(_divmodsi4.o)
 .text          0x00002a52        0x0 c:/program files/winavr-20090313/bin/../lib/gcc/avr/4.3.2/avr5\libgcc.a(_exit.o)
 .text          0x00002a52        0x0 c:/program files/winavr-20090313/bin/../lib/gcc/avr/4.3.2/avr5\libgcc.a(_copy_data.o)
 .text          0x00002a52        0x0 c:/program files/winavr-20090313/bin/../lib/gcc/avr/4.3.2/avr5\libgcc.a(_clear_bss.o)
 .text          0x00002a52        0x0 c:/program files/winavr-20090313/bin/../lib/gcc/avr/4.3.2/avr5\libgcc.a(_ctors.o)
 .text          0x00002a52       0x58 c:/program files/winavr-20090313/bin/../lib/gcc/avr/4.3.2/avr5\libgcc.a(_fixunssfsi.o)
                0x00002a52                __fixunssfsi
 .text          0x00002aaa      0x354 c:/program files/winavr-20090313/bin/../lib/gcc/avr/4.3.2/avr5\libgcc.a(_addsub_sf.o)
                0x00002d42                __subsf3
                0x00002da4                __addsf3
 .text          0x00002dfe      0x1f4 c:/program files/winavr-20090313/bin/../lib/gcc/avr/4.3.2/avr5\libgcc.a(_mul_sf.o)
                0x00002dfe                __mulsf3
 .text          0x00002ff2      0x158 c:/program files/winavr-20090313/bin/../lib/gcc/avr/4.3.2/avr5\libgcc.a(_div_sf.o)
                0x00002ff2                __divsf3
 .text          0x0000314a       0x60 c:/program files/winavr-20090313/bin/../lib/gcc/avr/4.3.2/avr5\libgcc.a(_ge_sf.o)
                0x0000314a                __gesf2
 .text          0x000031aa       0x60 c:/program files/winavr-20090313/bin/../lib/gcc/avr/4.3.2/avr5\libgcc.a(_lt_sf.o)
                0x000031aa                __ltsf2
 .text          0x0000320a       0xbc c:/program files/winavr-20090313/bin/../lib/gcc/avr/4.3.2/avr5\libgcc.a(_si_to_sf.o)
                0x0000320a                __floatsisf
 .text          0x000032c6       0xa8 c:/program files/winavr-20090313/bin/../lib/gcc/avr/4.3.2/avr5\libgcc.a(_sf_to_si.o)
                0x000032c6                __fixsfsi
 .text          0x0000336e        0x0 c:/program files/winavr-20090313/bin/../lib/gcc/avr/4.3.2/avr5\libgcc.a(_thenan_sf.o)
 .text          0x0000336e       0xf2 c:/program files/winavr-20090313/bin/../lib/gcc/avr/4.3.2/avr5\libgcc.a(_usi_to_sf.o)
                0x0000336e                __floatunsisf
 .text          0x00003460        0x0 c:/program files/winavr-20090313/bin/../lib/gcc/avr/4.3.2/avr5\libgcc.a(_udivmodhi4.o)
 .text          0x00003460        0x0 c:/program files/winavr-20090313/bin/../lib/gcc/avr/4.3.2/avr5\libgcc.a(_prologue.o)
 .text          0x00003460        0x0 c:/program files/winavr-20090313/bin/../lib/gcc/avr/4.3.2/avr5\libgcc.a(_epilogue.o)
 .text          0x00003460        0x0 c:/program files/winavr-20090313/bin/../lib/gcc/avr/4.3.2/avr5\libgcc.a(_tablejump.o)
 .text          0x00003460       0x9e c:/program files/winavr-20090313/bin/../lib/gcc/avr/4.3.2/avr5\libgcc.a(_clzsi2.o)
                0x00003460                __clzsi2
 .text          0x000034fe      0x1aa c:/program files/winavr-20090313/bin/../lib/gcc/avr/4.3.2/avr5\libgcc.a(_pack_sf.o)
                0x000034fe                __pack_f
 .text          0x000036a8       0xf0 c:/program files/winavr-20090313/bin/../lib/gcc/avr/4.3.2/avr5\libgcc.a(_unpack_sf.o)
                0x000036a8                __unpack_f
 .text          0x00003798       0xb2 c:/program files/winavr-20090313/bin/../lib/gcc/avr/4.3.2/avr5\libgcc.a(_fpcmp_parts_sf.o)
                0x00003798                __fpcmp_parts_f
 .text          0x0000384a        0x0 c:/program files/winavr-20090313/bin/../lib/gcc/avr/4.3.2/avr5\libgcc.a(_clz.o)
 .text          0x0000384a      0x20a c:/program files/winavr-20090313/bin/../lib/gcc/avr/4.3.2/../../../../avr/lib/avr5\libc.a(malloc.o)
                0x0000384a                malloc
                0x000039a4                free
 .text          0x00003a54       0xc2 c:/program files/winavr-20090313/bin/../lib/gcc/avr/4.3.2/../../../../avr/lib/avr5\libc.a(random.o)
                0x00003afa                random
                0x00003af4                random_r
                0x00003b04                srandom
 .text          0x00003b16        0x0 c:/program files/winavr-20090313/bin/../lib/gcc/avr/4.3.2/../../../../avr/lib/avr5\libc.a(isspace.o)
 .text          0x00003b16        0x0 c:/program files/winavr-20090313/bin/../lib/gcc/avr/4.3.2/../../../../avr/lib/avr5\libc.a(tolower.o)
 .text          0x00003b16        0x0 c:/program files/winavr-20090313/bin/../lib/gcc/avr/4.3.2/../../../../avr/lib/avr5\libc.a(toupper.o)
 .text          0x00003b16       0x16 c:/program files/winavr-20090313/bin/../lib/gcc/avr/4.3.2/../../../../avr/lib/avr5\libc.a(strcat.o)
                0x00003b16                strcat
 .text          0x00003b2c       0x16 c:/program files/winavr-20090313/bin/../lib/gcc/avr/4.3.2/../../../../avr/lib/avr5\libc.a(strchr.o)
                0x00003b2c                strchr
 .text          0x00003b42       0x12 c:/program files/winavr-20090313/bin/../lib/gcc/avr/4.3.2/../../../../avr/lib/avr5\libc.a(strcmp.o)
                0x00003b42                strcmp
 .text          0x00003b54        0xe c:/program files/winavr-20090313/bin/../lib/gcc/avr/4.3.2/../../../../avr/lib/avr5\libc.a(strcpy.o)
                0x00003b54                strcpy
 .text          0x00003b62       0x1c c:/program files/winavr-20090313/bin/../lib/gcc/avr/4.3.2/../../../../avr/lib/avr5\libc.a(strncmp.o)
                0x00003b62                strncmp
 .text          0x00003b7e       0x1e c:/program files/winavr-20090313/bin/../lib/gcc/avr/4.3.2/../../../../avr/lib/avr5\libc.a(strncpy.o)
                0x00003b7e                strncpy
 .text          0x00003b9c       0x16 c:/program files/winavr-20090313/bin/../lib/gcc/avr/4.3.2/../../../../avr/lib/avr5\libc.a(strrchr.o)
                0x00003b9c                strrchr
 .text          0x00003bb2       0x34 c:/program files/winavr-20090313/bin/../lib/gcc/avr/4.3.2/../../../../avr/lib/avr5\libc.a(strstr.o)
                0x00003bb2                strstr
 .text          0x00003be6       0x42 c:/program files/winavr-20090313/bin/../lib/gcc/avr/4.3.2/../../../../avr/lib/avr5\libc.a(itoa.o)
                0x00003be6                itoa
 .text          0x00003c28       0x68 c:/program files/winavr-20090313/bin/../lib/gcc/avr/4.3.2/../../../../avr/lib/avr5\libc.a(ltoa.o)
                0x00003c28                ltoa
 .text          0x00003c90       0x4a c:/program files/winavr-20090313/bin/../lib/gcc/avr/4.3.2/../../../../avr/lib/avr5\libc.a(ultoa.o)
                0x00003c90                ultoa
 .text          0x00003cda        0x0 c:/program files/winavr-20090313/bin/../lib/gcc/avr/4.3.2/../../../../avr/lib/avr5\libc.a(cty_isfalse.o)
 .text          0x00003cda       0x20 c:/program files/winavr-20090313/bin/../lib/gcc/avr/4.3.2/../../../../avr/lib/avr5\libc.a(strrev.o)
                0x00003cda                strrev
                0x00003cfa                . = ALIGN (0x2)
 *(.text.*)
 .text.libgcc   0x00003cfa       0x3e c:/program files/winavr-20090313/bin/../lib/gcc/avr/4.3.2/avr5\libgcc.a(_mulsi3.o)
                0x00003cfa                __mulsi3
 .text.libgcc   0x00003d38       0x26 c:/program files/winavr-20090313/bin/../lib/gcc/avr/4.3.2/avr5\libgcc.a(_divmodhi4.o)
                0x00003d38                __divmodhi4
                0x00003d38                _div
 .text.libgcc   0x00003d5e       0x44 c:/program files/winavr-20090313/bin/../lib/gcc/avr/4.3.2/avr5\libgcc.a(_udivmodsi4.o)
                0x00003d5e                __udivmodsi4
 .text.libgcc   0x00003da2       0x36 c:/program files/winavr-20090313/bin/../lib/gcc/avr/4.3.2/avr5\libgcc.a(_divmodsi4.o)
                0x00003da2                __divmodsi4
 .text.libgcc   0x00003dd8        0x0 c:/program files/winavr-20090313/bin/../lib/gcc/avr/4.3.2/avr5\libgcc.a(_exit.o)
 .text.libgcc   0x00003dd8        0x0 c:/program files/winavr-20090313/bin/../lib/gcc/avr/4.3.2/avr5\libgcc.a(_copy_data.o)
 .text.libgcc   0x00003dd8        0x0 c:/program files/winavr-20090313/bin/../lib/gcc/avr/4.3.2/avr5\libgcc.a(_clear_bss.o)
 .text.libgcc   0x00003dd8        0x0 c:/program files/winavr-20090313/bin/../lib/gcc/avr/4.3.2/avr5\libgcc.a(_ctors.o)
 .text.libgcc   0x00003dd8       0x28 c:/program files/winavr-20090313/bin/../lib/gcc/avr/4.3.2/avr5\libgcc.a(_udivmodhi4.o)
                0x00003dd8                __udivmodhi4
 .text.libgcc   0x00003e00       0x38 c:/program files/winavr-20090313/bin/../lib/gcc/avr/4.3.2/avr5\libgcc.a(_prologue.o)
                0x00003e00                __prologue_saves__
 .text.libgcc   0x00003e38       0x36 c:/program files/winavr-20090313/bin/../lib/gcc/avr/4.3.2/avr5\libgcc.a(_epilogue.o)
                0x00003e38                __epilogue_restores__
 .text.libgcc   0x00003e6e        0xc c:/program files/winavr-20090313/bin/../lib/gcc/avr/4.3.2/avr5\libgcc.a(_tablejump.o)
                0x00003e72                __tablejump__
                0x00003e6e                __tablejump2__
 .text.ctype    0x00003e7a       0x10 c:/program files/winavr-20090313/bin/../lib/gcc/avr/4.3.2/../../../../avr/lib/avr5\libc.a(isspace.o)
                0x00003e7a                isspace
 .text.ctype    0x00003e8a       0x10 c:/program files/winavr-20090313/bin/../lib/gcc/avr/4.3.2/../../../../avr/lib/avr5\libc.a(tolower.o)
                0x00003e8a                tolower
 .text.ctype    0x00003e9a       0x10 c:/program files/winavr-20090313/bin/../lib/gcc/avr/4.3.2/../../../../avr/lib/avr5\libc.a(toupper.o)
                0x00003e9a                toupper
 .text.ctype    0x00003eaa        0x6 c:/program files/winavr-20090313/bin/../lib/gcc/avr/4.3.2/../../../../avr/lib/avr5\libc.a(cty_isfalse.o)
                0x00003eae                __ctype_istrue
                0x00003eaa                __ctype_isfalse
                0x00003eb0                . = ALIGN (0x2)
 *(.fini9)
 .fini9         0x00003eb0        0x0 c:/program files/winavr-20090313/bin/../lib/gcc/avr/4.3.2/avr5\libgcc.a(_exit.o)
                0x00003eb0                exit
                0x00003eb0                _exit
 *(.fini9)
 *(.fini8)
 *(.fini8)
 *(.fini7)
 *(.fini7)
 *(.fini6)
 *(.fini6)
 *(.fini5)
 *(.fini5)
 *(.fini4)
 *(.fini4)
 *(.fini3)
 *(.fini3)
 *(.fini2)
 *(.fini2)
 *(.fini1)
 *(.fini1)
 *(.fini0)
 .fini0         0x00003eb0        0x4 c:/program files/winavr-20090313/bin/../lib/gcc/avr/4.3.2/avr5\libgcc.a(_exit.o)
 *(.fini0)
                0x00003eb4                _etext = .

.data           0x00800100      0x144 load address 0x00003eb4
                0x00800100                PROVIDE (__data_start, .)
 *(.data)
 .data          0x00800100        0x0 c:/program files/winavr-20090313/bin/../lib/gcc/avr/4.3.2/../../../../avr/lib/avr5/crtm328p.o
 .data          0x00800100        0x0 ./main.o
 .data          0x00800100       0x22 ./include/HardwareSerial.o
                0x00800100                vtable for HardwareSerial
                0x00800112                vtable for Stream
 .data          0x00800122        0xc ./include/Print.o
                0x00800124                vtable for Print
 .data          0x0080012e        0x1 ./include/Tone.o
 .data          0x0080012f        0x0 ./include/WInterrupts.o
 .data          0x0080012f        0x0 ./include/WMath.o
 .data          0x0080012f        0x1 ./include/WString.o
 .data          0x00800130        0x0 ./include/pins_arduino.o
 .data          0x00800130        0x0 ./include/wiring.o
 .data          0x00800130        0x1 ./include/wiring_analog.o
                0x00800130                analog_reference
 .data          0x00800131        0x0 ./include/wiring_digital.o
 .data          0x00800131        0x0 ./include/wiring_pulse.o
 .data          0x00800131        0x0 ./include/wiring_shift.o
 .data          0x00800131        0x0 c:/program files/winavr-20090313/bin/../lib/gcc/avr/4.3.2/avr5\libgcc.a(_mulsi3.o)
 .data          0x00800131        0x0 c:/program files/winavr-20090313/bin/../lib/gcc/avr/4.3.2/avr5\libgcc.a(_divmodhi4.o)
 .data          0x00800131        0x0 c:/program files/winavr-20090313/bin/../lib/gcc/avr/4.3.2/avr5\libgcc.a(_udivmodsi4.o)
 .data          0x00800131        0x0 c:/program files/winavr-20090313/bin/../lib/gcc/avr/4.3.2/avr5\libgcc.a(_divmodsi4.o)
 .data          0x00800131        0x0 c:/program files/winavr-20090313/bin/../lib/gcc/avr/4.3.2/avr5\libgcc.a(_exit.o)
 .data          0x00800131        0x0 c:/program files/winavr-20090313/bin/../lib/gcc/avr/4.3.2/avr5\libgcc.a(_copy_data.o)
 .data          0x00800131        0x0 c:/program files/winavr-20090313/bin/../lib/gcc/avr/4.3.2/avr5\libgcc.a(_clear_bss.o)
 .data          0x00800131        0x0 c:/program files/winavr-20090313/bin/../lib/gcc/avr/4.3.2/avr5\libgcc.a(_ctors.o)
 .data          0x00800131        0x0 c:/program files/winavr-20090313/bin/../lib/gcc/avr/4.3.2/avr5\libgcc.a(_fixunssfsi.o)
 .data          0x00800131        0x0 c:/program files/winavr-20090313/bin/../lib/gcc/avr/4.3.2/avr5\libgcc.a(_addsub_sf.o)
 .data          0x00800131        0x0 c:/program files/winavr-20090313/bin/../lib/gcc/avr/4.3.2/avr5\libgcc.a(_mul_sf.o)
 .data          0x00800131        0x0 c:/program files/winavr-20090313/bin/../lib/gcc/avr/4.3.2/avr5\libgcc.a(_div_sf.o)
 .data          0x00800131        0x0 c:/program files/winavr-20090313/bin/../lib/gcc/avr/4.3.2/avr5\libgcc.a(_ge_sf.o)
 .data          0x00800131        0x0 c:/program files/winavr-20090313/bin/../lib/gcc/avr/4.3.2/avr5\libgcc.a(_lt_sf.o)
 .data          0x00800131        0x0 c:/program files/winavr-20090313/bin/../lib/gcc/avr/4.3.2/avr5\libgcc.a(_si_to_sf.o)
 .data          0x00800131        0x0 c:/program files/winavr-20090313/bin/../lib/gcc/avr/4.3.2/avr5\libgcc.a(_sf_to_si.o)
 .data          0x00800131        0x8 c:/program files/winavr-20090313/bin/../lib/gcc/avr/4.3.2/avr5\libgcc.a(_thenan_sf.o)
                0x00800131                __thenan_sf
 .data          0x00800139        0x0 c:/program files/winavr-20090313/bin/../lib/gcc/avr/4.3.2/avr5\libgcc.a(_usi_to_sf.o)
 .data          0x00800139        0x0 c:/program files/winavr-20090313/bin/../lib/gcc/avr/4.3.2/avr5\libgcc.a(_udivmodhi4.o)
 .data          0x00800139        0x0 c:/program files/winavr-20090313/bin/../lib/gcc/avr/4.3.2/avr5\libgcc.a(_prologue.o)
 .data          0x00800139        0x0 c:/program files/winavr-20090313/bin/../lib/gcc/avr/4.3.2/avr5\libgcc.a(_epilogue.o)
 .data          0x00800139        0x0 c:/program files/winavr-20090313/bin/../lib/gcc/avr/4.3.2/avr5\libgcc.a(_tablejump.o)
 .data          0x00800139        0x0 c:/program files/winavr-20090313/bin/../lib/gcc/avr/4.3.2/avr5\libgcc.a(_clzsi2.o)
 .data          0x00800139        0x0 c:/program files/winavr-20090313/bin/../lib/gcc/avr/4.3.2/avr5\libgcc.a(_pack_sf.o)
 .data          0x00800139        0x0 c:/program files/winavr-20090313/bin/../lib/gcc/avr/4.3.2/avr5\libgcc.a(_unpack_sf.o)
 .data          0x00800139        0x0 c:/program files/winavr-20090313/bin/../lib/gcc/avr/4.3.2/avr5\libgcc.a(_fpcmp_parts_sf.o)
 .data          0x00800139      0x100 c:/program files/winavr-20090313/bin/../lib/gcc/avr/4.3.2/avr5\libgcc.a(_clz.o)
                0x00800139                __clz_tab
 .data          0x00800239        0x6 c:/program files/winavr-20090313/bin/../lib/gcc/avr/4.3.2/../../../../avr/lib/avr5\libc.a(malloc.o)
                0x0080023b                __malloc_heap_start
                0x0080023d                __malloc_heap_end
                0x00800239                __malloc_margin
 .data          0x0080023f        0x4 c:/program files/winavr-20090313/bin/../lib/gcc/avr/4.3.2/../../../../avr/lib/avr5\libc.a(random.o)
 .data          0x00800243        0x0 c:/program files/winavr-20090313/bin/../lib/gcc/avr/4.3.2/../../../../avr/lib/avr5\libc.a(isspace.o)
 .data          0x00800243        0x0 c:/program files/winavr-20090313/bin/../lib/gcc/avr/4.3.2/../../../../avr/lib/avr5\libc.a(tolower.o)
 .data          0x00800243        0x0 c:/program files/winavr-20090313/bin/../lib/gcc/avr/4.3.2/../../../../avr/lib/avr5\libc.a(toupper.o)
 .data          0x00800243        0x0 c:/program files/winavr-20090313/bin/../lib/gcc/avr/4.3.2/../../../../avr/lib/avr5\libc.a(strcat.o)
 .data          0x00800243        0x0 c:/program files/winavr-20090313/bin/../lib/gcc/avr/4.3.2/../../../../avr/lib/avr5\libc.a(strchr.o)
 .data          0x00800243        0x0 c:/program files/winavr-20090313/bin/../lib/gcc/avr/4.3.2/../../../../avr/lib/avr5\libc.a(strcmp.o)
 .data          0x00800243        0x0 c:/program files/winavr-20090313/bin/../lib/gcc/avr/4.3.2/../../../../avr/lib/avr5\libc.a(strcpy.o)
 .data          0x00800243        0x0 c:/program files/winavr-20090313/bin/../lib/gcc/avr/4.3.2/../../../../avr/lib/avr5\libc.a(strncmp.o)
 .data          0x00800243        0x0 c:/program files/winavr-20090313/bin/../lib/gcc/avr/4.3.2/../../../../avr/lib/avr5\libc.a(strncpy.o)
 .data          0x00800243        0x0 c:/program files/winavr-20090313/bin/../lib/gcc/avr/4.3.2/../../../../avr/lib/avr5\libc.a(strrchr.o)
 .data          0x00800243        0x0 c:/program files/winavr-20090313/bin/../lib/gcc/avr/4.3.2/../../../../avr/lib/avr5\libc.a(strstr.o)
 .data          0x00800243        0x0 c:/program files/winavr-20090313/bin/../lib/gcc/avr/4.3.2/../../../../avr/lib/avr5\libc.a(itoa.o)
 .data          0x00800243        0x0 c:/program files/winavr-20090313/bin/../lib/gcc/avr/4.3.2/../../../../avr/lib/avr5\libc.a(ltoa.o)
 .data          0x00800243        0x0 c:/program files/winavr-20090313/bin/../lib/gcc/avr/4.3.2/../../../../avr/lib/avr5\libc.a(ultoa.o)
 .data          0x00800243        0x0 c:/program files/winavr-20090313/bin/../lib/gcc/avr/4.3.2/../../../../avr/lib/avr5\libc.a(cty_isfalse.o)
 .data          0x00800243        0x0 c:/program files/winavr-20090313/bin/../lib/gcc/avr/4.3.2/../../../../avr/lib/avr5\libc.a(strrev.o)
 *(.data*)
 *(.rodata)
 *(.rodata*)
 *(.gnu.linkonce.d*)
                0x00800244                . = ALIGN (0x2)
 *fill*         0x00800243        0x1 00
                0x00800244                _edata = .
                0x00800244                PROVIDE (__data_end, .)

.bss            0x00800244       0xbe
                0x00800244                PROVIDE (__bss_start, .)
 *(.bss)
 .bss           0x00800244        0x0 c:/program files/winavr-20090313/bin/../lib/gcc/avr/4.3.2/../../../../avr/lib/avr5/crtm328p.o
 .bss           0x00800244        0x0 ./main.o
 .bss           0x00800244       0x97 ./include/HardwareSerial.o
                0x00800244                rx_buffer
                0x008002c8                Serial
 .bss           0x008002db        0x0 ./include/Print.o
 .bss           0x008002db       0x15 ./include/Tone.o
                0x008002e1                timer0_pin_mask
                0x008002ed                timer2_pin_port
                0x008002ef                timer2_pin_mask
                0x008002df                timer0_pin_port
                0x008002e2                timer1_toggle_count
                0x008002e8                timer1_pin_mask
                0x008002e6                timer1_pin_port
                0x008002db                timer0_toggle_count
                0x008002e9                timer2_toggle_count
 .bss           0x008002f0        0x4 ./include/WInterrupts.o
 .bss           0x008002f4        0x0 ./include/WMath.o
 .bss           0x008002f4        0x1 ./include/WString.o
 .bss           0x008002f5        0x0 ./include/pins_arduino.o
 .bss           0x008002f5        0x9 ./include/wiring.o
                0x008002f5                timer0_overflow_count
                0x008002f9                timer0_millis
 .bss           0x008002fe        0x0 ./include/wiring_analog.o
 .bss           0x008002fe        0x0 ./include/wiring_digital.o
 .bss           0x008002fe        0x0 ./include/wiring_pulse.o
 .bss           0x008002fe        0x0 ./include/wiring_shift.o
 .bss           0x008002fe        0x0 c:/program files/winavr-20090313/bin/../lib/gcc/avr/4.3.2/avr5\libgcc.a(_mulsi3.o)
 .bss           0x008002fe        0x0 c:/program files/winavr-20090313/bin/../lib/gcc/avr/4.3.2/avr5\libgcc.a(_divmodhi4.o)
 .bss           0x008002fe        0x0 c:/program files/winavr-20090313/bin/../lib/gcc/avr/4.3.2/avr5\libgcc.a(_udivmodsi4.o)
 .bss           0x008002fe        0x0 c:/program files/winavr-20090313/bin/../lib/gcc/avr/4.3.2/avr5\libgcc.a(_divmodsi4.o)
 .bss           0x008002fe        0x0 c:/program files/winavr-20090313/bin/../lib/gcc/avr/4.3.2/avr5\libgcc.a(_exit.o)
 .bss           0x008002fe        0x0 c:/program files/winavr-20090313/bin/../lib/gcc/avr/4.3.2/avr5\libgcc.a(_copy_data.o)
 .bss           0x008002fe        0x0 c:/program files/winavr-20090313/bin/../lib/gcc/avr/4.3.2/avr5\libgcc.a(_clear_bss.o)
 .bss           0x008002fe        0x0 c:/program files/winavr-20090313/bin/../lib/gcc/avr/4.3.2/avr5\libgcc.a(_ctors.o)
 .bss           0x008002fe        0x0 c:/program files/winavr-20090313/bin/../lib/gcc/avr/4.3.2/avr5\libgcc.a(_fixunssfsi.o)
 .bss           0x008002fe        0x0 c:/program files/winavr-20090313/bin/../lib/gcc/avr/4.3.2/avr5\libgcc.a(_addsub_sf.o)
 .bss           0x008002fe        0x0 c:/program files/winavr-20090313/bin/../lib/gcc/avr/4.3.2/avr5\libgcc.a(_mul_sf.o)
 .bss           0x008002fe        0x0 c:/program files/winavr-20090313/bin/../lib/gcc/avr/4.3.2/avr5\libgcc.a(_div_sf.o)
 .bss           0x008002fe        0x0 c:/program files/winavr-20090313/bin/../lib/gcc/avr/4.3.2/avr5\libgcc.a(_ge_sf.o)
 .bss           0x008002fe        0x0 c:/program files/winavr-20090313/bin/../lib/gcc/avr/4.3.2/avr5\libgcc.a(_lt_sf.o)
 .bss           0x008002fe        0x0 c:/program files/winavr-20090313/bin/../lib/gcc/avr/4.3.2/avr5\libgcc.a(_si_to_sf.o)
 .bss           0x008002fe        0x0 c:/program files/winavr-20090313/bin/../lib/gcc/avr/4.3.2/avr5\libgcc.a(_sf_to_si.o)
 .bss           0x008002fe        0x0 c:/program files/winavr-20090313/bin/../lib/gcc/avr/4.3.2/avr5\libgcc.a(_thenan_sf.o)
 .bss           0x008002fe        0x0 c:/program files/winavr-20090313/bin/../lib/gcc/avr/4.3.2/avr5\libgcc.a(_usi_to_sf.o)
 .bss           0x008002fe        0x0 c:/program files/winavr-20090313/bin/../lib/gcc/avr/4.3.2/avr5\libgcc.a(_udivmodhi4.o)
 .bss           0x008002fe        0x0 c:/program files/winavr-20090313/bin/../lib/gcc/avr/4.3.2/avr5\libgcc.a(_prologue.o)
 .bss           0x008002fe        0x0 c:/program files/winavr-20090313/bin/../lib/gcc/avr/4.3.2/avr5\libgcc.a(_epilogue.o)
 .bss           0x008002fe        0x0 c:/program files/winavr-20090313/bin/../lib/gcc/avr/4.3.2/avr5\libgcc.a(_tablejump.o)
 .bss           0x008002fe        0x0 c:/program files/winavr-20090313/bin/../lib/gcc/avr/4.3.2/avr5\libgcc.a(_clzsi2.o)
 .bss           0x008002fe        0x0 c:/program files/winavr-20090313/bin/../lib/gcc/avr/4.3.2/avr5\libgcc.a(_pack_sf.o)
 .bss           0x008002fe        0x0 c:/program files/winavr-20090313/bin/../lib/gcc/avr/4.3.2/avr5\libgcc.a(_unpack_sf.o)
 .bss           0x008002fe        0x0 c:/program files/winavr-20090313/bin/../lib/gcc/avr/4.3.2/avr5\libgcc.a(_fpcmp_parts_sf.o)
 .bss           0x008002fe        0x0 c:/program files/winavr-20090313/bin/../lib/gcc/avr/4.3.2/avr5\libgcc.a(_clz.o)
 .bss           0x008002fe        0x0 c:/program files/winavr-20090313/bin/../lib/gcc/avr/4.3.2/../../../../avr/lib/avr5\libc.a(malloc.o)
 .bss           0x008002fe        0x0 c:/program files/winavr-20090313/bin/../lib/gcc/avr/4.3.2/../../../../avr/lib/avr5\libc.a(random.o)
 .bss           0x008002fe        0x0 c:/program files/winavr-20090313/bin/../lib/gcc/avr/4.3.2/../../../../avr/lib/avr5\libc.a(isspace.o)
 .bss           0x008002fe        0x0 c:/program files/winavr-20090313/bin/../lib/gcc/avr/4.3.2/../../../../avr/lib/avr5\libc.a(tolower.o)
 .bss           0x008002fe        0x0 c:/program files/winavr-20090313/bin/../lib/gcc/avr/4.3.2/../../../../avr/lib/avr5\libc.a(toupper.o)
 .bss           0x008002fe        0x0 c:/program files/winavr-20090313/bin/../lib/gcc/avr/4.3.2/../../../../avr/lib/avr5\libc.a(strcat.o)
 .bss           0x008002fe        0x0 c:/program files/winavr-20090313/bin/../lib/gcc/avr/4.3.2/../../../../avr/lib/avr5\libc.a(strchr.o)
 .bss           0x008002fe        0x0 c:/program files/winavr-20090313/bin/../lib/gcc/avr/4.3.2/../../../../avr/lib/avr5\libc.a(strcmp.o)
 .bss           0x008002fe        0x0 c:/program files/winavr-20090313/bin/../lib/gcc/avr/4.3.2/../../../../avr/lib/avr5\libc.a(strcpy.o)
 .bss           0x008002fe        0x0 c:/program files/winavr-20090313/bin/../lib/gcc/avr/4.3.2/../../../../avr/lib/avr5\libc.a(strncmp.o)
 .bss           0x008002fe        0x0 c:/program files/winavr-20090313/bin/../lib/gcc/avr/4.3.2/../../../../avr/lib/avr5\libc.a(strncpy.o)
 .bss           0x008002fe        0x0 c:/program files/winavr-20090313/bin/../lib/gcc/avr/4.3.2/../../../../avr/lib/avr5\libc.a(strrchr.o)
 .bss           0x008002fe        0x0 c:/program files/winavr-20090313/bin/../lib/gcc/avr/4.3.2/../../../../avr/lib/avr5\libc.a(strstr.o)
 .bss           0x008002fe        0x0 c:/program files/winavr-20090313/bin/../lib/gcc/avr/4.3.2/../../../../avr/lib/avr5\libc.a(itoa.o)
 .bss           0x008002fe        0x0 c:/program files/winavr-20090313/bin/../lib/gcc/avr/4.3.2/../../../../avr/lib/avr5\libc.a(ltoa.o)
 .bss           0x008002fe        0x0 c:/program files/winavr-20090313/bin/../lib/gcc/avr/4.3.2/../../../../avr/lib/avr5\libc.a(ultoa.o)
 .bss           0x008002fe        0x0 c:/program files/winavr-20090313/bin/../lib/gcc/avr/4.3.2/../../../../avr/lib/avr5\libc.a(cty_isfalse.o)
 .bss           0x008002fe        0x0 c:/program files/winavr-20090313/bin/../lib/gcc/avr/4.3.2/../../../../avr/lib/avr5\libc.a(strrev.o)
 *(.bss*)
 *(COMMON)
 COMMON         0x008002fe        0x4 c:/program files/winavr-20090313/bin/../lib/gcc/avr/4.3.2/../../../../avr/lib/avr5\libc.a(malloc.o)
                0x008002fe                __brkval
                0x00800300                __flp
                0x00800302                PROVIDE (__bss_end, .)
                0x00003eb4                __data_load_start = LOADADDR (.data)
                0x00003ff8                __data_load_end = (__data_load_start + SIZEOF (.data))

.noinit         0x00800302        0x0
                0x00800302                PROVIDE (__noinit_start, .)
 *(.noinit*)
                0x00800302                PROVIDE (__noinit_end, .)
                0x00800302                _end = .
                0x00800302                PROVIDE (__heap_start, .)

.eeprom         0x00810000        0x0
 *(.eeprom*)
                0x00810000                __eeprom_end = .

.fuse
 *(.fuse)
 *(.lfuse)
 *(.hfuse)
 *(.efuse)

.lock
 *(.lock*)

.signature
 *(.signature*)

.stab
 *(.stab)

.stabstr
 *(.stabstr)

.stab.excl
 *(.stab.excl)

.stab.exclstr
 *(.stab.exclstr)

.stab.index
 *(.stab.index)

.stab.indexstr
 *(.stab.indexstr)

.comment
 *(.comment)

.debug
 *(.debug)

.line
 *(.line)

.debug_srcinfo
 *(.debug_srcinfo)

.debug_sfnames
 *(.debug_sfnames)

.debug_aranges
 *(.debug_aranges)

.debug_pubnames
 *(.debug_pubnames)

.debug_info
 *(.debug_info)
 *(.gnu.linkonce.wi.*)

.debug_abbrev
 *(.debug_abbrev)

.debug_line
 *(.debug_line)

.debug_frame
 *(.debug_frame)

.debug_str
 *(.debug_str)

.debug_loc
 *(.debug_loc)

.debug_macinfo
 *(.debug_macinfo)
OUTPUT(Uno_controlwifi.elf elf32-avr)
LOAD linker stubs

Cross Reference Table

Symbol                                            File
HardwareSerial::HardwareSerial(ring_buffer*, unsigned char volatile*, unsigned char volatile*, unsigned char volatile*, unsigned char volatile*, unsigned char volatile*, unsigned char, unsigned char, unsigned char, unsigned char, unsigned char) ./include/HardwareSerial.o
HardwareSerial::HardwareSerial(ring_buffer*, unsigned char volatile*, unsigned char volatile*, unsigned char volatile*, unsigned char volatile*, unsigned char volatile*, unsigned char, unsigned char, unsigned char, unsigned char, unsigned char) ./include/HardwareSerial.o
HardwareSerial::available()                       ./include/HardwareSerial.o
HardwareSerial::begin(long)                       ./include/HardwareSerial.o
HardwareSerial::end()                             ./include/HardwareSerial.o
HardwareSerial::flush()                           ./include/HardwareSerial.o
HardwareSerial::peek()                            ./include/HardwareSerial.o
HardwareSerial::read()                            ./include/HardwareSerial.o
HardwareSerial::write(unsigned char)              ./include/HardwareSerial.o
Print::print(String const&)                       ./include/Print.o
Print::print(char const*)                         ./include/Print.o
Print::print(char, int)                           ./include/Print.o
Print::print(double, int)                         ./include/Print.o
Print::print(int, int)                            ./include/Print.o
Print::print(long, int)                           ./include/Print.o
Print::print(unsigned char, int)                  ./include/Print.o
Print::print(unsigned int, int)                   ./include/Print.o
Print::print(unsigned long, int)                  ./include/Print.o
Print::printFloat(double, unsigned char)          ./include/Print.o
Print::printNumber(unsigned long, unsigned char)  ./include/Print.o
Print::println()                                  ./include/Print.o
Print::println(String const&)                     ./include/Print.o
Print::println(char const*)                       ./include/Print.o
Print::println(char, int)                         ./include/Print.o
Print::println(double, int)                       ./include/Print.o
Print::println(int, int)                          ./include/Print.o
Print::println(long, int)                         ./include/Print.o
Print::println(unsigned char, int)                ./include/Print.o
Print::println(unsigned int, int)                 ./include/Print.o
Print::println(unsigned long, int)                ./include/Print.o
Print::write(char const*)                         ./include/Print.o
                                                  ./include/HardwareSerial.o
Print::write(unsigned char const*, unsigned int)  ./include/Print.o
                                                  ./include/HardwareSerial.o
Serial                                            ./include/HardwareSerial.o
String::String(String const&)                     ./include/WString.o
String::String(String const&)                     ./include/WString.o
String::String(char const*)                       ./include/WString.o
String::String(char const*)                       ./include/WString.o
String::String(char)                              ./include/WString.o
String::String(char)                              ./include/WString.o
String::String(int, int)                          ./include/WString.o
String::String(int, int)                          ./include/WString.o
String::String(long, int)                         ./include/WString.o
String::String(long, int)                         ./include/WString.o
String::String(unsigned char)                     ./include/WString.o
String::String(unsigned char)                     ./include/WString.o
String::String(unsigned int, int)                 ./include/WString.o
String::String(unsigned int, int)                 ./include/WString.o
String::String(unsigned long, int)                ./include/WString.o
String::String(unsigned long, int)                ./include/WString.o
String::charAt(unsigned int) const                ./include/WString.o
String::compareTo(String const&) const            ./include/WString.o
String::concat(String const&)                     ./include/WString.o
String::endsWith(String const&) const             ./include/WString.o
String::equals(String const&) const               ./include/WString.o
String::equalsIgnoreCase(String const&) const     ./include/WString.o
String::getBuffer(unsigned int)                   ./include/WString.o
String::getBytes(unsigned char*, unsigned int)    ./include/WString.o
String::indexOf(String const&) const              ./include/WString.o
String::indexOf(String const&, unsigned int) const ./include/WString.o
String::indexOf(char) const                       ./include/WString.o
String::indexOf(char, unsigned int) const         ./include/WString.o
String::lastIndexOf(String const&) const          ./include/WString.o
String::lastIndexOf(String const&, unsigned int) const ./include/WString.o
String::lastIndexOf(char) const                   ./include/WString.o
String::lastIndexOf(char, unsigned int) const     ./include/WString.o
String::operator!=(String const&) const           ./include/WString.o
String::operator+=(String const&)                 ./include/WString.o
String::operator<(String const&) const            ./include/WString.o
String::operator<=(String const&) const           ./include/WString.o
String::operator=(String const&)                  ./include/WString.o
String::operator==(String const&) const           ./include/WString.o
String::operator>(String const&) const            ./include/WString.o
String::operator>=(String const&) const           ./include/WString.o
String::operator[](unsigned int)                  ./include/WString.o
String::operator[](unsigned int) const            ./include/WString.o
                                                  ./include/Print.o
String::replace(String const&, String const&)     ./include/WString.o
String::replace(char, char)                       ./include/WString.o
String::setCharAt(unsigned int, char)             ./include/WString.o
String::startsWith(String const&) const           ./include/WString.o
String::startsWith(String const&, unsigned int) const ./include/WString.o
String::substring(unsigned int) const             ./include/WString.o
String::substring(unsigned int, unsigned int) const ./include/WString.o
String::toCharArray(char*, unsigned int)          ./include/WString.o
String::toLowerCase() const                       ./include/WString.o
String::toUpperCase() const                       ./include/WString.o
String::trim() const                              ./include/WString.o
String::~String()                                 ./include/WString.o
__addsf3                                          c:/program files/winavr-20090313/bin/../lib/gcc/avr/4.3.2/avr5\libgcc.a(_addsub_sf.o)
                                                  ./include/Print.o
__bad_interrupt                                   c:/program files/winavr-20090313/bin/../lib/gcc/avr/4.3.2/../../../../avr/lib/avr5/crtm328p.o
__brkval                                          c:/program files/winavr-20090313/bin/../lib/gcc/avr/4.3.2/../../../../avr/lib/avr5\libc.a(malloc.o)
__bss_end                                         c:/program files/winavr-20090313/bin/../lib/gcc/avr/4.3.2/avr5\libgcc.a(_clear_bss.o)
__bss_start                                       c:/program files/winavr-20090313/bin/../lib/gcc/avr/4.3.2/avr5\libgcc.a(_clear_bss.o)
__clz_tab                                         c:/program files/winavr-20090313/bin/../lib/gcc/avr/4.3.2/avr5\libgcc.a(_clz.o)
                                                  c:/program files/winavr-20090313/bin/../lib/gcc/avr/4.3.2/avr5\libgcc.a(_clzsi2.o)
__clzsi2                                          c:/program files/winavr-20090313/bin/../lib/gcc/avr/4.3.2/avr5\libgcc.a(_clzsi2.o)
                                                  c:/program files/winavr-20090313/bin/../lib/gcc/avr/4.3.2/avr5\libgcc.a(_usi_to_sf.o)
                                                  c:/program files/winavr-20090313/bin/../lib/gcc/avr/4.3.2/avr5\libgcc.a(_si_to_sf.o)
__ctors_end                                       c:/program files/winavr-20090313/bin/../lib/gcc/avr/4.3.2/avr5\libgcc.a(_ctors.o)
__ctors_start                                     c:/program files/winavr-20090313/bin/../lib/gcc/avr/4.3.2/avr5\libgcc.a(_ctors.o)
__ctype_isfalse                                   c:/program files/winavr-20090313/bin/../lib/gcc/avr/4.3.2/../../../../avr/lib/avr5\libc.a(cty_isfalse.o)
                                                  c:/program files/winavr-20090313/bin/../lib/gcc/avr/4.3.2/../../../../avr/lib/avr5\libc.a(isspace.o)
__ctype_istrue                                    c:/program files/winavr-20090313/bin/../lib/gcc/avr/4.3.2/../../../../avr/lib/avr5\libc.a(cty_isfalse.o)
__cxa_pure_virtual                                ./main.o
                                                  ./include/Print.o
                                                  ./include/HardwareSerial.o
__data_end                                        c:/program files/winavr-20090313/bin/../lib/gcc/avr/4.3.2/avr5\libgcc.a(_copy_data.o)
__data_load_start                                 c:/program files/winavr-20090313/bin/../lib/gcc/avr/4.3.2/avr5\libgcc.a(_copy_data.o)
__data_start                                      c:/program files/winavr-20090313/bin/../lib/gcc/avr/4.3.2/avr5\libgcc.a(_copy_data.o)
__divmodhi4                                       c:/program files/winavr-20090313/bin/../lib/gcc/avr/4.3.2/avr5\libgcc.a(_divmodhi4.o)
                                                  ./include/HardwareSerial.o
__divmodsi4                                       c:/program files/winavr-20090313/bin/../lib/gcc/avr/4.3.2/avr5\libgcc.a(_divmodsi4.o)
                                                  c:/program files/winavr-20090313/bin/../lib/gcc/avr/4.3.2/../../../../avr/lib/avr5\libc.a(random.o)
                                                  ./include/WMath.o
__divsf3                                          c:/program files/winavr-20090313/bin/../lib/gcc/avr/4.3.2/avr5\libgcc.a(_div_sf.o)
                                                  ./include/Print.o
__do_clear_bss                                    c:/program files/winavr-20090313/bin/../lib/gcc/avr/4.3.2/avr5\libgcc.a(_clear_bss.o)
                                                  c:/program files/winavr-20090313/bin/../lib/gcc/avr/4.3.2/../../../../avr/lib/avr5\libc.a(malloc.o)
                                                  ./include/wiring.o
                                                  ./include/WString.o
                                                  ./include/WInterrupts.o
                                                  ./include/Tone.o
                                                  ./include/HardwareSerial.o
__do_copy_data                                    c:/program files/winavr-20090313/bin/../lib/gcc/avr/4.3.2/avr5\libgcc.a(_copy_data.o)
                                                  c:/program files/winavr-20090313/bin/../lib/gcc/avr/4.3.2/../../../../avr/lib/avr5\libc.a(random.o)
                                                  c:/program files/winavr-20090313/bin/../lib/gcc/avr/4.3.2/../../../../avr/lib/avr5\libc.a(malloc.o)
                                                  c:/program files/winavr-20090313/bin/../lib/gcc/avr/4.3.2/avr5\libgcc.a(_clz.o)
                                                  c:/program files/winavr-20090313/bin/../lib/gcc/avr/4.3.2/avr5\libgcc.a(_thenan_sf.o)
                                                  ./include/wiring_analog.o
                                                  ./include/WString.o
                                                  ./include/Tone.o
                                                  ./include/Print.o
                                                  ./include/HardwareSerial.o
__do_global_ctors                                 c:/program files/winavr-20090313/bin/../lib/gcc/avr/4.3.2/avr5\libgcc.a(_ctors.o)
                                                  ./include/HardwareSerial.o
__epilogue_restores__                             c:/program files/winavr-20090313/bin/../lib/gcc/avr/4.3.2/avr5\libgcc.a(_epilogue.o)
                                                  c:/program files/winavr-20090313/bin/../lib/gcc/avr/4.3.2/../../../../avr/lib/avr5\libc.a(random.o)
                                                  c:/program files/winavr-20090313/bin/../lib/gcc/avr/4.3.2/avr5\libgcc.a(_usi_to_sf.o)
                                                  c:/program files/winavr-20090313/bin/../lib/gcc/avr/4.3.2/avr5\libgcc.a(_sf_to_si.o)
                                                  c:/program files/winavr-20090313/bin/../lib/gcc/avr/4.3.2/avr5\libgcc.a(_si_to_sf.o)
                                                  c:/program files/winavr-20090313/bin/../lib/gcc/avr/4.3.2/avr5\libgcc.a(_lt_sf.o)
                                                  c:/program files/winavr-20090313/bin/../lib/gcc/avr/4.3.2/avr5\libgcc.a(_ge_sf.o)
                                                  c:/program files/winavr-20090313/bin/../lib/gcc/avr/4.3.2/avr5\libgcc.a(_div_sf.o)
                                                  c:/program files/winavr-20090313/bin/../lib/gcc/avr/4.3.2/avr5\libgcc.a(_mul_sf.o)
                                                  c:/program files/winavr-20090313/bin/../lib/gcc/avr/4.3.2/avr5\libgcc.a(_addsub_sf.o)
__fixsfsi                                         c:/program files/winavr-20090313/bin/../lib/gcc/avr/4.3.2/avr5\libgcc.a(_sf_to_si.o)
                                                  c:/program files/winavr-20090313/bin/../lib/gcc/avr/4.3.2/avr5\libgcc.a(_fixunssfsi.o)
                                                  ./include/Print.o
__fixunssfsi                                      c:/program files/winavr-20090313/bin/../lib/gcc/avr/4.3.2/avr5\libgcc.a(_fixunssfsi.o)
                                                  ./include/Print.o
__floatsisf                                       c:/program files/winavr-20090313/bin/../lib/gcc/avr/4.3.2/avr5\libgcc.a(_si_to_sf.o)
                                                  ./include/Print.o
__floatunsisf                                     c:/program files/winavr-20090313/bin/../lib/gcc/avr/4.3.2/avr5\libgcc.a(_usi_to_sf.o)
                                                  ./include/Print.o
__flp                                             c:/program files/winavr-20090313/bin/../lib/gcc/avr/4.3.2/../../../../avr/lib/avr5\libc.a(malloc.o)
__fpcmp_parts_f                                   c:/program files/winavr-20090313/bin/../lib/gcc/avr/4.3.2/avr5\libgcc.a(_fpcmp_parts_sf.o)
                                                  c:/program files/winavr-20090313/bin/../lib/gcc/avr/4.3.2/avr5\libgcc.a(_lt_sf.o)
                                                  c:/program files/winavr-20090313/bin/../lib/gcc/avr/4.3.2/avr5\libgcc.a(_ge_sf.o)
__gesf2                                           c:/program files/winavr-20090313/bin/../lib/gcc/avr/4.3.2/avr5\libgcc.a(_ge_sf.o)
                                                  c:/program files/winavr-20090313/bin/../lib/gcc/avr/4.3.2/avr5\libgcc.a(_fixunssfsi.o)
__heap_end                                        c:/program files/winavr-20090313/bin/../lib/gcc/avr/4.3.2/../../../../avr/lib/avr5/crtm328p.o
                                                  c:/program files/winavr-20090313/bin/../lib/gcc/avr/4.3.2/../../../../avr/lib/avr5\libc.a(malloc.o)
__heap_start                                      c:/program files/winavr-20090313/bin/../lib/gcc/avr/4.3.2/../../../../avr/lib/avr5\libc.a(malloc.o)
__init                                            c:/program files/winavr-20090313/bin/../lib/gcc/avr/4.3.2/../../../../avr/lib/avr5/crtm328p.o
__ltsf2                                           c:/program files/winavr-20090313/bin/../lib/gcc/avr/4.3.2/avr5\libgcc.a(_lt_sf.o)
                                                  ./include/Print.o
__malloc_heap_end                                 c:/program files/winavr-20090313/bin/../lib/gcc/avr/4.3.2/../../../../avr/lib/avr5\libc.a(malloc.o)
__malloc_heap_start                               c:/program files/winavr-20090313/bin/../lib/gcc/avr/4.3.2/../../../../avr/lib/avr5\libc.a(malloc.o)
__malloc_margin                                   c:/program files/winavr-20090313/bin/../lib/gcc/avr/4.3.2/../../../../avr/lib/avr5\libc.a(malloc.o)
__mulsf3                                          c:/program files/winavr-20090313/bin/../lib/gcc/avr/4.3.2/avr5\libgcc.a(_mul_sf.o)
                                                  ./include/Print.o
__mulsi3                                          c:/program files/winavr-20090313/bin/../lib/gcc/avr/4.3.2/avr5\libgcc.a(_mulsi3.o)
                                                  c:/program files/winavr-20090313/bin/../lib/gcc/avr/4.3.2/../../../../avr/lib/avr5\libc.a(random.o)
                                                  ./include/wiring_pulse.o
                                                  ./include/WMath.o
                                                  ./include/Tone.o
                                                  ./include/HardwareSerial.o
__pack_f                                          c:/program files/winavr-20090313/bin/../lib/gcc/avr/4.3.2/avr5\libgcc.a(_pack_sf.o)
                                                  c:/program files/winavr-20090313/bin/../lib/gcc/avr/4.3.2/avr5\libgcc.a(_usi_to_sf.o)
                                                  c:/program files/winavr-20090313/bin/../lib/gcc/avr/4.3.2/avr5\libgcc.a(_si_to_sf.o)
                                                  c:/program files/winavr-20090313/bin/../lib/gcc/avr/4.3.2/avr5\libgcc.a(_div_sf.o)
                                                  c:/program files/winavr-20090313/bin/../lib/gcc/avr/4.3.2/avr5\libgcc.a(_mul_sf.o)
                                                  c:/program files/winavr-20090313/bin/../lib/gcc/avr/4.3.2/avr5\libgcc.a(_addsub_sf.o)
__prologue_saves__                                c:/program files/winavr-20090313/bin/../lib/gcc/avr/4.3.2/avr5\libgcc.a(_prologue.o)
                                                  c:/program files/winavr-20090313/bin/../lib/gcc/avr/4.3.2/../../../../avr/lib/avr5\libc.a(random.o)
                                                  c:/program files/winavr-20090313/bin/../lib/gcc/avr/4.3.2/avr5\libgcc.a(_usi_to_sf.o)
                                                  c:/program files/winavr-20090313/bin/../lib/gcc/avr/4.3.2/avr5\libgcc.a(_sf_to_si.o)
                                                  c:/program files/winavr-20090313/bin/../lib/gcc/avr/4.3.2/avr5\libgcc.a(_si_to_sf.o)
                                                  c:/program files/winavr-20090313/bin/../lib/gcc/avr/4.3.2/avr5\libgcc.a(_lt_sf.o)
                                                  c:/program files/winavr-20090313/bin/../lib/gcc/avr/4.3.2/avr5\libgcc.a(_ge_sf.o)
                                                  c:/program files/winavr-20090313/bin/../lib/gcc/avr/4.3.2/avr5\libgcc.a(_div_sf.o)
                                                  c:/program files/winavr-20090313/bin/../lib/gcc/avr/4.3.2/avr5\libgcc.a(_mul_sf.o)
                                                  c:/program files/winavr-20090313/bin/../lib/gcc/avr/4.3.2/avr5\libgcc.a(_addsub_sf.o)
__stack                                           c:/program files/winavr-20090313/bin/../lib/gcc/avr/4.3.2/../../../../avr/lib/avr5/crtm328p.o
__subsf3                                          c:/program files/winavr-20090313/bin/../lib/gcc/avr/4.3.2/avr5\libgcc.a(_addsub_sf.o)
                                                  c:/program files/winavr-20090313/bin/../lib/gcc/avr/4.3.2/avr5\libgcc.a(_fixunssfsi.o)
                                                  ./include/Print.o
__tablejump2__                                    c:/program files/winavr-20090313/bin/../lib/gcc/avr/4.3.2/avr5\libgcc.a(_tablejump.o)
__tablejump__                                     c:/program files/winavr-20090313/bin/../lib/gcc/avr/4.3.2/avr5\libgcc.a(_tablejump.o)
                                                  c:/program files/winavr-20090313/bin/../lib/gcc/avr/4.3.2/avr5\libgcc.a(_ctors.o)
__thenan_sf                                       c:/program files/winavr-20090313/bin/../lib/gcc/avr/4.3.2/avr5\libgcc.a(_thenan_sf.o)
                                                  c:/program files/winavr-20090313/bin/../lib/gcc/avr/4.3.2/avr5\libgcc.a(_div_sf.o)
                                                  c:/program files/winavr-20090313/bin/../lib/gcc/avr/4.3.2/avr5\libgcc.a(_mul_sf.o)
                                                  c:/program files/winavr-20090313/bin/../lib/gcc/avr/4.3.2/avr5\libgcc.a(_addsub_sf.o)
__udivmodhi4                                      c:/program files/winavr-20090313/bin/../lib/gcc/avr/4.3.2/avr5\libgcc.a(_udivmodhi4.o)
                                                  c:/program files/winavr-20090313/bin/../lib/gcc/avr/4.3.2/../../../../avr/lib/avr5\libc.a(itoa.o)
                                                  c:/program files/winavr-20090313/bin/../lib/gcc/avr/4.3.2/avr5\libgcc.a(_divmodhi4.o)
__udivmodsi4                                      c:/program files/winavr-20090313/bin/../lib/gcc/avr/4.3.2/avr5\libgcc.a(_udivmodsi4.o)
                                                  c:/program files/winavr-20090313/bin/../lib/gcc/avr/4.3.2/../../../../avr/lib/avr5\libc.a(ultoa.o)
                                                  c:/program files/winavr-20090313/bin/../lib/gcc/avr/4.3.2/../../../../avr/lib/avr5\libc.a(ltoa.o)
                                                  c:/program files/winavr-20090313/bin/../lib/gcc/avr/4.3.2/avr5\libgcc.a(_divmodsi4.o)
                                                  ./include/Tone.o
                                                  ./include/Print.o
                                                  ./include/HardwareSerial.o
__unpack_f                                        c:/program files/winavr-20090313/bin/../lib/gcc/avr/4.3.2/avr5\libgcc.a(_unpack_sf.o)
                                                  c:/program files/winavr-20090313/bin/../lib/gcc/avr/4.3.2/avr5\libgcc.a(_sf_to_si.o)
                                                  c:/program files/winavr-20090313/bin/../lib/gcc/avr/4.3.2/avr5\libgcc.a(_lt_sf.o)
                                                  c:/program files/winavr-20090313/bin/../lib/gcc/avr/4.3.2/avr5\libgcc.a(_ge_sf.o)
                                                  c:/program files/winavr-20090313/bin/../lib/gcc/avr/4.3.2/avr5\libgcc.a(_div_sf.o)
                                                  c:/program files/winavr-20090313/bin/../lib/gcc/avr/4.3.2/avr5\libgcc.a(_mul_sf.o)
                                                  c:/program files/winavr-20090313/bin/../lib/gcc/avr/4.3.2/avr5\libgcc.a(_addsub_sf.o)
__vector_1                                        ./include/WInterrupts.o
                                                  c:/program files/winavr-20090313/bin/../lib/gcc/avr/4.3.2/../../../../avr/lib/avr5/crtm328p.o
__vector_10                                       c:/program files/winavr-20090313/bin/../lib/gcc/avr/4.3.2/../../../../avr/lib/avr5/crtm328p.o
__vector_11                                       c:/program files/winavr-20090313/bin/../lib/gcc/avr/4.3.2/../../../../avr/lib/avr5/crtm328p.o
__vector_12                                       c:/program files/winavr-20090313/bin/../lib/gcc/avr/4.3.2/../../../../avr/lib/avr5/crtm328p.o
__vector_13                                       c:/program files/winavr-20090313/bin/../lib/gcc/avr/4.3.2/../../../../avr/lib/avr5/crtm328p.o
__vector_14                                       c:/program files/winavr-20090313/bin/../lib/gcc/avr/4.3.2/../../../../avr/lib/avr5/crtm328p.o
__vector_15                                       c:/program files/winavr-20090313/bin/../lib/gcc/avr/4.3.2/../../../../avr/lib/avr5/crtm328p.o
__vector_16                                       ./include/wiring.o
                                                  c:/program files/winavr-20090313/bin/../lib/gcc/avr/4.3.2/../../../../avr/lib/avr5/crtm328p.o
__vector_17                                       c:/program files/winavr-20090313/bin/../lib/gcc/avr/4.3.2/../../../../avr/lib/avr5/crtm328p.o
__vector_18                                       ./include/HardwareSerial.o
                                                  c:/program files/winavr-20090313/bin/../lib/gcc/avr/4.3.2/../../../../avr/lib/avr5/crtm328p.o
__vector_19                                       c:/program files/winavr-20090313/bin/../lib/gcc/avr/4.3.2/../../../../avr/lib/avr5/crtm328p.o
__vector_2                                        ./include/WInterrupts.o
                                                  c:/program files/winavr-20090313/bin/../lib/gcc/avr/4.3.2/../../../../avr/lib/avr5/crtm328p.o
__vector_20                                       c:/program files/winavr-20090313/bin/../lib/gcc/avr/4.3.2/../../../../avr/lib/avr5/crtm328p.o
__vector_21                                       c:/program files/winavr-20090313/bin/../lib/gcc/avr/4.3.2/../../../../avr/lib/avr5/crtm328p.o
__vector_22                                       c:/program files/winavr-20090313/bin/../lib/gcc/avr/4.3.2/../../../../avr/lib/avr5/crtm328p.o
__vector_23                                       c:/program files/winavr-20090313/bin/../lib/gcc/avr/4.3.2/../../../../avr/lib/avr5/crtm328p.o
__vector_24                                       c:/program files/winavr-20090313/bin/../lib/gcc/avr/4.3.2/../../../../avr/lib/avr5/crtm328p.o
__vector_25                                       c:/program files/winavr-20090313/bin/../lib/gcc/avr/4.3.2/../../../../avr/lib/avr5/crtm328p.o
__vector_3                                        c:/program files/winavr-20090313/bin/../lib/gcc/avr/4.3.2/../../../../avr/lib/avr5/crtm328p.o
__vector_4                                        c:/program files/winavr-20090313/bin/../lib/gcc/avr/4.3.2/../../../../avr/lib/avr5/crtm328p.o
__vector_5                                        c:/program files/winavr-20090313/bin/../lib/gcc/avr/4.3.2/../../../../avr/lib/avr5/crtm328p.o
__vector_6                                        c:/program files/winavr-20090313/bin/../lib/gcc/avr/4.3.2/../../../../avr/lib/avr5/crtm328p.o
__vector_7                                        ./include/Tone.o
                                                  c:/program files/winavr-20090313/bin/../lib/gcc/avr/4.3.2/../../../../avr/lib/avr5/crtm328p.o
__vector_8                                        c:/program files/winavr-20090313/bin/../lib/gcc/avr/4.3.2/../../../../avr/lib/avr5/crtm328p.o
__vector_9                                        c:/program files/winavr-20090313/bin/../lib/gcc/avr/4.3.2/../../../../avr/lib/avr5/crtm328p.o
__vector_default                                  c:/program files/winavr-20090313/bin/../lib/gcc/avr/4.3.2/../../../../avr/lib/avr5/crtm328p.o
__vectors                                         c:/program files/winavr-20090313/bin/../lib/gcc/avr/4.3.2/../../../../avr/lib/avr5/crtm328p.o
_div                                              c:/program files/winavr-20090313/bin/../lib/gcc/avr/4.3.2/avr5\libgcc.a(_divmodhi4.o)
_exit                                             c:/program files/winavr-20090313/bin/../lib/gcc/avr/4.3.2/avr5\libgcc.a(_exit.o)
analogRead                                        ./include/wiring_analog.o
analogReference                                   ./include/wiring_analog.o
analogWrite                                       ./include/wiring_analog.o
                                                  ./main.o
analog_reference                                  ./include/wiring_analog.o
attachInterrupt                                   ./include/WInterrupts.o
delay                                             ./include/wiring.o
delayMicroseconds                                 ./include/wiring.o
detachInterrupt                                   ./include/WInterrupts.o
digitalRead                                       ./include/wiring_digital.o
                                                  ./include/wiring_shift.o
digitalWrite                                      ./include/wiring_digital.o
                                                  ./include/wiring_shift.o
                                                  ./include/wiring_analog.o
                                                  ./include/Tone.o
                                                  ./main.o
digital_pin_to_bit_mask_PGM                       ./include/pins_arduino.o
                                                  ./include/wiring_pulse.o
                                                  ./include/wiring_digital.o
                                                  ./include/Tone.o
digital_pin_to_port_PGM                           ./include/pins_arduino.o
                                                  ./include/wiring_pulse.o
                                                  ./include/wiring_digital.o
                                                  ./include/Tone.o
digital_pin_to_timer_PGM                          ./include/pins_arduino.o
                                                  ./include/wiring_digital.o
                                                  ./include/wiring_analog.o
disableTimer(unsigned char)                       ./include/Tone.o
exit                                              c:/program files/winavr-20090313/bin/../lib/gcc/avr/4.3.2/avr5\libgcc.a(_exit.o)
                                                  c:/program files/winavr-20090313/bin/../lib/gcc/avr/4.3.2/../../../../avr/lib/avr5/crtm328p.o
free                                              c:/program files/winavr-20090313/bin/../lib/gcc/avr/4.3.2/../../../../avr/lib/avr5\libc.a(malloc.o)
                                                  ./include/WString.o
init                                              ./include/wiring.o
                                                  ./main.o
isspace                                           c:/program files/winavr-20090313/bin/../lib/gcc/avr/4.3.2/../../../../avr/lib/avr5\libc.a(isspace.o)
                                                  ./include/WString.o
itoa                                              c:/program files/winavr-20090313/bin/../lib/gcc/avr/4.3.2/../../../../avr/lib/avr5\libc.a(itoa.o)
                                                  ./include/WString.o
ltoa                                              c:/program files/winavr-20090313/bin/../lib/gcc/avr/4.3.2/../../../../avr/lib/avr5\libc.a(ltoa.o)
                                                  ./include/WString.o
main                                              ./main.o
                                                  c:/program files/winavr-20090313/bin/../lib/gcc/avr/4.3.2/../../../../avr/lib/avr5/crtm328p.o
makeWord(unsigned char, unsigned char)            ./include/WMath.o
makeWord(unsigned int)                            ./include/WMath.o
malloc                                            c:/program files/winavr-20090313/bin/../lib/gcc/avr/4.3.2/../../../../avr/lib/avr5\libc.a(malloc.o)
                                                  ./include/WString.o
map(long, long, long, long, long)                 ./include/WMath.o
micros                                            ./include/wiring.o
millis                                            ./include/wiring.o
noTone(unsigned char)                             ./include/Tone.o
pinMode                                           ./include/wiring_digital.o
                                                  ./include/wiring_analog.o
                                                  ./include/Tone.o
                                                  ./main.o
port_to_input_PGM                                 ./include/pins_arduino.o
                                                  ./include/wiring_pulse.o
                                                  ./include/wiring_digital.o
port_to_mode_PGM                                  ./include/pins_arduino.o
                                                  ./include/wiring_digital.o
port_to_output_PGM                                ./include/pins_arduino.o
                                                  ./include/wiring_digital.o
                                                  ./include/Tone.o
pulseIn                                           ./include/wiring_pulse.o
random                                            c:/program files/winavr-20090313/bin/../lib/gcc/avr/4.3.2/../../../../avr/lib/avr5\libc.a(random.o)
                                                  ./include/WMath.o
random(long)                                      ./include/WMath.o
random(long, long)                                ./include/WMath.o
randomSeed(unsigned int)                          ./include/WMath.o
random_r                                          c:/program files/winavr-20090313/bin/../lib/gcc/avr/4.3.2/../../../../avr/lib/avr5\libc.a(random.o)
rx_buffer                                         ./include/HardwareSerial.o
shiftIn                                           ./include/wiring_shift.o
shiftOut                                          ./include/wiring_shift.o
srandom                                           c:/program files/winavr-20090313/bin/../lib/gcc/avr/4.3.2/../../../../avr/lib/avr5\libc.a(random.o)
                                                  ./include/WMath.o
strcat                                            c:/program files/winavr-20090313/bin/../lib/gcc/avr/4.3.2/../../../../avr/lib/avr5\libc.a(strcat.o)
                                                  ./include/WString.o
strchr                                            c:/program files/winavr-20090313/bin/../lib/gcc/avr/4.3.2/../../../../avr/lib/avr5\libc.a(strchr.o)
                                                  ./include/WString.o
strcmp                                            c:/program files/winavr-20090313/bin/../lib/gcc/avr/4.3.2/../../../../avr/lib/avr5\libc.a(strcmp.o)
                                                  ./include/WString.o
strcpy                                            c:/program files/winavr-20090313/bin/../lib/gcc/avr/4.3.2/../../../../avr/lib/avr5\libc.a(strcpy.o)
                                                  ./include/WString.o
strncmp                                           c:/program files/winavr-20090313/bin/../lib/gcc/avr/4.3.2/../../../../avr/lib/avr5\libc.a(strncmp.o)
                                                  ./include/WString.o
strncpy                                           c:/program files/winavr-20090313/bin/../lib/gcc/avr/4.3.2/../../../../avr/lib/avr5\libc.a(strncpy.o)
                                                  ./include/WString.o
strrchr                                           c:/program files/winavr-20090313/bin/../lib/gcc/avr/4.3.2/../../../../avr/lib/avr5\libc.a(strrchr.o)
                                                  ./include/WString.o
strrev                                            c:/program files/winavr-20090313/bin/../lib/gcc/avr/4.3.2/../../../../avr/lib/avr5\libc.a(strrev.o)
                                                  c:/program files/winavr-20090313/bin/../lib/gcc/avr/4.3.2/../../../../avr/lib/avr5\libc.a(ultoa.o)
                                                  c:/program files/winavr-20090313/bin/../lib/gcc/avr/4.3.2/../../../../avr/lib/avr5\libc.a(ltoa.o)
                                                  c:/program files/winavr-20090313/bin/../lib/gcc/avr/4.3.2/../../../../avr/lib/avr5\libc.a(itoa.o)
strstr                                            c:/program files/winavr-20090313/bin/../lib/gcc/avr/4.3.2/../../../../avr/lib/avr5\libc.a(strstr.o)
                                                  ./include/WString.o
timer0_millis                                     ./include/wiring.o
timer0_overflow_count                             ./include/wiring.o
timer0_pin_mask                                   ./include/Tone.o
timer0_pin_port                                   ./include/Tone.o
timer0_toggle_count                               ./include/Tone.o
timer1_pin_mask                                   ./include/Tone.o
timer1_pin_port                                   ./include/Tone.o
timer1_toggle_count                               ./include/Tone.o
timer2_pin_mask                                   ./include/Tone.o
timer2_pin_port                                   ./include/Tone.o
timer2_toggle_count                               ./include/Tone.o
tolower                                           c:/program files/winavr-20090313/bin/../lib/gcc/avr/4.3.2/../../../../avr/lib/avr5\libc.a(tolower.o)
                                                  ./include/WString.o
tone(unsigned char, unsigned int, unsigned long)  ./include/Tone.o
toupper                                           c:/program files/winavr-20090313/bin/../lib/gcc/avr/4.3.2/../../../../avr/lib/avr5\libc.a(toupper.o)
                                                  ./include/WString.o
ultoa                                             c:/program files/winavr-20090313/bin/../lib/gcc/avr/4.3.2/../../../../avr/lib/avr5\libc.a(ultoa.o)
                                                  ./include/WString.o
vtable for HardwareSerial                         ./include/HardwareSerial.o
vtable for Print                                  ./include/Print.o
vtable for Stream                                 ./include/HardwareSerial.o
